[INFO] Scanning for projects...
[INFO] 
[INFO] -----------------< edu.dosw.project:SFC_TechUp_Futbol >-----------------
[INFO] Building SFC_TechUp_Futbol 0.0.1-SNAPSHOT
[INFO]   from pom.xml
[INFO] --------------------------------[ jar ]---------------------------------
[INFO] 
[INFO] --- clean:3.5.0:clean (default-clean) @ SFC_TechUp_Futbol ---
[INFO] Deleting c:\OLA PROYECTO ENTERO\SFC_techcup-futbol\target
[INFO] 
[INFO] --- jacoco:0.8.12:prepare-agent (default) @ SFC_TechUp_Futbol ---
[INFO] argLine set to "-javaagent:C:\\Users\\ADMIN\\.m2\\repository\\org\\jacoco\\org.jacoco.agent\\0.8.12\\org.jacoco.agent-0.8.12-runtime.jar=destfile=c:\\OLA PROYECTO ENTERO\\SFC_techcup-futbol\\target\\jacoco.exec,excludes=edu/dosw/project/SFC_TechUp_Futbol/persistence/**:edu/dosw/project/SFC_TechUp_Futbol/config/SecurityConfig.class:edu/dosw/project/SFC_TechUp_Futbol/config/HttpsRedirectConfig.class:edu/dosw/project/SFC_TechUp_Futbol/config/HttpsRedirectConfig$*.class:edu/dosw/project/SFC_TechUp_Futbol/SFCTechCupFutbolApiApplication.class:edu/dosw/project/SFC_TechUp_Futbol/controller/OAuth2Controller.class:edu/dosw/project/SFC_TechUp_Futbol/controller/TorneoController$TorneoRequest.class"
[INFO] 
[INFO] --- resources:3.3.1:resources (default-resources) @ SFC_TechUp_Futbol ---
[INFO] Copying 1 resource from src\main\resources to target\classes
[INFO] Copying 1 resource from src\main\resources to target\classes
[INFO] 
[INFO] --- compiler:3.14.1:compile (default-compile) @ SFC_TechUp_Futbol ---
[INFO] Recompiling the module because of changed source code.
[INFO] Compiling 157 source files with javac [debug parameters release 21] to target\classes
[INFO] 
[INFO] --- resources:3.3.1:testResources (default-testResources) @ SFC_TechUp_Futbol ---
[INFO] Copying 1 resource from src\test\resources to target\test-classes
[INFO] 
[INFO] --- compiler:3.14.1:testCompile (default-testCompile) @ SFC_TechUp_Futbol ---
[INFO] Recompiling the module because of changed dependency.
[INFO] Compiling 58 source files with javac [debug parameters release 21] to target\test-classes
[INFO] /c:/OLA PROYECTO ENTERO/SFC_techcup-futbol/src/test/java/edu/dosw/project/SFC_TechUp_Futbol/core/util/OAuth2AuthTest.java: c:\OLA PROYECTO ENTERO\SFC_techcup-futbol\src\test\java\edu\dosw\project\SFC_TechUp_Futbol\core\util\OAuth2AuthTest.java uses or overrides a deprecated API.
[INFO] /c:/OLA PROYECTO ENTERO/SFC_techcup-futbol/src/test/java/edu/dosw/project/SFC_TechUp_Futbol/core/util/OAuth2AuthTest.java: Recompile with -Xlint:deprecation for details.
[INFO] 
[INFO] --- surefire:3.5.4:test (default-test) @ SFC_TechUp_Futbol ---
[INFO] Using auto detected provider org.apache.maven.surefire.junitplatform.JUnitPlatformProvider
[INFO] 
[INFO] -------------------------------------------------------
[INFO]  T E S T S
[INFO] -------------------------------------------------------
[INFO] Running edu.dosw.project.SFC_TechUp_Futbol.config.OAuth2SuccessHandlerTest
Mockito is currently self-attaching to enable the inline-mock-maker. This will no longer work in future releases of the JDK. Please add Mockito as an agent to your build as described in Mockito's documentation: https://javadoc.io/doc/org.mockito/mockito-core/latest/org.mockito/org/mockito/Mockito.html#0.3
WARNING: A Java agent has been loaded dynamically (C:\Users\ADMIN\.m2\repository\net\bytebuddy\byte-buddy-agent\1.17.8\byte-buddy-agent-1.17.8.jar)
WARNING: If a serviceability tool is in use, please run with -XX:+EnableDynamicAgentLoading to hide this warning
WARNING: If a serviceability tool is not in use, please run with -Djdk.instrument.traceUsage for more information
WARNING: Dynamic loading of agents will be disallowed by default in a future release
Java HotSpot(TM) 64-Bit Server VM warning: Sharing is only supported for boot loader classes because bootstrap classpath has been appended
[INFO] Tests run: 1, Failures: 0, Errors: 0, Skipped: 0, Time elapsed: 2.272 s -- in edu.dosw.project.SFC_TechUp_Futbol.config.OAuth2SuccessHandlerTest
[INFO] Running edu.dosw.project.SFC_TechUp_Futbol.config.SwaggerConfigTest
[INFO] Tests run: 3, Failures: 0, Errors: 0, Skipped: 0, Time elapsed: 0.044 s -- in edu.dosw.project.SFC_TechUp_Futbol.config.SwaggerConfigTest
[INFO] Running edu.dosw.project.SFC_TechUp_Futbol.controller.AdministradorControllerTest
21:36:44.287 [main] INFO org.hibernate.validator.internal.util.Version -- HV000001: Hibernate Validator 9.0.1.Final
21:36:44.838 [main] INFO org.springframework.mock.web.MockServletContext -- Initializing Spring TestDispatcherServlet ''
21:36:44.839 [main] INFO org.springframework.test.web.servlet.TestDispatcherServlet -- Initializing Servlet ''
21:36:44.844 [main] INFO org.springframework.test.web.servlet.TestDispatcherServlet -- Completed initialization in 3 ms
21:36:45.293 [main] INFO org.springframework.mock.web.MockServletContext -- Initializing Spring TestDispatcherServlet ''
21:36:45.293 [main] INFO org.springframework.test.web.servlet.TestDispatcherServlet -- Initializing Servlet ''
21:36:45.293 [main] INFO org.springframework.test.web.servlet.TestDispatcherServlet -- Completed initialization in 0 ms
21:36:45.523 [main] INFO org.springframework.mock.web.MockServletContext -- Initializing Spring TestDispatcherServlet ''
21:36:45.523 [main] INFO org.springframework.test.web.servlet.TestDispatcherServlet -- Initializing Servlet ''
21:36:45.523 [main] INFO org.springframework.test.web.servlet.TestDispatcherServlet -- Completed initialization in 0 ms
[INFO] Tests run: 3, Failures: 0, Errors: 0, Skipped: 0, Time elapsed: 2.594 s -- in edu.dosw.project.SFC_TechUp_Futbol.controller.AdministradorControllerTest
[INFO] Running edu.dosw.project.SFC_TechUp_Futbol.controller.AlineacionControllerTest
21:36:45.824 [main] INFO org.springframework.mock.web.MockServletContext -- Initializing Spring TestDispatcherServlet ''
21:36:45.824 [main] INFO org.springframework.test.web.servlet.TestDispatcherServlet -- Initializing Servlet ''
21:36:45.824 [main] INFO org.springframework.test.web.servlet.TestDispatcherServlet -- Completed initialization in 0 ms
21:36:45.841 [main] INFO org.springframework.mock.web.MockServletContext -- Initializing Spring TestDispatcherServlet ''
21:36:45.841 [main] INFO org.springframework.test.web.servlet.TestDispatcherServlet -- Initializing Servlet ''
21:36:45.842 [main] INFO org.springframework.test.web.servlet.TestDispatcherServlet -- Completed initialization in 1 ms
21:36:45.861 [main] INFO org.springframework.mock.web.MockServletContext -- Initializing Spring TestDispatcherServlet ''
21:36:45.861 [main] INFO org.springframework.test.web.servlet.TestDispatcherServlet -- Initializing Servlet ''
21:36:45.861 [main] INFO org.springframework.test.web.servlet.TestDispatcherServlet -- Completed initialization in 0 ms
21:36:45.875 [main] INFO org.springframework.mock.web.MockServletContext -- Initializing Spring TestDispatcherServlet ''
21:36:45.875 [main] INFO org.springframework.test.web.servlet.TestDispatcherServlet -- Initializing Servlet ''
21:36:45.875 [main] INFO org.springframework.test.web.servlet.TestDispatcherServlet -- Completed initialization in 0 ms
21:36:45.895 [main] INFO org.springframework.mock.web.MockServletContext -- Initializing Spring TestDispatcherServlet ''
21:36:45.895 [main] INFO org.springframework.test.web.servlet.TestDispatcherServlet -- Initializing Servlet ''
21:36:45.896 [main] INFO org.springframework.test.web.servlet.TestDispatcherServlet -- Completed initialization in 1 ms
21:36:45.910 [main] INFO org.springframework.mock.web.MockServletContext -- Initializing Spring TestDispatcherServlet ''
21:36:45.910 [main] INFO org.springframework.test.web.servlet.TestDispatcherServlet -- Initializing Servlet ''
21:36:45.910 [main] INFO org.springframework.test.web.servlet.TestDispatcherServlet -- Completed initialization in 0 ms
21:36:45.938 [main] INFO org.springframework.mock.web.MockServletContext -- Initializing Spring TestDispatcherServlet ''
21:36:45.938 [main] INFO org.springframework.test.web.servlet.TestDispatcherServlet -- Initializing Servlet ''
21:36:45.938 [main] INFO org.springframework.test.web.servlet.TestDispatcherServlet -- Completed initialization in 0 ms
21:36:45.953 [main] INFO org.springframework.mock.web.MockServletContext -- Initializing Spring TestDispatcherServlet ''
21:36:45.953 [main] INFO org.springframework.test.web.servlet.TestDispatcherServlet -- Initializing Servlet ''
21:36:45.954 [main] INFO org.springframework.test.web.servlet.TestDispatcherServlet -- Completed initialization in 1 ms
21:36:45.962 [main] INFO org.springframework.mock.web.MockServletContext -- Initializing Spring TestDispatcherServlet ''
21:36:45.962 [main] INFO org.springframework.test.web.servlet.TestDispatcherServlet -- Initializing Servlet ''
21:36:45.962 [main] INFO org.springframework.test.web.servlet.TestDispatcherServlet -- Completed initialization in 0 ms
[INFO] Tests run: 7, Failures: 0, Errors: 0, Skipped: 0, Time elapsed: 0.317 s -- in edu.dosw.project.SFC_TechUp_Futbol.controller.AlineacionControllerTest
[INFO] Running edu.dosw.project.SFC_TechUp_Futbol.controller.AuditoriaControllerTest
21:36:45.989 [main] INFO org.springframework.mock.web.MockServletContext -- Initializing Spring TestDispatcherServlet ''
21:36:45.989 [main] INFO org.springframework.test.web.servlet.TestDispatcherServlet -- Initializing Servlet ''
21:36:45.989 [main] INFO org.springframework.test.web.servlet.TestDispatcherServlet -- Completed initialization in 0 ms
21:36:46.125 [main] INFO org.springframework.mock.web.MockServletContext -- Initializing Spring TestDispatcherServlet ''
21:36:46.125 [main] INFO org.springframework.test.web.servlet.TestDispatcherServlet -- Initializing Servlet ''
21:36:46.125 [main] INFO org.springframework.test.web.servlet.TestDispatcherServlet -- Completed initialization in 0 ms
21:36:46.255 [main] INFO org.springframework.mock.web.MockServletContext -- Initializing Spring TestDispatcherServlet ''
21:36:46.255 [main] INFO org.springframework.test.web.servlet.TestDispatcherServlet -- Initializing Servlet ''
21:36:46.255 [main] INFO org.springframework.test.web.servlet.TestDispatcherServlet -- Completed initialization in 0 ms
[INFO] Tests run: 3, Failures: 0, Errors: 0, Skipped: 0, Time elapsed: 0.407 s -- in edu.dosw.project.SFC_TechUp_Futbol.controller.AuditoriaControllerTest
[INFO] Running edu.dosw.project.SFC_TechUp_Futbol.controller.ControllerTest
21:36:46.474 [main] INFO org.springframework.mock.web.MockServletContext -- Initializing Spring TestDispatcherServlet ''
21:36:46.474 [main] INFO org.springframework.test.web.servlet.TestDispatcherServlet -- Initializing Servlet ''
21:36:46.474 [main] INFO org.springframework.test.web.servlet.TestDispatcherServlet -- Completed initialization in 0 ms
21:36:46.531 [main] INFO org.springframework.mock.web.MockServletContext -- Initializing Spring TestDispatcherServlet ''
21:36:46.532 [main] INFO org.springframework.test.web.servlet.TestDispatcherServlet -- Initializing Servlet ''
21:36:46.532 [main] INFO org.springframework.test.web.servlet.TestDispatcherServlet -- Completed initialization in 0 ms
21:36:46.538 [main] INFO org.springframework.mock.web.MockServletContext -- Initializing Spring TestDispatcherServlet ''
21:36:46.539 [main] INFO org.springframework.test.web.servlet.TestDispatcherServlet -- Initializing Servlet ''
21:36:46.539 [main] INFO org.springframework.test.web.servlet.TestDispatcherServlet -- Completed initialization in 0 ms
21:36:46.550 [main] INFO org.springframework.mock.web.MockServletContext -- Initializing Spring TestDispatcherServlet ''
21:36:46.550 [main] INFO org.springframework.test.web.servlet.TestDispatcherServlet -- Initializing Servlet ''
21:36:46.550 [main] INFO org.springframework.test.web.servlet.TestDispatcherServlet -- Completed initialization in 0 ms
21:36:46.694 [main] INFO org.springframework.mock.web.MockServletContext -- Initializing Spring TestDispatcherServlet ''
21:36:46.694 [main] INFO org.springframework.test.web.servlet.TestDispatcherServlet -- Initializing Servlet ''
21:36:46.694 [main] INFO org.springframework.test.web.servlet.TestDispatcherServlet -- Completed initialization in 0 ms
abr 07, 2026 9:36:46 P.?M. edu.dosw.project.SFC_TechUp_Futbol.core.service.TorneoService crear
INFO: Torneo creado
21:36:46.771 [main] INFO org.springframework.mock.web.MockServletContext -- Initializing Spring TestDispatcherServlet ''
21:36:46.771 [main] INFO org.springframework.test.web.servlet.TestDispatcherServlet -- Initializing Servlet ''
21:36:46.771 [main] INFO org.springframework.test.web.servlet.TestDispatcherServlet -- Completed initialization in 0 ms
21:36:46.779 [main] INFO org.springframework.mock.web.MockServletContext -- Initializing Spring TestDispatcherServlet ''
21:36:46.779 [main] INFO org.springframework.test.web.servlet.TestDispatcherServlet -- Initializing Servlet ''
21:36:46.779 [main] INFO org.springframework.test.web.servlet.TestDispatcherServlet -- Completed initialization in 0 ms
21:36:46.783 [main] INFO org.springframework.mock.web.MockServletContext -- Initializing Spring TestDispatcherServlet ''
21:36:46.783 [main] INFO org.springframework.test.web.servlet.TestDispatcherServlet -- Initializing Servlet ''
21:36:46.783 [main] INFO org.springframework.test.web.servlet.TestDispatcherServlet -- Completed initialization in 0 ms
21:36:46.788 [main] INFO org.springframework.mock.web.MockServletContext -- Initializing Spring TestDispatcherServlet ''
21:36:46.788 [main] INFO org.springframework.test.web.servlet.TestDispatcherServlet -- Initializing Servlet ''
21:36:46.788 [main] INFO org.springframework.test.web.servlet.TestDispatcherServlet -- Completed initialization in 0 ms
21:36:46.803 [main] INFO org.springframework.mock.web.MockServletContext -- Initializing Spring TestDispatcherServlet ''
21:36:46.803 [main] INFO org.springframework.test.web.servlet.TestDispatcherServlet -- Initializing Servlet ''
21:36:46.803 [main] INFO org.springframework.test.web.servlet.TestDispatcherServlet -- Completed initialization in 0 ms
abr 07, 2026 9:36:46 P.?M. edu.dosw.project.SFC_TechUp_Futbol.core.service.TorneoService crear
INFO: Torneo creado
abr 07, 2026 9:36:46 P.?M. edu.dosw.project.SFC_TechUp_Futbol.core.service.TorneoService iniciar
INFO: Torneo iniciado
abr 07, 2026 9:36:46 P.?M. edu.dosw.project.SFC_TechUp_Futbol.core.service.TorneoService finalizar
INFO: Torneo finalizado
21:36:46.831 [main] INFO org.springframework.mock.web.MockServletContext -- Initializing Spring TestDispatcherServlet ''
21:36:46.831 [main] INFO org.springframework.test.web.servlet.TestDispatcherServlet -- Initializing Servlet ''
21:36:46.832 [main] INFO org.springframework.test.web.servlet.TestDispatcherServlet -- Completed initialization in 1 ms
21:36:46.838 [main] INFO org.springframework.mock.web.MockServletContext -- Initializing Spring TestDispatcherServlet ''
21:36:46.838 [main] INFO org.springframework.test.web.servlet.TestDispatcherServlet -- Initializing Servlet ''
21:36:46.838 [main] INFO org.springframework.test.web.servlet.TestDispatcherServlet -- Completed initialization in 0 ms
21:36:46.842 [main] INFO org.springframework.mock.web.MockServletContext -- Initializing Spring TestDispatcherServlet ''
21:36:46.843 [main] INFO org.springframework.test.web.servlet.TestDispatcherServlet -- Initializing Servlet ''
21:36:46.843 [main] INFO org.springframework.test.web.servlet.TestDispatcherServlet -- Completed initialization in 0 ms
21:36:46.847 [main] INFO org.springframework.mock.web.MockServletContext -- Initializing Spring TestDispatcherServlet ''
21:36:46.847 [main] INFO org.springframework.test.web.servlet.TestDispatcherServlet -- Initializing Servlet ''
21:36:46.847 [main] INFO org.springframework.test.web.servlet.TestDispatcherServlet -- Completed initialization in 0 ms
21:36:46.862 [main] INFO org.springframework.mock.web.MockServletContext -- Initializing Spring TestDispatcherServlet ''
21:36:46.862 [main] INFO org.springframework.test.web.servlet.TestDispatcherServlet -- Initializing Servlet ''
21:36:46.862 [main] INFO org.springframework.test.web.servlet.TestDispatcherServlet -- Completed initialization in 0 ms
abr 07, 2026 9:36:46 P.?M. edu.dosw.project.SFC_TechUp_Futbol.core.service.TorneoService crear
INFO: Torneo creado
21:36:46.884 [main] INFO org.springframework.mock.web.MockServletContext -- Initializing Spring TestDispatcherServlet ''
21:36:46.884 [main] INFO org.springframework.test.web.servlet.TestDispatcherServlet -- Initializing Servlet ''
21:36:46.884 [main] INFO org.springframework.test.web.servlet.TestDispatcherServlet -- Completed initialization in 0 ms
21:36:46.891 [main] INFO org.springframework.mock.web.MockServletContext -- Initializing Spring TestDispatcherServlet ''
21:36:46.891 [main] INFO org.springframework.test.web.servlet.TestDispatcherServlet -- Initializing Servlet ''
21:36:46.892 [main] INFO org.springframework.test.web.servlet.TestDispatcherServlet -- Completed initialization in 0 ms
21:36:46.898 [main] INFO org.springframework.mock.web.MockServletContext -- Initializing Spring TestDispatcherServlet ''
21:36:46.898 [main] INFO org.springframework.test.web.servlet.TestDispatcherServlet -- Initializing Servlet ''
21:36:46.899 [main] INFO org.springframework.test.web.servlet.TestDispatcherServlet -- Completed initialization in 1 ms
21:36:46.905 [main] INFO org.springframework.mock.web.MockServletContext -- Initializing Spring TestDispatcherServlet ''
21:36:46.905 [main] INFO org.springframework.test.web.servlet.TestDispatcherServlet -- Initializing Servlet ''
21:36:46.905 [main] INFO org.springframework.test.web.servlet.TestDispatcherServlet -- Completed initialization in 0 ms
21:36:46.917 [main] INFO org.springframework.mock.web.MockServletContext -- Initializing Spring TestDispatcherServlet ''
21:36:46.917 [main] INFO org.springframework.test.web.servlet.TestDispatcherServlet -- Initializing Servlet ''
21:36:46.918 [main] INFO org.springframework.test.web.servlet.TestDispatcherServlet -- Completed initialization in 0 ms
abr 07, 2026 9:36:46 P.?M. edu.dosw.project.SFC_TechUp_Futbol.core.service.TorneoService crear
INFO: Torneo creado
21:36:46.944 [main] INFO org.springframework.mock.web.MockServletContext -- Initializing Spring TestDispatcherServlet ''
21:36:46.944 [main] INFO org.springframework.test.web.servlet.TestDispatcherServlet -- Initializing Servlet ''
21:36:46.944 [main] INFO org.springframework.test.web.servlet.TestDispatcherServlet -- Completed initialization in 0 ms
21:36:46.950 [main] INFO org.springframework.mock.web.MockServletContext -- Initializing Spring TestDispatcherServlet ''
21:36:46.951 [main] INFO org.springframework.test.web.servlet.TestDispatcherServlet -- Initializing Servlet ''
21:36:46.951 [main] INFO org.springframework.test.web.servlet.TestDispatcherServlet -- Completed initialization in 0 ms
21:36:46.956 [main] INFO org.springframework.mock.web.MockServletContext -- Initializing Spring TestDispatcherServlet ''
21:36:46.956 [main] INFO org.springframework.test.web.servlet.TestDispatcherServlet -- Initializing Servlet ''
21:36:46.956 [main] INFO org.springframework.test.web.servlet.TestDispatcherServlet -- Completed initialization in 0 ms
21:36:46.961 [main] INFO org.springframework.mock.web.MockServletContext -- Initializing Spring TestDispatcherServlet ''
21:36:46.961 [main] INFO org.springframework.test.web.servlet.TestDispatcherServlet -- Initializing Servlet ''
21:36:46.961 [main] INFO org.springframework.test.web.servlet.TestDispatcherServlet -- Completed initialization in 0 ms
21:36:46.971 [main] INFO org.springframework.mock.web.MockServletContext -- Initializing Spring TestDispatcherServlet ''
21:36:46.971 [main] INFO org.springframework.test.web.servlet.TestDispatcherServlet -- Initializing Servlet ''
21:36:46.971 [main] INFO org.springframework.test.web.servlet.TestDispatcherServlet -- Completed initialization in 0 ms
abr 07, 2026 9:36:46 P.?M. edu.dosw.project.SFC_TechUp_Futbol.core.service.EquipoService crear
INFO: Equipo creado con id: d7600251-0b77-49c1-b1c7-21264ed237f3
21:36:46.985 [main] INFO org.springframework.mock.web.MockServletContext -- Initializing Spring TestDispatcherServlet ''
21:36:46.985 [main] INFO org.springframework.test.web.servlet.TestDispatcherServlet -- Initializing Servlet ''
21:36:46.985 [main] INFO org.springframework.test.web.servlet.TestDispatcherServlet -- Completed initialization in 0 ms
21:36:46.991 [main] INFO org.springframework.mock.web.MockServletContext -- Initializing Spring TestDispatcherServlet ''
21:36:46.991 [main] INFO org.springframework.test.web.servlet.TestDispatcherServlet -- Initializing Servlet ''
21:36:46.991 [main] INFO org.springframework.test.web.servlet.TestDispatcherServlet -- Completed initialization in 0 ms
21:36:46.995 [main] INFO org.springframework.mock.web.MockServletContext -- Initializing Spring TestDispatcherServlet ''
21:36:46.996 [main] INFO org.springframework.test.web.servlet.TestDispatcherServlet -- Initializing Servlet ''
21:36:46.996 [main] INFO org.springframework.test.web.servlet.TestDispatcherServlet -- Completed initialization in 0 ms
21:36:47.001 [main] INFO org.springframework.mock.web.MockServletContext -- Initializing Spring TestDispatcherServlet ''
21:36:47.002 [main] INFO org.springframework.test.web.servlet.TestDispatcherServlet -- Initializing Servlet ''
21:36:47.002 [main] INFO org.springframework.test.web.servlet.TestDispatcherServlet -- Completed initialization in 0 ms
21:36:47.011 [main] INFO org.springframework.mock.web.MockServletContext -- Initializing Spring TestDispatcherServlet ''
21:36:47.011 [main] INFO org.springframework.test.web.servlet.TestDispatcherServlet -- Initializing Servlet ''
21:36:47.011 [main] INFO org.springframework.test.web.servlet.TestDispatcherServlet -- Completed initialization in 0 ms
21:36:47.020 [main] INFO org.springframework.mock.web.MockServletContext -- Initializing Spring TestDispatcherServlet ''
21:36:47.020 [main] INFO org.springframework.test.web.servlet.TestDispatcherServlet -- Initializing Servlet ''
21:36:47.020 [main] INFO org.springframework.test.web.servlet.TestDispatcherServlet -- Completed initialization in 0 ms
21:36:47.025 [main] INFO org.springframework.mock.web.MockServletContext -- Initializing Spring TestDispatcherServlet ''
21:36:47.025 [main] INFO org.springframework.test.web.servlet.TestDispatcherServlet -- Initializing Servlet ''
21:36:47.025 [main] INFO org.springframework.test.web.servlet.TestDispatcherServlet -- Completed initialization in 0 ms
21:36:47.029 [main] INFO org.springframework.mock.web.MockServletContext -- Initializing Spring TestDispatcherServlet ''
21:36:47.029 [main] INFO org.springframework.test.web.servlet.TestDispatcherServlet -- Initializing Servlet ''
21:36:47.029 [main] INFO org.springframework.test.web.servlet.TestDispatcherServlet -- Completed initialization in 0 ms
21:36:47.033 [main] INFO org.springframework.mock.web.MockServletContext -- Initializing Spring TestDispatcherServlet ''
21:36:47.034 [main] INFO org.springframework.test.web.servlet.TestDispatcherServlet -- Initializing Servlet ''
21:36:47.034 [main] INFO org.springframework.test.web.servlet.TestDispatcherServlet -- Completed initialization in 0 ms
21:36:47.043 [main] INFO org.springframework.mock.web.MockServletContext -- Initializing Spring TestDispatcherServlet ''
21:36:47.043 [main] INFO org.springframework.test.web.servlet.TestDispatcherServlet -- Initializing Servlet ''
21:36:47.044 [main] INFO org.springframework.test.web.servlet.TestDispatcherServlet -- Completed initialization in 1 ms
abr 07, 2026 9:36:47 P.?M. edu.dosw.project.SFC_TechUp_Futbol.core.service.TorneoService crear
INFO: Torneo creado
21:36:47.067 [main] INFO org.springframework.mock.web.MockServletContext -- Initializing Spring TestDispatcherServlet ''
21:36:47.067 [main] INFO org.springframework.test.web.servlet.TestDispatcherServlet -- Initializing Servlet ''
21:36:47.067 [main] INFO org.springframework.test.web.servlet.TestDispatcherServlet -- Completed initialization in 0 ms
21:36:47.073 [main] INFO org.springframework.mock.web.MockServletContext -- Initializing Spring TestDispatcherServlet ''
21:36:47.073 [main] INFO org.springframework.test.web.servlet.TestDispatcherServlet -- Initializing Servlet ''
21:36:47.073 [main] INFO org.springframework.test.web.servlet.TestDispatcherServlet -- Completed initialization in 0 ms
21:36:47.078 [main] INFO org.springframework.mock.web.MockServletContext -- Initializing Spring TestDispatcherServlet ''
21:36:47.078 [main] INFO org.springframework.test.web.servlet.TestDispatcherServlet -- Initializing Servlet ''
21:36:47.078 [main] INFO org.springframework.test.web.servlet.TestDispatcherServlet -- Completed initialization in 0 ms
21:36:47.082 [main] INFO org.springframework.mock.web.MockServletContext -- Initializing Spring TestDispatcherServlet ''
21:36:47.082 [main] INFO org.springframework.test.web.servlet.TestDispatcherServlet -- Initializing Servlet ''
21:36:47.083 [main] INFO org.springframework.test.web.servlet.TestDispatcherServlet -- Completed initialization in 1 ms
21:36:47.091 [main] INFO org.springframework.mock.web.MockServletContext -- Initializing Spring TestDispatcherServlet ''
21:36:47.091 [main] INFO org.springframework.test.web.servlet.TestDispatcherServlet -- Initializing Servlet ''
21:36:47.091 [main] INFO org.springframework.test.web.servlet.TestDispatcherServlet -- Completed initialization in 0 ms
abr 07, 2026 9:36:47 P.?M. edu.dosw.project.SFC_TechUp_Futbol.core.service.TorneoService crear
INFO: Torneo creado
abr 07, 2026 9:36:47 P.?M. edu.dosw.project.SFC_TechUp_Futbol.core.service.EquipoService crear
INFO: Equipo creado con id: 707ce2fe-4d38-4fae-aa72-65b64763de43
abr 07, 2026 9:36:47 P.?M. edu.dosw.project.SFC_TechUp_Futbol.core.service.EquipoService crear
INFO: Equipo creado con id: 5ba3ab4d-6ddb-4fc8-b81a-f3448e71a022
abr 07, 2026 9:36:47 P.?M. edu.dosw.project.SFC_TechUp_Futbol.core.service.PartidoServiceImpl crearPartido
INFO: Partido creado exitosamente
abr 07, 2026 9:36:47 P.?M. edu.dosw.project.SFC_TechUp_Futbol.core.service.PartidoServiceImpl iniciarPartido
INFO: Partido iniciado
abr 07, 2026 9:36:47 P.?M. edu.dosw.project.SFC_TechUp_Futbol.core.service.PartidoServiceImpl registrarResultado
INFO: Resultado registrado
abr 07, 2026 9:36:47 P.?M. edu.dosw.project.SFC_TechUp_Futbol.core.service.PartidoServiceImpl finalizarPartido
INFO: Partido finalizado
21:36:47.146 [main] INFO org.springframework.mock.web.MockServletContext -- Initializing Spring TestDispatcherServlet ''
21:36:47.146 [main] INFO org.springframework.test.web.servlet.TestDispatcherServlet -- Initializing Servlet ''
21:36:47.146 [main] INFO org.springframework.test.web.servlet.TestDispatcherServlet -- Completed initialization in 0 ms
21:36:47.151 [main] INFO org.springframework.mock.web.MockServletContext -- Initializing Spring TestDispatcherServlet ''
21:36:47.151 [main] INFO org.springframework.test.web.servlet.TestDispatcherServlet -- Initializing Servlet ''
21:36:47.151 [main] INFO org.springframework.test.web.servlet.TestDispatcherServlet -- Completed initialization in 0 ms
21:36:47.156 [main] INFO org.springframework.mock.web.MockServletContext -- Initializing Spring TestDispatcherServlet ''
21:36:47.156 [main] INFO org.springframework.test.web.servlet.TestDispatcherServlet -- Initializing Servlet ''
21:36:47.156 [main] INFO org.springframework.test.web.servlet.TestDispatcherServlet -- Completed initialization in 0 ms
21:36:47.160 [main] INFO org.springframework.mock.web.MockServletContext -- Initializing Spring TestDispatcherServlet ''
21:36:47.160 [main] INFO org.springframework.test.web.servlet.TestDispatcherServlet -- Initializing Servlet ''
21:36:47.160 [main] INFO org.springframework.test.web.servlet.TestDispatcherServlet -- Completed initialization in 0 ms
21:36:47.168 [main] INFO org.springframework.mock.web.MockServletContext -- Initializing Spring TestDispatcherServlet ''
21:36:47.169 [main] INFO org.springframework.test.web.servlet.TestDispatcherServlet -- Initializing Servlet ''
21:36:47.169 [main] INFO org.springframework.test.web.servlet.TestDispatcherServlet -- Completed initialization in 0 ms
abr 07, 2026 9:36:47 P.?M. edu.dosw.project.SFC_TechUp_Futbol.core.service.EquipoService crear
INFO: Equipo creado con id: 67f63c06-5e0e-4078-a7f4-861468c8a3d0
21:36:47.177 [main] INFO org.springframework.mock.web.MockServletContext -- Initializing Spring TestDispatcherServlet ''
21:36:47.177 [main] INFO org.springframework.test.web.servlet.TestDispatcherServlet -- Initializing Servlet ''
21:36:47.177 [main] INFO org.springframework.test.web.servlet.TestDispatcherServlet -- Completed initialization in 0 ms
21:36:47.181 [main] INFO org.springframework.mock.web.MockServletContext -- Initializing Spring TestDispatcherServlet ''
21:36:47.181 [main] INFO org.springframework.test.web.servlet.TestDispatcherServlet -- Initializing Servlet ''
21:36:47.181 [main] INFO org.springframework.test.web.servlet.TestDispatcherServlet -- Completed initialization in 0 ms
21:36:47.187 [main] INFO org.springframework.mock.web.MockServletContext -- Initializing Spring TestDispatcherServlet ''
21:36:47.187 [main] INFO org.springframework.test.web.servlet.TestDispatcherServlet -- Initializing Servlet ''
21:36:47.187 [main] INFO org.springframework.test.web.servlet.TestDispatcherServlet -- Completed initialization in 0 ms
21:36:47.191 [main] INFO org.springframework.mock.web.MockServletContext -- Initializing Spring TestDispatcherServlet ''
21:36:47.191 [main] INFO org.springframework.test.web.servlet.TestDispatcherServlet -- Initializing Servlet ''
21:36:47.192 [main] INFO org.springframework.test.web.servlet.TestDispatcherServlet -- Completed initialization in 1 ms
21:36:47.200 [main] INFO org.springframework.mock.web.MockServletContext -- Initializing Spring TestDispatcherServlet ''
21:36:47.200 [main] INFO org.springframework.test.web.servlet.TestDispatcherServlet -- Initializing Servlet ''
21:36:47.200 [main] INFO org.springframework.test.web.servlet.TestDispatcherServlet -- Completed initialization in 0 ms
21:36:47.210 [main] INFO org.springframework.mock.web.MockServletContext -- Initializing Spring TestDispatcherServlet ''
21:36:47.210 [main] INFO org.springframework.test.web.servlet.TestDispatcherServlet -- Initializing Servlet ''
21:36:47.210 [main] INFO org.springframework.test.web.servlet.TestDispatcherServlet -- Completed initialization in 0 ms
21:36:47.215 [main] INFO org.springframework.mock.web.MockServletContext -- Initializing Spring TestDispatcherServlet ''
21:36:47.215 [main] INFO org.springframework.test.web.servlet.TestDispatcherServlet -- Initializing Servlet ''
21:36:47.215 [main] INFO org.springframework.test.web.servlet.TestDispatcherServlet -- Completed initialization in 0 ms
21:36:47.219 [main] INFO org.springframework.mock.web.MockServletContext -- Initializing Spring TestDispatcherServlet ''
21:36:47.219 [main] INFO org.springframework.test.web.servlet.TestDispatcherServlet -- Initializing Servlet ''
21:36:47.219 [main] INFO org.springframework.test.web.servlet.TestDispatcherServlet -- Completed initialization in 0 ms
21:36:47.222 [main] INFO org.springframework.mock.web.MockServletContext -- Initializing Spring TestDispatcherServlet ''
21:36:47.222 [main] INFO org.springframework.test.web.servlet.TestDispatcherServlet -- Initializing Servlet ''
21:36:47.223 [main] INFO org.springframework.test.web.servlet.TestDispatcherServlet -- Completed initialization in 1 ms
21:36:47.230 [main] INFO org.springframework.mock.web.MockServletContext -- Initializing Spring TestDispatcherServlet ''
21:36:47.230 [main] INFO org.springframework.test.web.servlet.TestDispatcherServlet -- Initializing Servlet ''
21:36:47.230 [main] INFO org.springframework.test.web.servlet.TestDispatcherServlet -- Completed initialization in 0 ms
21:36:47.239 [main] INFO org.springframework.mock.web.MockServletContext -- Initializing Spring TestDispatcherServlet ''
21:36:47.239 [main] INFO org.springframework.test.web.servlet.TestDispatcherServlet -- Initializing Servlet ''
21:36:47.239 [main] INFO org.springframework.test.web.servlet.TestDispatcherServlet -- Completed initialization in 0 ms
21:36:47.242 [main] INFO org.springframework.mock.web.MockServletContext -- Initializing Spring TestDispatcherServlet ''
21:36:47.243 [main] INFO org.springframework.test.web.servlet.TestDispatcherServlet -- Initializing Servlet ''
21:36:47.243 [main] INFO org.springframework.test.web.servlet.TestDispatcherServlet -- Completed initialization in 0 ms
21:36:47.247 [main] INFO org.springframework.mock.web.MockServletContext -- Initializing Spring TestDispatcherServlet ''
21:36:47.247 [main] INFO org.springframework.test.web.servlet.TestDispatcherServlet -- Initializing Servlet ''
21:36:47.247 [main] INFO org.springframework.test.web.servlet.TestDispatcherServlet -- Completed initialization in 0 ms
21:36:47.252 [main] INFO org.springframework.mock.web.MockServletContext -- Initializing Spring TestDispatcherServlet ''
21:36:47.252 [main] INFO org.springframework.test.web.servlet.TestDispatcherServlet -- Initializing Servlet ''
21:36:47.252 [main] INFO org.springframework.test.web.servlet.TestDispatcherServlet -- Completed initialization in 0 ms
21:36:47.259 [main] INFO org.springframework.mock.web.MockServletContext -- Initializing Spring TestDispatcherServlet ''
21:36:47.259 [main] INFO org.springframework.test.web.servlet.TestDispatcherServlet -- Initializing Servlet ''
21:36:47.259 [main] INFO org.springframework.test.web.servlet.TestDispatcherServlet -- Completed initialization in 0 ms
abr 07, 2026 9:36:47 P.?M. edu.dosw.project.SFC_TechUp_Futbol.core.service.AccesoServiceImpl registrar
INFO: Usuario registrado exitosamente
abr 07, 2026 9:36:47 P.?M. edu.dosw.project.SFC_TechUp_Futbol.core.service.AccesoServiceImpl login
INFO: Login jugador exitoso
21:36:47.411 [main] INFO org.springframework.mock.web.MockServletContext -- Initializing Spring TestDispatcherServlet ''
21:36:47.411 [main] INFO org.springframework.test.web.servlet.TestDispatcherServlet -- Initializing Servlet ''
21:36:47.411 [main] INFO org.springframework.test.web.servlet.TestDispatcherServlet -- Completed initialization in 0 ms
21:36:47.415 [main] INFO org.springframework.mock.web.MockServletContext -- Initializing Spring TestDispatcherServlet ''
21:36:47.416 [main] INFO org.springframework.test.web.servlet.TestDispatcherServlet -- Initializing Servlet ''
21:36:47.416 [main] INFO org.springframework.test.web.servlet.TestDispatcherServlet -- Completed initialization in 0 ms
21:36:47.419 [main] INFO org.springframework.mock.web.MockServletContext -- Initializing Spring TestDispatcherServlet ''
21:36:47.419 [main] INFO org.springframework.test.web.servlet.TestDispatcherServlet -- Initializing Servlet ''
21:36:47.420 [main] INFO org.springframework.test.web.servlet.TestDispatcherServlet -- Completed initialization in 0 ms
21:36:47.425 [main] INFO org.springframework.mock.web.MockServletContext -- Initializing Spring TestDispatcherServlet ''
21:36:47.425 [main] INFO org.springframework.test.web.servlet.TestDispatcherServlet -- Initializing Servlet ''
21:36:47.426 [main] INFO org.springframework.test.web.servlet.TestDispatcherServlet -- Completed initialization in 1 ms
21:36:47.438 [main] INFO org.springframework.mock.web.MockServletContext -- Initializing Spring TestDispatcherServlet ''
21:36:47.438 [main] INFO org.springframework.test.web.servlet.TestDispatcherServlet -- Initializing Servlet ''
21:36:47.438 [main] INFO org.springframework.test.web.servlet.TestDispatcherServlet -- Completed initialization in 0 ms
abr 07, 2026 9:36:47 P.?M. edu.dosw.project.SFC_TechUp_Futbol.core.service.EquipoService crear
INFO: Equipo creado con id: 9e932998-a149-4ac7-9ba2-f95355d4f361
21:36:47.458 [main] INFO org.springframework.mock.web.MockServletContext -- Initializing Spring TestDispatcherServlet ''
21:36:47.458 [main] INFO org.springframework.test.web.servlet.TestDispatcherServlet -- Initializing Servlet ''
21:36:47.459 [main] INFO org.springframework.test.web.servlet.TestDispatcherServlet -- Completed initialization in 0 ms
21:36:47.464 [main] INFO org.springframework.mock.web.MockServletContext -- Initializing Spring TestDispatcherServlet ''
21:36:47.464 [main] INFO org.springframework.test.web.servlet.TestDispatcherServlet -- Initializing Servlet ''
21:36:47.465 [main] INFO org.springframework.test.web.servlet.TestDispatcherServlet -- Completed initialization in 0 ms
21:36:47.470 [main] INFO org.springframework.mock.web.MockServletContext -- Initializing Spring TestDispatcherServlet ''
21:36:47.470 [main] INFO org.springframework.test.web.servlet.TestDispatcherServlet -- Initializing Servlet ''
21:36:47.470 [main] INFO org.springframework.test.web.servlet.TestDispatcherServlet -- Completed initialization in 0 ms
21:36:47.474 [main] INFO org.springframework.mock.web.MockServletContext -- Initializing Spring TestDispatcherServlet ''
21:36:47.474 [main] INFO org.springframework.test.web.servlet.TestDispatcherServlet -- Initializing Servlet ''
21:36:47.474 [main] INFO org.springframework.test.web.servlet.TestDispatcherServlet -- Completed initialization in 0 ms
21:36:47.485 [main] INFO org.springframework.mock.web.MockServletContext -- Initializing Spring TestDispatcherServlet ''
21:36:47.485 [main] INFO org.springframework.test.web.servlet.TestDispatcherServlet -- Initializing Servlet ''
21:36:47.485 [main] INFO org.springframework.test.web.servlet.TestDispatcherServlet -- Completed initialization in 0 ms
21:36:47.496 [main] INFO org.springframework.mock.web.MockServletContext -- Initializing Spring TestDispatcherServlet ''
21:36:47.496 [main] INFO org.springframework.test.web.servlet.TestDispatcherServlet -- Initializing Servlet ''
21:36:47.497 [main] INFO org.springframework.test.web.servlet.TestDispatcherServlet -- Completed initialization in 1 ms
21:36:47.502 [main] INFO org.springframework.mock.web.MockServletContext -- Initializing Spring TestDispatcherServlet ''
21:36:47.502 [main] INFO org.springframework.test.web.servlet.TestDispatcherServlet -- Initializing Servlet ''
21:36:47.503 [main] INFO org.springframework.test.web.servlet.TestDispatcherServlet -- Completed initialization in 1 ms
21:36:47.506 [main] INFO org.springframework.mock.web.MockServletContext -- Initializing Spring TestDispatcherServlet ''
21:36:47.506 [main] INFO org.springframework.test.web.servlet.TestDispatcherServlet -- Initializing Servlet ''
21:36:47.506 [main] INFO org.springframework.test.web.servlet.TestDispatcherServlet -- Completed initialization in 0 ms
21:36:47.509 [main] INFO org.springframework.mock.web.MockServletContext -- Initializing Spring TestDispatcherServlet ''
21:36:47.510 [main] INFO org.springframework.test.web.servlet.TestDispatcherServlet -- Initializing Servlet ''
21:36:47.510 [main] INFO org.springframework.test.web.servlet.TestDispatcherServlet -- Completed initialization in 0 ms
21:36:47.517 [main] INFO org.springframework.mock.web.MockServletContext -- Initializing Spring TestDispatcherServlet ''
21:36:47.517 [main] INFO org.springframework.test.web.servlet.TestDispatcherServlet -- Initializing Servlet ''
21:36:47.517 [main] INFO org.springframework.test.web.servlet.TestDispatcherServlet -- Completed initialization in 0 ms
abr 07, 2026 9:36:47 P.?M. edu.dosw.project.SFC_TechUp_Futbol.core.service.TorneoService crear
INFO: Torneo creado
21:36:47.538 [main] INFO org.springframework.mock.web.MockServletContext -- Initializing Spring TestDispatcherServlet ''
21:36:47.538 [main] INFO org.springframework.test.web.servlet.TestDispatcherServlet -- Initializing Servlet ''
21:36:47.538 [main] INFO org.springframework.test.web.servlet.TestDispatcherServlet -- Completed initialization in 0 ms
21:36:47.544 [main] INFO org.springframework.mock.web.MockServletContext -- Initializing Spring TestDispatcherServlet ''
21:36:47.544 [main] INFO org.springframework.test.web.servlet.TestDispatcherServlet -- Initializing Servlet ''
21:36:47.544 [main] INFO org.springframework.test.web.servlet.TestDispatcherServlet -- Completed initialization in 0 ms
21:36:47.548 [main] INFO org.springframework.mock.web.MockServletContext -- Initializing Spring TestDispatcherServlet ''
21:36:47.548 [main] INFO org.springframework.test.web.servlet.TestDispatcherServlet -- Initializing Servlet ''
21:36:47.548 [main] INFO org.springframework.test.web.servlet.TestDispatcherServlet -- Completed initialization in 0 ms
21:36:47.552 [main] INFO org.springframework.mock.web.MockServletContext -- Initializing Spring TestDispatcherServlet ''
21:36:47.552 [main] INFO org.springframework.test.web.servlet.TestDispatcherServlet -- Initializing Servlet ''
21:36:47.553 [main] INFO org.springframework.test.web.servlet.TestDispatcherServlet -- Completed initialization in 1 ms
21:36:47.560 [main] INFO org.springframework.mock.web.MockServletContext -- Initializing Spring TestDispatcherServlet ''
21:36:47.560 [main] INFO org.springframework.test.web.servlet.TestDispatcherServlet -- Initializing Servlet ''
21:36:47.560 [main] INFO org.springframework.test.web.servlet.TestDispatcherServlet -- Completed initialization in 0 ms
21:36:47.572 [main] INFO org.springframework.mock.web.MockServletContext -- Initializing Spring TestDispatcherServlet ''
21:36:47.572 [main] INFO org.springframework.test.web.servlet.TestDispatcherServlet -- Initializing Servlet ''
21:36:47.572 [main] INFO org.springframework.test.web.servlet.TestDispatcherServlet -- Completed initialization in 0 ms
21:36:47.578 [main] INFO org.springframework.mock.web.MockServletContext -- Initializing Spring TestDispatcherServlet ''
21:36:47.578 [main] INFO org.springframework.test.web.servlet.TestDispatcherServlet -- Initializing Servlet ''
21:36:47.578 [main] INFO org.springframework.test.web.servlet.TestDispatcherServlet -- Completed initialization in 0 ms
21:36:47.583 [main] INFO org.springframework.mock.web.MockServletContext -- Initializing Spring TestDispatcherServlet ''
21:36:47.583 [main] INFO org.springframework.test.web.servlet.TestDispatcherServlet -- Initializing Servlet ''
21:36:47.583 [main] INFO org.springframework.test.web.servlet.TestDispatcherServlet -- Completed initialization in 0 ms
21:36:47.588 [main] INFO org.springframework.mock.web.MockServletContext -- Initializing Spring TestDispatcherServlet ''
21:36:47.588 [main] INFO org.springframework.test.web.servlet.TestDispatcherServlet -- Initializing Servlet ''
21:36:47.588 [main] INFO org.springframework.test.web.servlet.TestDispatcherServlet -- Completed initialization in 0 ms
21:36:47.594 [main] INFO org.springframework.mock.web.MockServletContext -- Initializing Spring TestDispatcherServlet ''
21:36:47.595 [main] INFO org.springframework.test.web.servlet.TestDispatcherServlet -- Initializing Servlet ''
21:36:47.595 [main] INFO org.springframework.test.web.servlet.TestDispatcherServlet -- Completed initialization in 0 ms
abr 07, 2026 9:36:47 P.?M. edu.dosw.project.SFC_TechUp_Futbol.core.service.TorneoService crear
INFO: Torneo creado
abr 07, 2026 9:36:47 P.?M. edu.dosw.project.SFC_TechUp_Futbol.core.service.TorneoService iniciar
INFO: Torneo iniciado
21:36:47.613 [main] INFO org.springframework.mock.web.MockServletContext -- Initializing Spring TestDispatcherServlet ''
21:36:47.613 [main] INFO org.springframework.test.web.servlet.TestDispatcherServlet -- Initializing Servlet ''
21:36:47.613 [main] INFO org.springframework.test.web.servlet.TestDispatcherServlet -- Completed initialization in 0 ms
21:36:47.617 [main] INFO org.springframework.mock.web.MockServletContext -- Initializing Spring TestDispatcherServlet ''
21:36:47.617 [main] INFO org.springframework.test.web.servlet.TestDispatcherServlet -- Initializing Servlet ''
21:36:47.617 [main] INFO org.springframework.test.web.servlet.TestDispatcherServlet -- Completed initialization in 0 ms
21:36:47.620 [main] INFO org.springframework.mock.web.MockServletContext -- Initializing Spring TestDispatcherServlet ''
21:36:47.620 [main] INFO org.springframework.test.web.servlet.TestDispatcherServlet -- Initializing Servlet ''
21:36:47.620 [main] INFO org.springframework.test.web.servlet.TestDispatcherServlet -- Completed initialization in 0 ms
21:36:47.624 [main] INFO org.springframework.mock.web.MockServletContext -- Initializing Spring TestDispatcherServlet ''
21:36:47.624 [main] INFO org.springframework.test.web.servlet.TestDispatcherServlet -- Initializing Servlet ''
21:36:47.624 [main] INFO org.springframework.test.web.servlet.TestDispatcherServlet -- Completed initialization in 0 ms
21:36:47.630 [main] INFO org.springframework.mock.web.MockServletContext -- Initializing Spring TestDispatcherServlet ''
21:36:47.630 [main] INFO org.springframework.test.web.servlet.TestDispatcherServlet -- Initializing Servlet ''
21:36:47.630 [main] INFO org.springframework.test.web.servlet.TestDispatcherServlet -- Completed initialization in 0 ms
21:36:47.642 [main] INFO org.springframework.mock.web.MockServletContext -- Initializing Spring TestDispatcherServlet ''
21:36:47.642 [main] INFO org.springframework.test.web.servlet.TestDispatcherServlet -- Initializing Servlet ''
21:36:47.642 [main] INFO org.springframework.test.web.servlet.TestDispatcherServlet -- Completed initialization in 0 ms
21:36:47.646 [main] INFO org.springframework.mock.web.MockServletContext -- Initializing Spring TestDispatcherServlet ''
21:36:47.646 [main] INFO org.springframework.test.web.servlet.TestDispatcherServlet -- Initializing Servlet ''
21:36:47.646 [main] INFO org.springframework.test.web.servlet.TestDispatcherServlet -- Completed initialization in 0 ms
21:36:47.649 [main] INFO org.springframework.mock.web.MockServletContext -- Initializing Spring TestDispatcherServlet ''
21:36:47.649 [main] INFO org.springframework.test.web.servlet.TestDispatcherServlet -- Initializing Servlet ''
21:36:47.649 [main] INFO org.springframework.test.web.servlet.TestDispatcherServlet -- Completed initialization in 0 ms
21:36:47.652 [main] INFO org.springframework.mock.web.MockServletContext -- Initializing Spring TestDispatcherServlet ''
21:36:47.653 [main] INFO org.springframework.test.web.servlet.TestDispatcherServlet -- Initializing Servlet ''
21:36:47.653 [main] INFO org.springframework.test.web.servlet.TestDispatcherServlet -- Completed initialization in 0 ms
21:36:47.659 [main] INFO org.springframework.mock.web.MockServletContext -- Initializing Spring TestDispatcherServlet ''
21:36:47.659 [main] INFO org.springframework.test.web.servlet.TestDispatcherServlet -- Initializing Servlet ''
21:36:47.659 [main] INFO org.springframework.test.web.servlet.TestDispatcherServlet -- Completed initialization in 0 ms
abr 07, 2026 9:36:47 P.?M. edu.dosw.project.SFC_TechUp_Futbol.core.service.AccesoServiceImpl registrar
INFO: Usuario registrado exitosamente
21:36:47.799 [main] INFO org.springframework.mock.web.MockServletContext -- Initializing Spring TestDispatcherServlet ''
21:36:47.800 [main] INFO org.springframework.test.web.servlet.TestDispatcherServlet -- Initializing Servlet ''
21:36:47.800 [main] INFO org.springframework.test.web.servlet.TestDispatcherServlet -- Completed initialization in 0 ms
21:36:47.806 [main] INFO org.springframework.mock.web.MockServletContext -- Initializing Spring TestDispatcherServlet ''
21:36:47.806 [main] INFO org.springframework.test.web.servlet.TestDispatcherServlet -- Initializing Servlet ''
21:36:47.806 [main] INFO org.springframework.test.web.servlet.TestDispatcherServlet -- Completed initialization in 0 ms
21:36:47.809 [main] INFO org.springframework.mock.web.MockServletContext -- Initializing Spring TestDispatcherServlet ''
21:36:47.809 [main] INFO org.springframework.test.web.servlet.TestDispatcherServlet -- Initializing Servlet ''
21:36:47.809 [main] INFO org.springframework.test.web.servlet.TestDispatcherServlet -- Completed initialization in 0 ms
21:36:47.814 [main] INFO org.springframework.mock.web.MockServletContext -- Initializing Spring TestDispatcherServlet ''
21:36:47.815 [main] INFO org.springframework.test.web.servlet.TestDispatcherServlet -- Initializing Servlet ''
21:36:47.815 [main] INFO org.springframework.test.web.servlet.TestDispatcherServlet -- Completed initialization in 0 ms
21:36:47.823 [main] INFO org.springframework.mock.web.MockServletContext -- Initializing Spring TestDispatcherServlet ''
21:36:47.823 [main] INFO org.springframework.test.web.servlet.TestDispatcherServlet -- Initializing Servlet ''
21:36:47.823 [main] INFO org.springframework.test.web.servlet.TestDispatcherServlet -- Completed initialization in 0 ms
abr 07, 2026 9:36:47 P.?M. edu.dosw.project.SFC_TechUp_Futbol.core.service.AccesoServiceImpl registrar
INFO: Usuario registrado exitosamente
21:36:47.896 [main] INFO org.springframework.mock.web.MockServletContext -- Initializing Spring TestDispatcherServlet ''
21:36:47.896 [main] INFO org.springframework.test.web.servlet.TestDispatcherServlet -- Initializing Servlet ''
21:36:47.896 [main] INFO org.springframework.test.web.servlet.TestDispatcherServlet -- Completed initialization in 0 ms
21:36:47.901 [main] INFO org.springframework.mock.web.MockServletContext -- Initializing Spring TestDispatcherServlet ''
21:36:47.901 [main] INFO org.springframework.test.web.servlet.TestDispatcherServlet -- Initializing Servlet ''
21:36:47.901 [main] INFO org.springframework.test.web.servlet.TestDispatcherServlet -- Completed initialization in 0 ms
21:36:47.906 [main] INFO org.springframework.mock.web.MockServletContext -- Initializing Spring TestDispatcherServlet ''
21:36:47.906 [main] INFO org.springframework.test.web.servlet.TestDispatcherServlet -- Initializing Servlet ''
21:36:47.906 [main] INFO org.springframework.test.web.servlet.TestDispatcherServlet -- Completed initialization in 0 ms
21:36:47.912 [main] INFO org.springframework.mock.web.MockServletContext -- Initializing Spring TestDispatcherServlet ''
21:36:47.912 [main] INFO org.springframework.test.web.servlet.TestDispatcherServlet -- Initializing Servlet ''
21:36:47.912 [main] INFO org.springframework.test.web.servlet.TestDispatcherServlet -- Completed initialization in 0 ms
21:36:47.920 [main] INFO org.springframework.mock.web.MockServletContext -- Initializing Spring TestDispatcherServlet ''
21:36:47.920 [main] INFO org.springframework.test.web.servlet.TestDispatcherServlet -- Initializing Servlet ''
21:36:47.921 [main] INFO org.springframework.test.web.servlet.TestDispatcherServlet -- Completed initialization in 1 ms
[INFO] Tests run: 21, Failures: 0, Errors: 0, Skipped: 0, Time elapsed: 1.546 s -- in edu.dosw.project.SFC_TechUp_Futbol.controller.ControllerTest
[INFO] Running edu.dosw.project.SFC_TechUp_Futbol.controller.dto.DtoResponseTest
[INFO] Tests run: 4, Failures: 0, Errors: 0, Skipped: 0, Time elapsed: 0.007 s -- in edu.dosw.project.SFC_TechUp_Futbol.controller.dto.DtoResponseTest
[INFO] Running edu.dosw.project.SFC_TechUp_Futbol.controller.dto.DtoTest
[INFO] Tests run: 4, Failures: 0, Errors: 0, Skipped: 0, Time elapsed: 0.007 s -- in edu.dosw.project.SFC_TechUp_Futbol.controller.dto.DtoTest
[INFO] Running edu.dosw.project.SFC_TechUp_Futbol.controller.ExceptionHandlerTest
[INFO] Tests run: 10, Failures: 0, Errors: 0, Skipped: 0, Time elapsed: 0.015 s -- in edu.dosw.project.SFC_TechUp_Futbol.controller.ExceptionHandlerTest
[INFO] Running edu.dosw.project.SFC_TechUp_Futbol.controller.PagoControllerTest
21:36:47.972 [main] INFO org.springframework.mock.web.MockServletContext -- Initializing Spring TestDispatcherServlet ''
21:36:47.972 [main] INFO org.springframework.test.web.servlet.TestDispatcherServlet -- Initializing Servlet ''
21:36:47.972 [main] INFO org.springframework.test.web.servlet.TestDispatcherServlet -- Completed initialization in 0 ms
21:36:47.988 [main] INFO org.springframework.mock.web.MockServletContext -- Initializing Spring TestDispatcherServlet ''
21:36:47.988 [main] INFO org.springframework.test.web.servlet.TestDispatcherServlet -- Initializing Servlet ''
21:36:47.989 [main] INFO org.springframework.test.web.servlet.TestDispatcherServlet -- Completed initialization in 0 ms
21:36:48.000 [main] INFO org.springframework.mock.web.MockServletContext -- Initializing Spring TestDispatcherServlet ''
21:36:48.001 [main] INFO org.springframework.test.web.servlet.TestDispatcherServlet -- Initializing Servlet ''
21:36:48.001 [main] INFO org.springframework.test.web.servlet.TestDispatcherServlet -- Completed initialization in 0 ms
21:36:48.010 [main] INFO org.springframework.mock.web.MockServletContext -- Initializing Spring TestDispatcherServlet ''
21:36:48.010 [main] INFO org.springframework.test.web.servlet.TestDispatcherServlet -- Initializing Servlet ''
21:36:48.011 [main] INFO org.springframework.test.web.servlet.TestDispatcherServlet -- Completed initialization in 1 ms
21:36:48.021 [main] INFO org.springframework.mock.web.MockServletContext -- Initializing Spring TestDispatcherServlet ''
21:36:48.023 [main] INFO org.springframework.test.web.servlet.TestDispatcherServlet -- Initializing Servlet ''
21:36:48.023 [main] INFO org.springframework.test.web.servlet.TestDispatcherServlet -- Completed initialization in 0 ms
21:36:48.030 [main] INFO org.springframework.mock.web.MockServletContext -- Initializing Spring TestDispatcherServlet ''
21:36:48.030 [main] INFO org.springframework.test.web.servlet.TestDispatcherServlet -- Initializing Servlet ''
21:36:48.031 [main] INFO org.springframework.test.web.servlet.TestDispatcherServlet -- Completed initialization in 1 ms
21:36:48.038 [main] INFO org.springframework.mock.web.MockServletContext -- Initializing Spring TestDispatcherServlet ''
21:36:48.038 [main] INFO org.springframework.test.web.servlet.TestDispatcherServlet -- Initializing Servlet ''
21:36:48.038 [main] INFO org.springframework.test.web.servlet.TestDispatcherServlet -- Completed initialization in 0 ms
[INFO] Tests run: 7, Failures: 0, Errors: 0, Skipped: 0, Time elapsed: 0.078 s -- in edu.dosw.project.SFC_TechUp_Futbol.controller.PagoControllerTest
[INFO] Running edu.dosw.project.SFC_TechUp_Futbol.controller.PagoPartidoControllerTest
21:36:48.049 [main] INFO org.springframework.mock.web.MockServletContext -- Initializing Spring TestDispatcherServlet ''
21:36:48.049 [main] INFO org.springframework.test.web.servlet.TestDispatcherServlet -- Initializing Servlet ''
21:36:48.049 [main] INFO org.springframework.test.web.servlet.TestDispatcherServlet -- Completed initialization in 0 ms
21:36:48.053 [main] INFO org.springframework.mock.web.MockServletContext -- Initializing Spring TestDispatcherServlet ''
21:36:48.053 [main] INFO org.springframework.test.web.servlet.TestDispatcherServlet -- Initializing Servlet ''
21:36:48.053 [main] INFO org.springframework.test.web.servlet.TestDispatcherServlet -- Completed initialization in 0 ms
21:36:48.057 [main] INFO org.springframework.mock.web.MockServletContext -- Initializing Spring TestDispatcherServlet ''
21:36:48.057 [main] INFO org.springframework.test.web.servlet.TestDispatcherServlet -- Initializing Servlet ''
21:36:48.057 [main] INFO org.springframework.test.web.servlet.TestDispatcherServlet -- Completed initialization in 0 ms
21:36:48.063 [main] INFO org.springframework.mock.web.MockServletContext -- Initializing Spring TestDispatcherServlet ''
21:36:48.063 [main] INFO org.springframework.test.web.servlet.TestDispatcherServlet -- Initializing Servlet ''
21:36:48.063 [main] INFO org.springframework.test.web.servlet.TestDispatcherServlet -- Completed initialization in 0 ms
abr 07, 2026 9:36:48 P.?M. edu.dosw.project.SFC_TechUp_Futbol.core.service.PagoServiceImpl subirComprobante
INFO: Comprobante subido para equipo: ae023706-51f2-4cb2-a5e0-3a0cc2cd41a9
21:36:48.076 [main] INFO org.springframework.mock.web.MockServletContext -- Initializing Spring TestDispatcherServlet ''
21:36:48.076 [main] INFO org.springframework.test.web.servlet.TestDispatcherServlet -- Initializing Servlet ''
21:36:48.076 [main] INFO org.springframework.test.web.servlet.TestDispatcherServlet -- Completed initialization in 0 ms
21:36:48.081 [main] INFO org.springframework.mock.web.MockServletContext -- Initializing Spring TestDispatcherServlet ''
21:36:48.081 [main] INFO org.springframework.test.web.servlet.TestDispatcherServlet -- Initializing Servlet ''
21:36:48.081 [main] INFO org.springframework.test.web.servlet.TestDispatcherServlet -- Completed initialization in 0 ms
21:36:48.085 [main] INFO org.springframework.mock.web.MockServletContext -- Initializing Spring TestDispatcherServlet ''
21:36:48.085 [main] INFO org.springframework.test.web.servlet.TestDispatcherServlet -- Initializing Servlet ''
21:36:48.085 [main] INFO org.springframework.test.web.servlet.TestDispatcherServlet -- Completed initialization in 0 ms
21:36:48.091 [main] INFO org.springframework.mock.web.MockServletContext -- Initializing Spring TestDispatcherServlet ''
21:36:48.091 [main] INFO org.springframework.test.web.servlet.TestDispatcherServlet -- Initializing Servlet ''
21:36:48.091 [main] INFO org.springframework.test.web.servlet.TestDispatcherServlet -- Completed initialization in 0 ms
abr 07, 2026 9:36:48 P.?M. edu.dosw.project.SFC_TechUp_Futbol.core.service.PagoServiceImpl subirComprobante
INFO: Comprobante subido para equipo: 0d31ca8d-f001-4abe-982a-8da30690f2d4
abr 07, 2026 9:36:48 P.?M. edu.dosw.project.SFC_TechUp_Futbol.core.service.PagoServiceImpl aprobarPago
INFO: Pago aprobado: ab87a0a9-6f27-4318-836a-2b369961815a
21:36:48.105 [main] INFO org.springframework.mock.web.MockServletContext -- Initializing Spring TestDispatcherServlet ''
21:36:48.105 [main] INFO org.springframework.test.web.servlet.TestDispatcherServlet -- Initializing Servlet ''
21:36:48.106 [main] INFO org.springframework.test.web.servlet.TestDispatcherServlet -- Completed initialization in 1 ms
21:36:48.110 [main] INFO org.springframework.mock.web.MockServletContext -- Initializing Spring TestDispatcherServlet ''
21:36:48.110 [main] INFO org.springframework.test.web.servlet.TestDispatcherServlet -- Initializing Servlet ''
21:36:48.110 [main] INFO org.springframework.test.web.servlet.TestDispatcherServlet -- Completed initialization in 0 ms
21:36:48.114 [main] INFO org.springframework.mock.web.MockServletContext -- Initializing Spring TestDispatcherServlet ''
21:36:48.114 [main] INFO org.springframework.test.web.servlet.TestDispatcherServlet -- Initializing Servlet ''
21:36:48.114 [main] INFO org.springframework.test.web.servlet.TestDispatcherServlet -- Completed initialization in 0 ms
21:36:48.120 [main] INFO org.springframework.mock.web.MockServletContext -- Initializing Spring TestDispatcherServlet ''
21:36:48.120 [main] INFO org.springframework.test.web.servlet.TestDispatcherServlet -- Initializing Servlet ''
21:36:48.120 [main] INFO org.springframework.test.web.servlet.TestDispatcherServlet -- Completed initialization in 0 ms
21:36:48.132 [main] INFO org.springframework.mock.web.MockServletContext -- Initializing Spring TestDispatcherServlet ''
21:36:48.132 [main] INFO org.springframework.test.web.servlet.TestDispatcherServlet -- Initializing Servlet ''
21:36:48.132 [main] INFO org.springframework.test.web.servlet.TestDispatcherServlet -- Completed initialization in 0 ms
21:36:48.142 [main] INFO org.springframework.mock.web.MockServletContext -- Initializing Spring TestDispatcherServlet ''
21:36:48.142 [main] INFO org.springframework.test.web.servlet.TestDispatcherServlet -- Initializing Servlet ''
21:36:48.142 [main] INFO org.springframework.test.web.servlet.TestDispatcherServlet -- Completed initialization in 0 ms
21:36:48.145 [main] INFO org.springframework.mock.web.MockServletContext -- Initializing Spring TestDispatcherServlet ''
21:36:48.145 [main] INFO org.springframework.test.web.servlet.TestDispatcherServlet -- Initializing Servlet ''
21:36:48.145 [main] INFO org.springframework.test.web.servlet.TestDispatcherServlet -- Completed initialization in 0 ms
21:36:48.152 [main] INFO org.springframework.mock.web.MockServletContext -- Initializing Spring TestDispatcherServlet ''
21:36:48.152 [main] INFO org.springframework.test.web.servlet.TestDispatcherServlet -- Initializing Servlet ''
21:36:48.152 [main] INFO org.springframework.test.web.servlet.TestDispatcherServlet -- Completed initialization in 0 ms
21:36:48.161 [main] INFO org.springframework.mock.web.MockServletContext -- Initializing Spring TestDispatcherServlet ''
21:36:48.162 [main] INFO org.springframework.test.web.servlet.TestDispatcherServlet -- Initializing Servlet ''
21:36:48.162 [main] INFO org.springframework.test.web.servlet.TestDispatcherServlet -- Completed initialization in 0 ms
21:36:48.166 [main] INFO org.springframework.mock.web.MockServletContext -- Initializing Spring TestDispatcherServlet ''
21:36:48.166 [main] INFO org.springframework.test.web.servlet.TestDispatcherServlet -- Initializing Servlet ''
21:36:48.166 [main] INFO org.springframework.test.web.servlet.TestDispatcherServlet -- Completed initialization in 0 ms
21:36:48.170 [main] INFO org.springframework.mock.web.MockServletContext -- Initializing Spring TestDispatcherServlet ''
21:36:48.170 [main] INFO org.springframework.test.web.servlet.TestDispatcherServlet -- Initializing Servlet ''
21:36:48.170 [main] INFO org.springframework.test.web.servlet.TestDispatcherServlet -- Completed initialization in 0 ms
21:36:48.178 [main] INFO org.springframework.mock.web.MockServletContext -- Initializing Spring TestDispatcherServlet ''
21:36:48.178 [main] INFO org.springframework.test.web.servlet.TestDispatcherServlet -- Initializing Servlet ''
21:36:48.178 [main] INFO org.springframework.test.web.servlet.TestDispatcherServlet -- Completed initialization in 0 ms
21:36:48.187 [main] INFO org.springframework.mock.web.MockServletContext -- Initializing Spring TestDispatcherServlet ''
21:36:48.187 [main] INFO org.springframework.test.web.servlet.TestDispatcherServlet -- Initializing Servlet ''
21:36:48.187 [main] INFO org.springframework.test.web.servlet.TestDispatcherServlet -- Completed initialization in 0 ms
21:36:48.191 [main] INFO org.springframework.mock.web.MockServletContext -- Initializing Spring TestDispatcherServlet ''
21:36:48.191 [main] INFO org.springframework.test.web.servlet.TestDispatcherServlet -- Initializing Servlet ''
21:36:48.191 [main] INFO org.springframework.test.web.servlet.TestDispatcherServlet -- Completed initialization in 0 ms
21:36:48.196 [main] INFO org.springframework.mock.web.MockServletContext -- Initializing Spring TestDispatcherServlet ''
21:36:48.196 [main] INFO org.springframework.test.web.servlet.TestDispatcherServlet -- Initializing Servlet ''
21:36:48.196 [main] INFO org.springframework.test.web.servlet.TestDispatcherServlet -- Completed initialization in 0 ms
21:36:48.201 [main] INFO org.springframework.mock.web.MockServletContext -- Initializing Spring TestDispatcherServlet ''
21:36:48.202 [main] INFO org.springframework.test.web.servlet.TestDispatcherServlet -- Initializing Servlet ''
21:36:48.202 [main] INFO org.springframework.test.web.servlet.TestDispatcherServlet -- Completed initialization in 0 ms
abr 07, 2026 9:36:48 P.?M. edu.dosw.project.SFC_TechUp_Futbol.core.service.TorneoService crear
INFO: Torneo creado
abr 07, 2026 9:36:48 P.?M. edu.dosw.project.SFC_TechUp_Futbol.core.service.TorneoService configurar
INFO: Torneo configurado
21:36:48.224 [main] INFO org.springframework.mock.web.MockServletContext -- Initializing Spring TestDispatcherServlet ''
21:36:48.224 [main] INFO org.springframework.test.web.servlet.TestDispatcherServlet -- Initializing Servlet ''
21:36:48.224 [main] INFO org.springframework.test.web.servlet.TestDispatcherServlet -- Completed initialization in 0 ms
21:36:48.228 [main] INFO org.springframework.mock.web.MockServletContext -- Initializing Spring TestDispatcherServlet ''
21:36:48.228 [main] INFO org.springframework.test.web.servlet.TestDispatcherServlet -- Initializing Servlet ''
21:36:48.228 [main] INFO org.springframework.test.web.servlet.TestDispatcherServlet -- Completed initialization in 0 ms
21:36:48.232 [main] INFO org.springframework.mock.web.MockServletContext -- Initializing Spring TestDispatcherServlet ''
21:36:48.232 [main] INFO org.springframework.test.web.servlet.TestDispatcherServlet -- Initializing Servlet ''
21:36:48.232 [main] INFO org.springframework.test.web.servlet.TestDispatcherServlet -- Completed initialization in 0 ms
21:36:48.238 [main] INFO org.springframework.mock.web.MockServletContext -- Initializing Spring TestDispatcherServlet ''
21:36:48.238 [main] INFO org.springframework.test.web.servlet.TestDispatcherServlet -- Initializing Servlet ''
21:36:48.238 [main] INFO org.springframework.test.web.servlet.TestDispatcherServlet -- Completed initialization in 0 ms
21:36:48.247 [main] INFO org.springframework.mock.web.MockServletContext -- Initializing Spring TestDispatcherServlet ''
21:36:48.247 [main] INFO org.springframework.test.web.servlet.TestDispatcherServlet -- Initializing Servlet ''
21:36:48.247 [main] INFO org.springframework.test.web.servlet.TestDispatcherServlet -- Completed initialization in 0 ms
21:36:48.250 [main] INFO org.springframework.mock.web.MockServletContext -- Initializing Spring TestDispatcherServlet ''
21:36:48.250 [main] INFO org.springframework.test.web.servlet.TestDispatcherServlet -- Initializing Servlet ''
21:36:48.250 [main] INFO org.springframework.test.web.servlet.TestDispatcherServlet -- Completed initialization in 0 ms
21:36:48.254 [main] INFO org.springframework.mock.web.MockServletContext -- Initializing Spring TestDispatcherServlet ''
21:36:48.254 [main] INFO org.springframework.test.web.servlet.TestDispatcherServlet -- Initializing Servlet ''
21:36:48.254 [main] INFO org.springframework.test.web.servlet.TestDispatcherServlet -- Completed initialization in 0 ms
21:36:48.260 [main] INFO org.springframework.mock.web.MockServletContext -- Initializing Spring TestDispatcherServlet ''
21:36:48.260 [main] INFO org.springframework.test.web.servlet.TestDispatcherServlet -- Initializing Servlet ''
21:36:48.260 [main] INFO org.springframework.test.web.servlet.TestDispatcherServlet -- Completed initialization in 0 ms
abr 07, 2026 9:36:48 P.?M. edu.dosw.project.SFC_TechUp_Futbol.core.service.PagoServiceImpl subirComprobante
INFO: Comprobante subido para equipo: f615abcc-b35f-4704-8805-05e62c56fdd0
21:36:48.269 [main] INFO org.springframework.mock.web.MockServletContext -- Initializing Spring TestDispatcherServlet ''
21:36:48.269 [main] INFO org.springframework.test.web.servlet.TestDispatcherServlet -- Initializing Servlet ''
21:36:48.269 [main] INFO org.springframework.test.web.servlet.TestDispatcherServlet -- Completed initialization in 0 ms
21:36:48.272 [main] INFO org.springframework.mock.web.MockServletContext -- Initializing Spring TestDispatcherServlet ''
21:36:48.273 [main] INFO org.springframework.test.web.servlet.TestDispatcherServlet -- Initializing Servlet ''
21:36:48.273 [main] INFO org.springframework.test.web.servlet.TestDispatcherServlet -- Completed initialization in 0 ms
21:36:48.276 [main] INFO org.springframework.mock.web.MockServletContext -- Initializing Spring TestDispatcherServlet ''
21:36:48.276 [main] INFO org.springframework.test.web.servlet.TestDispatcherServlet -- Initializing Servlet ''
21:36:48.277 [main] INFO org.springframework.test.web.servlet.TestDispatcherServlet -- Completed initialization in 1 ms
21:36:48.284 [main] INFO org.springframework.mock.web.MockServletContext -- Initializing Spring TestDispatcherServlet ''
21:36:48.284 [main] INFO org.springframework.test.web.servlet.TestDispatcherServlet -- Initializing Servlet ''
21:36:48.284 [main] INFO org.springframework.test.web.servlet.TestDispatcherServlet -- Completed initialization in 0 ms
21:36:48.296 [main] INFO org.springframework.mock.web.MockServletContext -- Initializing Spring TestDispatcherServlet ''
21:36:48.296 [main] INFO org.springframework.test.web.servlet.TestDispatcherServlet -- Initializing Servlet ''
21:36:48.296 [main] INFO org.springframework.test.web.servlet.TestDispatcherServlet -- Completed initialization in 0 ms
21:36:48.300 [main] INFO org.springframework.mock.web.MockServletContext -- Initializing Spring TestDispatcherServlet ''
21:36:48.300 [main] INFO org.springframework.test.web.servlet.TestDispatcherServlet -- Initializing Servlet ''
21:36:48.300 [main] INFO org.springframework.test.web.servlet.TestDispatcherServlet -- Completed initialization in 0 ms
21:36:48.303 [main] INFO org.springframework.mock.web.MockServletContext -- Initializing Spring TestDispatcherServlet ''
21:36:48.303 [main] INFO org.springframework.test.web.servlet.TestDispatcherServlet -- Initializing Servlet ''
21:36:48.303 [main] INFO org.springframework.test.web.servlet.TestDispatcherServlet -- Completed initialization in 0 ms
21:36:48.309 [main] INFO org.springframework.mock.web.MockServletContext -- Initializing Spring TestDispatcherServlet ''
21:36:48.309 [main] INFO org.springframework.test.web.servlet.TestDispatcherServlet -- Initializing Servlet ''
21:36:48.309 [main] INFO org.springframework.test.web.servlet.TestDispatcherServlet -- Completed initialization in 0 ms
21:36:48.316 [main] INFO org.springframework.mock.web.MockServletContext -- Initializing Spring TestDispatcherServlet ''
21:36:48.316 [main] INFO org.springframework.test.web.servlet.TestDispatcherServlet -- Initializing Servlet ''
21:36:48.316 [main] INFO org.springframework.test.web.servlet.TestDispatcherServlet -- Completed initialization in 0 ms
21:36:48.319 [main] INFO org.springframework.mock.web.MockServletContext -- Initializing Spring TestDispatcherServlet ''
21:36:48.319 [main] INFO org.springframework.test.web.servlet.TestDispatcherServlet -- Initializing Servlet ''
21:36:48.319 [main] INFO org.springframework.test.web.servlet.TestDispatcherServlet -- Completed initialization in 0 ms
21:36:48.322 [main] INFO org.springframework.mock.web.MockServletContext -- Initializing Spring TestDispatcherServlet ''
21:36:48.322 [main] INFO org.springframework.test.web.servlet.TestDispatcherServlet -- Initializing Servlet ''
21:36:48.322 [main] INFO org.springframework.test.web.servlet.TestDispatcherServlet -- Completed initialization in 0 ms
21:36:48.328 [main] INFO org.springframework.mock.web.MockServletContext -- Initializing Spring TestDispatcherServlet ''
21:36:48.328 [main] INFO org.springframework.test.web.servlet.TestDispatcherServlet -- Initializing Servlet ''
21:36:48.328 [main] INFO org.springframework.test.web.servlet.TestDispatcherServlet -- Completed initialization in 0 ms
21:36:48.341 [main] INFO org.springframework.mock.web.MockServletContext -- Initializing Spring TestDispatcherServlet ''
21:36:48.341 [main] INFO org.springframework.test.web.servlet.TestDispatcherServlet -- Initializing Servlet ''
21:36:48.341 [main] INFO org.springframework.test.web.servlet.TestDispatcherServlet -- Completed initialization in 0 ms
21:36:48.344 [main] INFO org.springframework.mock.web.MockServletContext -- Initializing Spring TestDispatcherServlet ''
21:36:48.344 [main] INFO org.springframework.test.web.servlet.TestDispatcherServlet -- Initializing Servlet ''
21:36:48.344 [main] INFO org.springframework.test.web.servlet.TestDispatcherServlet -- Completed initialization in 0 ms
21:36:48.348 [main] INFO org.springframework.mock.web.MockServletContext -- Initializing Spring TestDispatcherServlet ''
21:36:48.348 [main] INFO org.springframework.test.web.servlet.TestDispatcherServlet -- Initializing Servlet ''
21:36:48.348 [main] INFO org.springframework.test.web.servlet.TestDispatcherServlet -- Completed initialization in 0 ms
21:36:48.353 [main] INFO org.springframework.mock.web.MockServletContext -- Initializing Spring TestDispatcherServlet ''
21:36:48.353 [main] INFO org.springframework.test.web.servlet.TestDispatcherServlet -- Initializing Servlet ''
21:36:48.353 [main] INFO org.springframework.test.web.servlet.TestDispatcherServlet -- Completed initialization in 0 ms
21:36:48.366 [main] INFO org.springframework.mock.web.MockServletContext -- Initializing Spring TestDispatcherServlet ''
21:36:48.366 [main] INFO org.springframework.test.web.servlet.TestDispatcherServlet -- Initializing Servlet ''
21:36:48.366 [main] INFO org.springframework.test.web.servlet.TestDispatcherServlet -- Completed initialization in 0 ms
21:36:48.369 [main] INFO org.springframework.mock.web.MockServletContext -- Initializing Spring TestDispatcherServlet ''
21:36:48.369 [main] INFO org.springframework.test.web.servlet.TestDispatcherServlet -- Initializing Servlet ''
21:36:48.369 [main] INFO org.springframework.test.web.servlet.TestDispatcherServlet -- Completed initialization in 0 ms
21:36:48.373 [main] INFO org.springframework.mock.web.MockServletContext -- Initializing Spring TestDispatcherServlet ''
21:36:48.373 [main] INFO org.springframework.test.web.servlet.TestDispatcherServlet -- Initializing Servlet ''
21:36:48.373 [main] INFO org.springframework.test.web.servlet.TestDispatcherServlet -- Completed initialization in 0 ms
21:36:48.378 [main] INFO org.springframework.mock.web.MockServletContext -- Initializing Spring TestDispatcherServlet ''
21:36:48.378 [main] INFO org.springframework.test.web.servlet.TestDispatcherServlet -- Initializing Servlet ''
21:36:48.379 [main] INFO org.springframework.test.web.servlet.TestDispatcherServlet -- Completed initialization in 1 ms
21:36:48.386 [main] INFO org.springframework.mock.web.MockServletContext -- Initializing Spring TestDispatcherServlet ''
21:36:48.386 [main] INFO org.springframework.test.web.servlet.TestDispatcherServlet -- Initializing Servlet ''
21:36:48.386 [main] INFO org.springframework.test.web.servlet.TestDispatcherServlet -- Completed initialization in 0 ms
21:36:48.389 [main] INFO org.springframework.mock.web.MockServletContext -- Initializing Spring TestDispatcherServlet ''
21:36:48.389 [main] INFO org.springframework.test.web.servlet.TestDispatcherServlet -- Initializing Servlet ''
21:36:48.389 [main] INFO org.springframework.test.web.servlet.TestDispatcherServlet -- Completed initialization in 0 ms
21:36:48.394 [main] INFO org.springframework.mock.web.MockServletContext -- Initializing Spring TestDispatcherServlet ''
21:36:48.394 [main] INFO org.springframework.test.web.servlet.TestDispatcherServlet -- Initializing Servlet ''
21:36:48.394 [main] INFO org.springframework.test.web.servlet.TestDispatcherServlet -- Completed initialization in 0 ms
21:36:48.400 [main] INFO org.springframework.mock.web.MockServletContext -- Initializing Spring TestDispatcherServlet ''
21:36:48.400 [main] INFO org.springframework.test.web.servlet.TestDispatcherServlet -- Initializing Servlet ''
21:36:48.400 [main] INFO org.springframework.test.web.servlet.TestDispatcherServlet -- Completed initialization in 0 ms
21:36:48.408 [main] INFO org.springframework.mock.web.MockServletContext -- Initializing Spring TestDispatcherServlet ''
21:36:48.408 [main] INFO org.springframework.test.web.servlet.TestDispatcherServlet -- Initializing Servlet ''
21:36:48.408 [main] INFO org.springframework.test.web.servlet.TestDispatcherServlet -- Completed initialization in 0 ms
21:36:48.412 [main] INFO org.springframework.mock.web.MockServletContext -- Initializing Spring TestDispatcherServlet ''
21:36:48.412 [main] INFO org.springframework.test.web.servlet.TestDispatcherServlet -- Initializing Servlet ''
21:36:48.412 [main] INFO org.springframework.test.web.servlet.TestDispatcherServlet -- Completed initialization in 0 ms
21:36:48.415 [main] INFO org.springframework.mock.web.MockServletContext -- Initializing Spring TestDispatcherServlet ''
21:36:48.415 [main] INFO org.springframework.test.web.servlet.TestDispatcherServlet -- Initializing Servlet ''
21:36:48.415 [main] INFO org.springframework.test.web.servlet.TestDispatcherServlet -- Completed initialization in 0 ms
21:36:48.421 [main] INFO org.springframework.mock.web.MockServletContext -- Initializing Spring TestDispatcherServlet ''
21:36:48.421 [main] INFO org.springframework.test.web.servlet.TestDispatcherServlet -- Initializing Servlet ''
21:36:48.421 [main] INFO org.springframework.test.web.servlet.TestDispatcherServlet -- Completed initialization in 0 ms
21:36:48.428 [main] INFO org.springframework.mock.web.MockServletContext -- Initializing Spring TestDispatcherServlet ''
21:36:48.428 [main] INFO org.springframework.test.web.servlet.TestDispatcherServlet -- Initializing Servlet ''
21:36:48.428 [main] INFO org.springframework.test.web.servlet.TestDispatcherServlet -- Completed initialization in 0 ms
21:36:48.431 [main] INFO org.springframework.mock.web.MockServletContext -- Initializing Spring TestDispatcherServlet ''
21:36:48.431 [main] INFO org.springframework.test.web.servlet.TestDispatcherServlet -- Initializing Servlet ''
21:36:48.431 [main] INFO org.springframework.test.web.servlet.TestDispatcherServlet -- Completed initialization in 0 ms
21:36:48.434 [main] INFO org.springframework.mock.web.MockServletContext -- Initializing Spring TestDispatcherServlet ''
21:36:48.434 [main] INFO org.springframework.test.web.servlet.TestDispatcherServlet -- Initializing Servlet ''
21:36:48.434 [main] INFO org.springframework.test.web.servlet.TestDispatcherServlet -- Completed initialization in 0 ms
21:36:48.440 [main] INFO org.springframework.mock.web.MockServletContext -- Initializing Spring TestDispatcherServlet ''
21:36:48.440 [main] INFO org.springframework.test.web.servlet.TestDispatcherServlet -- Initializing Servlet ''
21:36:48.440 [main] INFO org.springframework.test.web.servlet.TestDispatcherServlet -- Completed initialization in 0 ms
21:36:48.450 [main] INFO org.springframework.mock.web.MockServletContext -- Initializing Spring TestDispatcherServlet ''
21:36:48.450 [main] INFO org.springframework.test.web.servlet.TestDispatcherServlet -- Initializing Servlet ''
21:36:48.451 [main] INFO org.springframework.test.web.servlet.TestDispatcherServlet -- Completed initialization in 0 ms
21:36:48.454 [main] INFO org.springframework.mock.web.MockServletContext -- Initializing Spring TestDispatcherServlet ''
21:36:48.454 [main] INFO org.springframework.test.web.servlet.TestDispatcherServlet -- Initializing Servlet ''
21:36:48.454 [main] INFO org.springframework.test.web.servlet.TestDispatcherServlet -- Completed initialization in 0 ms
21:36:48.457 [main] INFO org.springframework.mock.web.MockServletContext -- Initializing Spring TestDispatcherServlet ''
21:36:48.457 [main] INFO org.springframework.test.web.servlet.TestDispatcherServlet -- Initializing Servlet ''
21:36:48.457 [main] INFO org.springframework.test.web.servlet.TestDispatcherServlet -- Completed initialization in 0 ms
21:36:48.462 [main] INFO org.springframework.mock.web.MockServletContext -- Initializing Spring TestDispatcherServlet ''
21:36:48.463 [main] INFO org.springframework.test.web.servlet.TestDispatcherServlet -- Initializing Servlet ''
21:36:48.463 [main] INFO org.springframework.test.web.servlet.TestDispatcherServlet -- Completed initialization in 0 ms
21:36:48.475 [main] INFO org.springframework.mock.web.MockServletContext -- Initializing Spring TestDispatcherServlet ''
21:36:48.475 [main] INFO org.springframework.test.web.servlet.TestDispatcherServlet -- Initializing Servlet ''
21:36:48.475 [main] INFO org.springframework.test.web.servlet.TestDispatcherServlet -- Completed initialization in 0 ms
21:36:48.478 [main] INFO org.springframework.mock.web.MockServletContext -- Initializing Spring TestDispatcherServlet ''
21:36:48.478 [main] INFO org.springframework.test.web.servlet.TestDispatcherServlet -- Initializing Servlet ''
21:36:48.478 [main] INFO org.springframework.test.web.servlet.TestDispatcherServlet -- Completed initialization in 0 ms
21:36:48.482 [main] INFO org.springframework.mock.web.MockServletContext -- Initializing Spring TestDispatcherServlet ''
21:36:48.482 [main] INFO org.springframework.test.web.servlet.TestDispatcherServlet -- Initializing Servlet ''
21:36:48.482 [main] INFO org.springframework.test.web.servlet.TestDispatcherServlet -- Completed initialization in 0 ms
21:36:48.487 [main] INFO org.springframework.mock.web.MockServletContext -- Initializing Spring TestDispatcherServlet ''
21:36:48.488 [main] INFO org.springframework.test.web.servlet.TestDispatcherServlet -- Initializing Servlet ''
21:36:48.488 [main] INFO org.springframework.test.web.servlet.TestDispatcherServlet -- Completed initialization in 0 ms
21:36:48.500 [main] INFO org.springframework.mock.web.MockServletContext -- Initializing Spring TestDispatcherServlet ''
21:36:48.500 [main] INFO org.springframework.test.web.servlet.TestDispatcherServlet -- Initializing Servlet ''
21:36:48.500 [main] INFO org.springframework.test.web.servlet.TestDispatcherServlet -- Completed initialization in 0 ms
21:36:48.504 [main] INFO org.springframework.mock.web.MockServletContext -- Initializing Spring TestDispatcherServlet ''
21:36:48.504 [main] INFO org.springframework.test.web.servlet.TestDispatcherServlet -- Initializing Servlet ''
21:36:48.506 [main] INFO org.springframework.test.web.servlet.TestDispatcherServlet -- Completed initialization in 0 ms
21:36:48.510 [main] INFO org.springframework.mock.web.MockServletContext -- Initializing Spring TestDispatcherServlet ''
21:36:48.510 [main] INFO org.springframework.test.web.servlet.TestDispatcherServlet -- Initializing Servlet ''
21:36:48.510 [main] INFO org.springframework.test.web.servlet.TestDispatcherServlet -- Completed initialization in 0 ms
21:36:48.518 [main] INFO org.springframework.mock.web.MockServletContext -- Initializing Spring TestDispatcherServlet ''
21:36:48.518 [main] INFO org.springframework.test.web.servlet.TestDispatcherServlet -- Initializing Servlet ''
21:36:48.518 [main] INFO org.springframework.test.web.servlet.TestDispatcherServlet -- Completed initialization in 0 ms
21:36:48.528 [main] INFO org.springframework.mock.web.MockServletContext -- Initializing Spring TestDispatcherServlet ''
21:36:48.528 [main] INFO org.springframework.test.web.servlet.TestDispatcherServlet -- Initializing Servlet ''
21:36:48.528 [main] INFO org.springframework.test.web.servlet.TestDispatcherServlet -- Completed initialization in 0 ms
21:36:48.530 [main] INFO org.springframework.mock.web.MockServletContext -- Initializing Spring TestDispatcherServlet ''
21:36:48.531 [main] INFO org.springframework.test.web.servlet.TestDispatcherServlet -- Initializing Servlet ''
21:36:48.531 [main] INFO org.springframework.test.web.servlet.TestDispatcherServlet -- Completed initialization in 0 ms
21:36:48.535 [main] INFO org.springframework.mock.web.MockServletContext -- Initializing Spring TestDispatcherServlet ''
21:36:48.535 [main] INFO org.springframework.test.web.servlet.TestDispatcherServlet -- Initializing Servlet ''
21:36:48.535 [main] INFO org.springframework.test.web.servlet.TestDispatcherServlet -- Completed initialization in 0 ms
21:36:48.541 [main] INFO org.springframework.mock.web.MockServletContext -- Initializing Spring TestDispatcherServlet ''
21:36:48.541 [main] INFO org.springframework.test.web.servlet.TestDispatcherServlet -- Initializing Servlet ''
21:36:48.541 [main] INFO org.springframework.test.web.servlet.TestDispatcherServlet -- Completed initialization in 0 ms
21:36:48.552 [main] INFO org.springframework.mock.web.MockServletContext -- Initializing Spring TestDispatcherServlet ''
21:36:48.552 [main] INFO org.springframework.test.web.servlet.TestDispatcherServlet -- Initializing Servlet ''
21:36:48.552 [main] INFO org.springframework.test.web.servlet.TestDispatcherServlet -- Completed initialization in 0 ms
21:36:48.556 [main] INFO org.springframework.mock.web.MockServletContext -- Initializing Spring TestDispatcherServlet ''
21:36:48.557 [main] INFO org.springframework.test.web.servlet.TestDispatcherServlet -- Initializing Servlet ''
21:36:48.557 [main] INFO org.springframework.test.web.servlet.TestDispatcherServlet -- Completed initialization in 0 ms
21:36:48.560 [main] INFO org.springframework.mock.web.MockServletContext -- Initializing Spring TestDispatcherServlet ''
21:36:48.560 [main] INFO org.springframework.test.web.servlet.TestDispatcherServlet -- Initializing Servlet ''
21:36:48.560 [main] INFO org.springframework.test.web.servlet.TestDispatcherServlet -- Completed initialization in 0 ms
21:36:48.565 [main] INFO org.springframework.mock.web.MockServletContext -- Initializing Spring TestDispatcherServlet ''
21:36:48.565 [main] INFO org.springframework.test.web.servlet.TestDispatcherServlet -- Initializing Servlet ''
21:36:48.565 [main] INFO org.springframework.test.web.servlet.TestDispatcherServlet -- Completed initialization in 0 ms
21:36:48.581 [main] INFO org.springframework.mock.web.MockServletContext -- Initializing Spring TestDispatcherServlet ''
21:36:48.581 [main] INFO org.springframework.test.web.servlet.TestDispatcherServlet -- Initializing Servlet ''
21:36:48.581 [main] INFO org.springframework.test.web.servlet.TestDispatcherServlet -- Completed initialization in 0 ms
21:36:48.584 [main] INFO org.springframework.mock.web.MockServletContext -- Initializing Spring TestDispatcherServlet ''
21:36:48.584 [main] INFO org.springframework.test.web.servlet.TestDispatcherServlet -- Initializing Servlet ''
21:36:48.584 [main] INFO org.springframework.test.web.servlet.TestDispatcherServlet -- Completed initialization in 0 ms
21:36:48.587 [main] INFO org.springframework.mock.web.MockServletContext -- Initializing Spring TestDispatcherServlet ''
21:36:48.587 [main] INFO org.springframework.test.web.servlet.TestDispatcherServlet -- Initializing Servlet ''
21:36:48.587 [main] INFO org.springframework.test.web.servlet.TestDispatcherServlet -- Completed initialization in 0 ms
21:36:48.593 [main] INFO org.springframework.mock.web.MockServletContext -- Initializing Spring TestDispatcherServlet ''
21:36:48.593 [main] INFO org.springframework.test.web.servlet.TestDispatcherServlet -- Initializing Servlet ''
21:36:48.593 [main] INFO org.springframework.test.web.servlet.TestDispatcherServlet -- Completed initialization in 0 ms
21:36:48.603 [main] INFO org.springframework.mock.web.MockServletContext -- Initializing Spring TestDispatcherServlet ''
21:36:48.603 [main] INFO org.springframework.test.web.servlet.TestDispatcherServlet -- Initializing Servlet ''
21:36:48.603 [main] INFO org.springframework.test.web.servlet.TestDispatcherServlet -- Completed initialization in 0 ms
21:36:48.606 [main] INFO org.springframework.mock.web.MockServletContext -- Initializing Spring TestDispatcherServlet ''
21:36:48.606 [main] INFO org.springframework.test.web.servlet.TestDispatcherServlet -- Initializing Servlet ''
21:36:48.606 [main] INFO org.springframework.test.web.servlet.TestDispatcherServlet -- Completed initialization in 0 ms
21:36:48.609 [main] INFO org.springframework.mock.web.MockServletContext -- Initializing Spring TestDispatcherServlet ''
21:36:48.609 [main] INFO org.springframework.test.web.servlet.TestDispatcherServlet -- Initializing Servlet ''
21:36:48.609 [main] INFO org.springframework.test.web.servlet.TestDispatcherServlet -- Completed initialization in 0 ms
21:36:48.614 [main] INFO org.springframework.mock.web.MockServletContext -- Initializing Spring TestDispatcherServlet ''
21:36:48.615 [main] INFO org.springframework.test.web.servlet.TestDispatcherServlet -- Initializing Servlet ''
21:36:48.615 [main] INFO org.springframework.test.web.servlet.TestDispatcherServlet -- Completed initialization in 0 ms
21:36:48.626 [main] INFO org.springframework.mock.web.MockServletContext -- Initializing Spring TestDispatcherServlet ''
21:36:48.626 [main] INFO org.springframework.test.web.servlet.TestDispatcherServlet -- Initializing Servlet ''
21:36:48.626 [main] INFO org.springframework.test.web.servlet.TestDispatcherServlet -- Completed initialization in 0 ms
21:36:48.629 [main] INFO org.springframework.mock.web.MockServletContext -- Initializing Spring TestDispatcherServlet ''
21:36:48.629 [main] INFO org.springframework.test.web.servlet.TestDispatcherServlet -- Initializing Servlet ''
21:36:48.629 [main] INFO org.springframework.test.web.servlet.TestDispatcherServlet -- Completed initialization in 0 ms
21:36:48.633 [main] INFO org.springframework.mock.web.MockServletContext -- Initializing Spring TestDispatcherServlet ''
21:36:48.633 [main] INFO org.springframework.test.web.servlet.TestDispatcherServlet -- Initializing Servlet ''
21:36:48.633 [main] INFO org.springframework.test.web.servlet.TestDispatcherServlet -- Completed initialization in 0 ms
21:36:48.638 [main] INFO org.springframework.mock.web.MockServletContext -- Initializing Spring TestDispatcherServlet ''
21:36:48.638 [main] INFO org.springframework.test.web.servlet.TestDispatcherServlet -- Initializing Servlet ''
21:36:48.639 [main] INFO org.springframework.test.web.servlet.TestDispatcherServlet -- Completed initialization in 1 ms
21:36:48.645 [main] INFO org.springframework.mock.web.MockServletContext -- Initializing Spring TestDispatcherServlet ''
21:36:48.645 [main] INFO org.springframework.test.web.servlet.TestDispatcherServlet -- Initializing Servlet ''
21:36:48.645 [main] INFO org.springframework.test.web.servlet.TestDispatcherServlet -- Completed initialization in 0 ms
21:36:48.648 [main] INFO org.springframework.mock.web.MockServletContext -- Initializing Spring TestDispatcherServlet ''
21:36:48.648 [main] INFO org.springframework.test.web.servlet.TestDispatcherServlet -- Initializing Servlet ''
21:36:48.648 [main] INFO org.springframework.test.web.servlet.TestDispatcherServlet -- Completed initialization in 0 ms
21:36:48.652 [main] INFO org.springframework.mock.web.MockServletContext -- Initializing Spring TestDispatcherServlet ''
21:36:48.652 [main] INFO org.springframework.test.web.servlet.TestDispatcherServlet -- Initializing Servlet ''
21:36:48.652 [main] INFO org.springframework.test.web.servlet.TestDispatcherServlet -- Completed initialization in 0 ms
21:36:48.659 [main] INFO org.springframework.mock.web.MockServletContext -- Initializing Spring TestDispatcherServlet ''
21:36:48.659 [main] INFO org.springframework.test.web.servlet.TestDispatcherServlet -- Initializing Servlet ''
21:36:48.659 [main] INFO org.springframework.test.web.servlet.TestDispatcherServlet -- Completed initialization in 0 ms
21:36:48.667 [main] INFO org.springframework.mock.web.MockServletContext -- Initializing Spring TestDispatcherServlet ''
21:36:48.667 [main] INFO org.springframework.test.web.servlet.TestDispatcherServlet -- Initializing Servlet ''
21:36:48.667 [main] INFO org.springframework.test.web.servlet.TestDispatcherServlet -- Completed initialization in 0 ms
21:36:48.670 [main] INFO org.springframework.mock.web.MockServletContext -- Initializing Spring TestDispatcherServlet ''
21:36:48.670 [main] INFO org.springframework.test.web.servlet.TestDispatcherServlet -- Initializing Servlet ''
21:36:48.670 [main] INFO org.springframework.test.web.servlet.TestDispatcherServlet -- Completed initialization in 0 ms
21:36:48.673 [main] INFO org.springframework.mock.web.MockServletContext -- Initializing Spring TestDispatcherServlet ''
21:36:48.673 [main] INFO org.springframework.test.web.servlet.TestDispatcherServlet -- Initializing Servlet ''
21:36:48.673 [main] INFO org.springframework.test.web.servlet.TestDispatcherServlet -- Completed initialization in 0 ms
21:36:48.678 [main] INFO org.springframework.mock.web.MockServletContext -- Initializing Spring TestDispatcherServlet ''
21:36:48.678 [main] INFO org.springframework.test.web.servlet.TestDispatcherServlet -- Initializing Servlet ''
21:36:48.679 [main] INFO org.springframework.test.web.servlet.TestDispatcherServlet -- Completed initialization in 1 ms
21:36:48.687 [main] INFO org.springframework.mock.web.MockServletContext -- Initializing Spring TestDispatcherServlet ''
21:36:48.687 [main] INFO org.springframework.test.web.servlet.TestDispatcherServlet -- Initializing Servlet ''
21:36:48.687 [main] INFO org.springframework.test.web.servlet.TestDispatcherServlet -- Completed initialization in 0 ms
21:36:48.690 [main] INFO org.springframework.mock.web.MockServletContext -- Initializing Spring TestDispatcherServlet ''
21:36:48.690 [main] INFO org.springframework.test.web.servlet.TestDispatcherServlet -- Initializing Servlet ''
21:36:48.690 [main] INFO org.springframework.test.web.servlet.TestDispatcherServlet -- Completed initialization in 0 ms
21:36:48.694 [main] INFO org.springframework.mock.web.MockServletContext -- Initializing Spring TestDispatcherServlet ''
21:36:48.694 [main] INFO org.springframework.test.web.servlet.TestDispatcherServlet -- Initializing Servlet ''
21:36:48.694 [main] INFO org.springframework.test.web.servlet.TestDispatcherServlet -- Completed initialization in 0 ms
21:36:48.699 [main] INFO org.springframework.mock.web.MockServletContext -- Initializing Spring TestDispatcherServlet ''
21:36:48.699 [main] INFO org.springframework.test.web.servlet.TestDispatcherServlet -- Initializing Servlet ''
21:36:48.699 [main] INFO org.springframework.test.web.servlet.TestDispatcherServlet -- Completed initialization in 0 ms
21:36:48.706 [main] INFO org.springframework.mock.web.MockServletContext -- Initializing Spring TestDispatcherServlet ''
21:36:48.706 [main] INFO org.springframework.test.web.servlet.TestDispatcherServlet -- Initializing Servlet ''
21:36:48.706 [main] INFO org.springframework.test.web.servlet.TestDispatcherServlet -- Completed initialization in 0 ms
21:36:48.709 [main] INFO org.springframework.mock.web.MockServletContext -- Initializing Spring TestDispatcherServlet ''
21:36:48.709 [main] INFO org.springframework.test.web.servlet.TestDispatcherServlet -- Initializing Servlet ''
21:36:48.709 [main] INFO org.springframework.test.web.servlet.TestDispatcherServlet -- Completed initialization in 0 ms
21:36:48.712 [main] INFO org.springframework.mock.web.MockServletContext -- Initializing Spring TestDispatcherServlet ''
21:36:48.712 [main] INFO org.springframework.test.web.servlet.TestDispatcherServlet -- Initializing Servlet ''
21:36:48.712 [main] INFO org.springframework.test.web.servlet.TestDispatcherServlet -- Completed initialization in 0 ms
21:36:48.716 [main] INFO org.springframework.mock.web.MockServletContext -- Initializing Spring TestDispatcherServlet ''
21:36:48.717 [main] INFO org.springframework.test.web.servlet.TestDispatcherServlet -- Initializing Servlet ''
21:36:48.717 [main] INFO org.springframework.test.web.servlet.TestDispatcherServlet -- Completed initialization in 0 ms
21:36:48.723 [main] INFO org.springframework.mock.web.MockServletContext -- Initializing Spring TestDispatcherServlet ''
21:36:48.723 [main] INFO org.springframework.test.web.servlet.TestDispatcherServlet -- Initializing Servlet ''
21:36:48.723 [main] INFO org.springframework.test.web.servlet.TestDispatcherServlet -- Completed initialization in 0 ms
21:36:48.726 [main] INFO org.springframework.mock.web.MockServletContext -- Initializing Spring TestDispatcherServlet ''
21:36:48.726 [main] INFO org.springframework.test.web.servlet.TestDispatcherServlet -- Initializing Servlet ''
21:36:48.726 [main] INFO org.springframework.test.web.servlet.TestDispatcherServlet -- Completed initialization in 0 ms
21:36:48.729 [main] INFO org.springframework.mock.web.MockServletContext -- Initializing Spring TestDispatcherServlet ''
21:36:48.729 [main] INFO org.springframework.test.web.servlet.TestDispatcherServlet -- Initializing Servlet ''
21:36:48.729 [main] INFO org.springframework.test.web.servlet.TestDispatcherServlet -- Completed initialization in 0 ms
21:36:48.735 [main] INFO org.springframework.mock.web.MockServletContext -- Initializing Spring TestDispatcherServlet ''
21:36:48.735 [main] INFO org.springframework.test.web.servlet.TestDispatcherServlet -- Initializing Servlet ''
21:36:48.735 [main] INFO org.springframework.test.web.servlet.TestDispatcherServlet -- Completed initialization in 0 ms
21:36:48.742 [main] INFO org.springframework.mock.web.MockServletContext -- Initializing Spring TestDispatcherServlet ''
21:36:48.742 [main] INFO org.springframework.test.web.servlet.TestDispatcherServlet -- Initializing Servlet ''
21:36:48.742 [main] INFO org.springframework.test.web.servlet.TestDispatcherServlet -- Completed initialization in 0 ms
21:36:48.745 [main] INFO org.springframework.mock.web.MockServletContext -- Initializing Spring TestDispatcherServlet ''
21:36:48.745 [main] INFO org.springframework.test.web.servlet.TestDispatcherServlet -- Initializing Servlet ''
21:36:48.745 [main] INFO org.springframework.test.web.servlet.TestDispatcherServlet -- Completed initialization in 0 ms
21:36:48.748 [main] INFO org.springframework.mock.web.MockServletContext -- Initializing Spring TestDispatcherServlet ''
21:36:48.748 [main] INFO org.springframework.test.web.servlet.TestDispatcherServlet -- Initializing Servlet ''
21:36:48.748 [main] INFO org.springframework.test.web.servlet.TestDispatcherServlet -- Completed initialization in 0 ms
21:36:48.753 [main] INFO org.springframework.mock.web.MockServletContext -- Initializing Spring TestDispatcherServlet ''
21:36:48.753 [main] INFO org.springframework.test.web.servlet.TestDispatcherServlet -- Initializing Servlet ''
21:36:48.754 [main] INFO org.springframework.test.web.servlet.TestDispatcherServlet -- Completed initialization in 1 ms
21:36:48.760 [main] INFO org.springframework.mock.web.MockServletContext -- Initializing Spring TestDispatcherServlet ''
21:36:48.760 [main] INFO org.springframework.test.web.servlet.TestDispatcherServlet -- Initializing Servlet ''
21:36:48.760 [main] INFO org.springframework.test.web.servlet.TestDispatcherServlet -- Completed initialization in 0 ms
21:36:48.763 [main] INFO org.springframework.mock.web.MockServletContext -- Initializing Spring TestDispatcherServlet ''
21:36:48.763 [main] INFO org.springframework.test.web.servlet.TestDispatcherServlet -- Initializing Servlet ''
21:36:48.763 [main] INFO org.springframework.test.web.servlet.TestDispatcherServlet -- Completed initialization in 0 ms
21:36:48.767 [main] INFO org.springframework.mock.web.MockServletContext -- Initializing Spring TestDispatcherServlet ''
21:36:48.767 [main] INFO org.springframework.test.web.servlet.TestDispatcherServlet -- Initializing Servlet ''
21:36:48.767 [main] INFO org.springframework.test.web.servlet.TestDispatcherServlet -- Completed initialization in 0 ms
21:36:48.772 [main] INFO org.springframework.mock.web.MockServletContext -- Initializing Spring TestDispatcherServlet ''
21:36:48.772 [main] INFO org.springframework.test.web.servlet.TestDispatcherServlet -- Initializing Servlet ''
21:36:48.772 [main] INFO org.springframework.test.web.servlet.TestDispatcherServlet -- Completed initialization in 0 ms
abr 07, 2026 9:36:48 P.?M. edu.dosw.project.SFC_TechUp_Futbol.core.service.PagoServiceImpl subirComprobante
INFO: Comprobante subido para equipo: 4dbd7358-15ba-43bb-97c6-e0d97b9d0d80
21:36:48.786 [main] INFO org.springframework.mock.web.MockServletContext -- Initializing Spring TestDispatcherServlet ''
21:36:48.787 [main] INFO org.springframework.test.web.servlet.TestDispatcherServlet -- Initializing Servlet ''
21:36:48.787 [main] INFO org.springframework.test.web.servlet.TestDispatcherServlet -- Completed initialization in 0 ms
21:36:48.790 [main] INFO org.springframework.mock.web.MockServletContext -- Initializing Spring TestDispatcherServlet ''
21:36:48.790 [main] INFO org.springframework.test.web.servlet.TestDispatcherServlet -- Initializing Servlet ''
21:36:48.790 [main] INFO org.springframework.test.web.servlet.TestDispatcherServlet -- Completed initialization in 0 ms
21:36:48.793 [main] INFO org.springframework.mock.web.MockServletContext -- Initializing Spring TestDispatcherServlet ''
21:36:48.793 [main] INFO org.springframework.test.web.servlet.TestDispatcherServlet -- Initializing Servlet ''
21:36:48.793 [main] INFO org.springframework.test.web.servlet.TestDispatcherServlet -- Completed initialization in 0 ms
21:36:48.800 [main] INFO org.springframework.mock.web.MockServletContext -- Initializing Spring TestDispatcherServlet ''
21:36:48.800 [main] INFO org.springframework.test.web.servlet.TestDispatcherServlet -- Initializing Servlet ''
21:36:48.800 [main] INFO org.springframework.test.web.servlet.TestDispatcherServlet -- Completed initialization in 0 ms
abr 07, 2026 9:36:48 P.?M. edu.dosw.project.SFC_TechUp_Futbol.core.service.TorneoService crear
INFO: Torneo creado
21:36:48.815 [main] INFO org.springframework.mock.web.MockServletContext -- Initializing Spring TestDispatcherServlet ''
21:36:48.815 [main] INFO org.springframework.test.web.servlet.TestDispatcherServlet -- Initializing Servlet ''
21:36:48.815 [main] INFO org.springframework.test.web.servlet.TestDispatcherServlet -- Completed initialization in 0 ms
21:36:48.818 [main] INFO org.springframework.mock.web.MockServletContext -- Initializing Spring TestDispatcherServlet ''
21:36:48.818 [main] INFO org.springframework.test.web.servlet.TestDispatcherServlet -- Initializing Servlet ''
21:36:48.818 [main] INFO org.springframework.test.web.servlet.TestDispatcherServlet -- Completed initialization in 0 ms
21:36:48.821 [main] INFO org.springframework.mock.web.MockServletContext -- Initializing Spring TestDispatcherServlet ''
21:36:48.821 [main] INFO org.springframework.test.web.servlet.TestDispatcherServlet -- Initializing Servlet ''
21:36:48.821 [main] INFO org.springframework.test.web.servlet.TestDispatcherServlet -- Completed initialization in 0 ms
21:36:48.826 [main] INFO org.springframework.mock.web.MockServletContext -- Initializing Spring TestDispatcherServlet ''
21:36:48.826 [main] INFO org.springframework.test.web.servlet.TestDispatcherServlet -- Initializing Servlet ''
21:36:48.826 [main] INFO org.springframework.test.web.servlet.TestDispatcherServlet -- Completed initialization in 0 ms
21:36:48.835 [main] INFO org.springframework.mock.web.MockServletContext -- Initializing Spring TestDispatcherServlet ''
21:36:48.835 [main] INFO org.springframework.test.web.servlet.TestDispatcherServlet -- Initializing Servlet ''
21:36:48.835 [main] INFO org.springframework.test.web.servlet.TestDispatcherServlet -- Completed initialization in 0 ms
21:36:48.838 [main] INFO org.springframework.mock.web.MockServletContext -- Initializing Spring TestDispatcherServlet ''
21:36:48.838 [main] INFO org.springframework.test.web.servlet.TestDispatcherServlet -- Initializing Servlet ''
21:36:48.838 [main] INFO org.springframework.test.web.servlet.TestDispatcherServlet -- Completed initialization in 0 ms
21:36:48.841 [main] INFO org.springframework.mock.web.MockServletContext -- Initializing Spring TestDispatcherServlet ''
21:36:48.841 [main] INFO org.springframework.test.web.servlet.TestDispatcherServlet -- Initializing Servlet ''
21:36:48.841 [main] INFO org.springframework.test.web.servlet.TestDispatcherServlet -- Completed initialization in 0 ms
21:36:48.845 [main] INFO org.springframework.mock.web.MockServletContext -- Initializing Spring TestDispatcherServlet ''
21:36:48.845 [main] INFO org.springframework.test.web.servlet.TestDispatcherServlet -- Initializing Servlet ''
21:36:48.845 [main] INFO org.springframework.test.web.servlet.TestDispatcherServlet -- Completed initialization in 0 ms
21:36:48.855 [main] INFO org.springframework.mock.web.MockServletContext -- Initializing Spring TestDispatcherServlet ''
21:36:48.855 [main] INFO org.springframework.test.web.servlet.TestDispatcherServlet -- Initializing Servlet ''
21:36:48.855 [main] INFO org.springframework.test.web.servlet.TestDispatcherServlet -- Completed initialization in 0 ms
21:36:48.858 [main] INFO org.springframework.mock.web.MockServletContext -- Initializing Spring TestDispatcherServlet ''
21:36:48.858 [main] INFO org.springframework.test.web.servlet.TestDispatcherServlet -- Initializing Servlet ''
21:36:48.858 [main] INFO org.springframework.test.web.servlet.TestDispatcherServlet -- Completed initialization in 0 ms
21:36:48.862 [main] INFO org.springframework.mock.web.MockServletContext -- Initializing Spring TestDispatcherServlet ''
21:36:48.862 [main] INFO org.springframework.test.web.servlet.TestDispatcherServlet -- Initializing Servlet ''
21:36:48.862 [main] INFO org.springframework.test.web.servlet.TestDispatcherServlet -- Completed initialization in 0 ms
21:36:48.867 [main] INFO org.springframework.mock.web.MockServletContext -- Initializing Spring TestDispatcherServlet ''
21:36:48.867 [main] INFO org.springframework.test.web.servlet.TestDispatcherServlet -- Initializing Servlet ''
21:36:48.867 [main] INFO org.springframework.test.web.servlet.TestDispatcherServlet -- Completed initialization in 0 ms
21:36:48.874 [main] INFO org.springframework.mock.web.MockServletContext -- Initializing Spring TestDispatcherServlet ''
21:36:48.874 [main] INFO org.springframework.test.web.servlet.TestDispatcherServlet -- Initializing Servlet ''
21:36:48.874 [main] INFO org.springframework.test.web.servlet.TestDispatcherServlet -- Completed initialization in 0 ms
21:36:48.877 [main] INFO org.springframework.mock.web.MockServletContext -- Initializing Spring TestDispatcherServlet ''
21:36:48.877 [main] INFO org.springframework.test.web.servlet.TestDispatcherServlet -- Initializing Servlet ''
21:36:48.877 [main] INFO org.springframework.test.web.servlet.TestDispatcherServlet -- Completed initialization in 0 ms
21:36:48.881 [main] INFO org.springframework.mock.web.MockServletContext -- Initializing Spring TestDispatcherServlet ''
21:36:48.881 [main] INFO org.springframework.test.web.servlet.TestDispatcherServlet -- Initializing Servlet ''
21:36:48.881 [main] INFO org.springframework.test.web.servlet.TestDispatcherServlet -- Completed initialization in 0 ms
21:36:48.886 [main] INFO org.springframework.mock.web.MockServletContext -- Initializing Spring TestDispatcherServlet ''
21:36:48.886 [main] INFO org.springframework.test.web.servlet.TestDispatcherServlet -- Initializing Servlet ''
21:36:48.886 [main] INFO org.springframework.test.web.servlet.TestDispatcherServlet -- Completed initialization in 0 ms
21:36:48.893 [main] INFO org.springframework.mock.web.MockServletContext -- Initializing Spring TestDispatcherServlet ''
21:36:48.893 [main] INFO org.springframework.test.web.servlet.TestDispatcherServlet -- Initializing Servlet ''
21:36:48.893 [main] INFO org.springframework.test.web.servlet.TestDispatcherServlet -- Completed initialization in 0 ms
21:36:48.896 [main] INFO org.springframework.mock.web.MockServletContext -- Initializing Spring TestDispatcherServlet ''
21:36:48.896 [main] INFO org.springframework.test.web.servlet.TestDispatcherServlet -- Initializing Servlet ''
21:36:48.897 [main] INFO org.springframework.test.web.servlet.TestDispatcherServlet -- Completed initialization in 1 ms
21:36:48.899 [main] INFO org.springframework.mock.web.MockServletContext -- Initializing Spring TestDispatcherServlet ''
21:36:48.899 [main] INFO org.springframework.test.web.servlet.TestDispatcherServlet -- Initializing Servlet ''
21:36:48.899 [main] INFO org.springframework.test.web.servlet.TestDispatcherServlet -- Completed initialization in 0 ms
21:36:48.904 [main] INFO org.springframework.mock.web.MockServletContext -- Initializing Spring TestDispatcherServlet ''
21:36:48.904 [main] INFO org.springframework.test.web.servlet.TestDispatcherServlet -- Initializing Servlet ''
21:36:48.905 [main] INFO org.springframework.test.web.servlet.TestDispatcherServlet -- Completed initialization in 0 ms
21:36:48.917 [main] INFO org.springframework.mock.web.MockServletContext -- Initializing Spring TestDispatcherServlet ''
21:36:48.917 [main] INFO org.springframework.test.web.servlet.TestDispatcherServlet -- Initializing Servlet ''
21:36:48.917 [main] INFO org.springframework.test.web.servlet.TestDispatcherServlet -- Completed initialization in 0 ms
21:36:48.920 [main] INFO org.springframework.mock.web.MockServletContext -- Initializing Spring TestDispatcherServlet ''
21:36:48.920 [main] INFO org.springframework.test.web.servlet.TestDispatcherServlet -- Initializing Servlet ''
21:36:48.920 [main] INFO org.springframework.test.web.servlet.TestDispatcherServlet -- Completed initialization in 0 ms
21:36:48.923 [main] INFO org.springframework.mock.web.MockServletContext -- Initializing Spring TestDispatcherServlet ''
21:36:48.923 [main] INFO org.springframework.test.web.servlet.TestDispatcherServlet -- Initializing Servlet ''
21:36:48.923 [main] INFO org.springframework.test.web.servlet.TestDispatcherServlet -- Completed initialization in 0 ms
21:36:48.928 [main] INFO org.springframework.mock.web.MockServletContext -- Initializing Spring TestDispatcherServlet ''
21:36:48.928 [main] INFO org.springframework.test.web.servlet.TestDispatcherServlet -- Initializing Servlet ''
21:36:48.930 [main] INFO org.springframework.test.web.servlet.TestDispatcherServlet -- Completed initialization in 2 ms
21:36:48.936 [main] INFO org.springframework.mock.web.MockServletContext -- Initializing Spring TestDispatcherServlet ''
21:36:48.936 [main] INFO org.springframework.test.web.servlet.TestDispatcherServlet -- Initializing Servlet ''
21:36:48.936 [main] INFO org.springframework.test.web.servlet.TestDispatcherServlet -- Completed initialization in 0 ms
21:36:48.939 [main] INFO org.springframework.mock.web.MockServletContext -- Initializing Spring TestDispatcherServlet ''
21:36:48.939 [main] INFO org.springframework.test.web.servlet.TestDispatcherServlet -- Initializing Servlet ''
21:36:48.939 [main] INFO org.springframework.test.web.servlet.TestDispatcherServlet -- Completed initialization in 0 ms
21:36:48.942 [main] INFO org.springframework.mock.web.MockServletContext -- Initializing Spring TestDispatcherServlet ''
21:36:48.943 [main] INFO org.springframework.test.web.servlet.TestDispatcherServlet -- Initializing Servlet ''
21:36:48.943 [main] INFO org.springframework.test.web.servlet.TestDispatcherServlet -- Completed initialization in 0 ms
21:36:48.947 [main] INFO org.springframework.mock.web.MockServletContext -- Initializing Spring TestDispatcherServlet ''
21:36:48.948 [main] INFO org.springframework.test.web.servlet.TestDispatcherServlet -- Initializing Servlet ''
21:36:48.948 [main] INFO org.springframework.test.web.servlet.TestDispatcherServlet -- Completed initialization in 0 ms
[INFO] Tests run: 39, Failures: 0, Errors: 0, Skipped: 0, Time elapsed: 0.908 s -- in edu.dosw.project.SFC_TechUp_Futbol.controller.PagoPartidoControllerTest
[INFO] Running edu.dosw.project.SFC_TechUp_Futbol.controller.PartidoControllerTest
21:36:48.959 [main] INFO org.springframework.mock.web.MockServletContext -- Initializing Spring TestDispatcherServlet ''
21:36:48.959 [main] INFO org.springframework.test.web.servlet.TestDispatcherServlet -- Initializing Servlet ''
21:36:48.959 [main] INFO org.springframework.test.web.servlet.TestDispatcherServlet -- Completed initialization in 0 ms
21:36:48.966 [main] INFO org.springframework.mock.web.MockServletContext -- Initializing Spring TestDispatcherServlet ''
21:36:48.966 [main] INFO org.springframework.test.web.servlet.TestDispatcherServlet -- Initializing Servlet ''
21:36:48.966 [main] INFO org.springframework.test.web.servlet.TestDispatcherServlet -- Completed initialization in 0 ms
21:36:48.973 [main] INFO org.springframework.mock.web.MockServletContext -- Initializing Spring TestDispatcherServlet ''
21:36:48.973 [main] INFO org.springframework.test.web.servlet.TestDispatcherServlet -- Initializing Servlet ''
21:36:48.973 [main] INFO org.springframework.test.web.servlet.TestDispatcherServlet -- Completed initialization in 0 ms
[INFO] Tests run: 3, Failures: 0, Errors: 0, Skipped: 0, Time elapsed: 0.024 s -- in edu.dosw.project.SFC_TechUp_Futbol.controller.PartidoControllerTest
[INFO] Running edu.dosw.project.SFC_TechUp_Futbol.controller.UsuarioControllerTest
21:36:48.984 [main] INFO org.springframework.mock.web.MockServletContext -- Initializing Spring TestDispatcherServlet ''
21:36:48.984 [main] INFO org.springframework.test.web.servlet.TestDispatcherServlet -- Initializing Servlet ''
21:36:48.984 [main] INFO org.springframework.test.web.servlet.TestDispatcherServlet -- Completed initialization in 0 ms
21:36:48.992 [main] INFO org.springframework.mock.web.MockServletContext -- Initializing Spring TestDispatcherServlet ''
21:36:48.992 [main] INFO org.springframework.test.web.servlet.TestDispatcherServlet -- Initializing Servlet ''
21:36:48.992 [main] INFO org.springframework.test.web.servlet.TestDispatcherServlet -- Completed initialization in 0 ms
21:36:49.003 [main] INFO org.springframework.mock.web.MockServletContext -- Initializing Spring TestDispatcherServlet ''
21:36:49.003 [main] INFO org.springframework.test.web.servlet.TestDispatcherServlet -- Initializing Servlet ''
21:36:49.003 [main] INFO org.springframework.test.web.servlet.TestDispatcherServlet -- Completed initialization in 0 ms
21:36:49.011 [main] INFO org.springframework.mock.web.MockServletContext -- Initializing Spring TestDispatcherServlet ''
21:36:49.011 [main] INFO org.springframework.test.web.servlet.TestDispatcherServlet -- Initializing Servlet ''
21:36:49.011 [main] INFO org.springframework.test.web.servlet.TestDispatcherServlet -- Completed initialization in 0 ms
abr 07, 2026 9:36:49 P.?M. edu.dosw.project.SFC_TechUp_Futbol.core.service.TorneoService crear
INFO: Torneo creado
abr 07, 2026 9:36:49 P.?M. edu.dosw.project.SFC_TechUp_Futbol.core.service.EquipoService crear
INFO: Equipo creado con id: df02002c-7858-4031-bc4b-a585069c7856
abr 07, 2026 9:36:49 P.?M. edu.dosw.project.SFC_TechUp_Futbol.core.service.EquipoService crear
INFO: Equipo creado con id: ca6d9a2c-1cd9-481e-946a-9e6b52c8d4cc
abr 07, 2026 9:36:49 P.?M. edu.dosw.project.SFC_TechUp_Futbol.core.service.PartidoServiceImpl crearPartido
INFO: Partido creado exitosamente
21:36:49.036 [main] INFO org.springframework.mock.web.MockServletContext -- Initializing Spring TestDispatcherServlet ''
21:36:49.036 [main] INFO org.springframework.test.web.servlet.TestDispatcherServlet -- Initializing Servlet ''
21:36:49.036 [main] INFO org.springframework.test.web.servlet.TestDispatcherServlet -- Completed initialization in 0 ms
21:36:49.046 [main] INFO org.springframework.mock.web.MockServletContext -- Initializing Spring TestDispatcherServlet ''
21:36:49.046 [main] INFO org.springframework.test.web.servlet.TestDispatcherServlet -- Initializing Servlet ''
21:36:49.046 [main] INFO org.springframework.test.web.servlet.TestDispatcherServlet -- Completed initialization in 0 ms
abr 07, 2026 9:36:49 P.?M. edu.dosw.project.SFC_TechUp_Futbol.controller.UsuarioController accionesPorActor
WARNING: Actor inválido recibido: invalido
21:36:49.055 [main] INFO org.springframework.mock.web.MockServletContext -- Initializing Spring TestDispatcherServlet ''
21:36:49.055 [main] INFO org.springframework.test.web.servlet.TestDispatcherServlet -- Initializing Servlet ''
21:36:49.055 [main] INFO org.springframework.test.web.servlet.TestDispatcherServlet -- Completed initialization in 0 ms
21:36:49.065 [main] INFO org.springframework.mock.web.MockServletContext -- Initializing Spring TestDispatcherServlet ''
21:36:49.065 [main] INFO org.springframework.test.web.servlet.TestDispatcherServlet -- Initializing Servlet ''
21:36:49.065 [main] INFO org.springframework.test.web.servlet.TestDispatcherServlet -- Completed initialization in 0 ms
21:36:49.076 [main] INFO org.springframework.mock.web.MockServletContext -- Initializing Spring TestDispatcherServlet ''
21:36:49.076 [main] INFO org.springframework.test.web.servlet.TestDispatcherServlet -- Initializing Servlet ''
21:36:49.076 [main] INFO org.springframework.test.web.servlet.TestDispatcherServlet -- Completed initialization in 0 ms
21:36:49.089 [main] INFO org.springframework.mock.web.MockServletContext -- Initializing Spring TestDispatcherServlet ''
21:36:49.089 [main] INFO org.springframework.test.web.servlet.TestDispatcherServlet -- Initializing Servlet ''
21:36:49.089 [main] INFO org.springframework.test.web.servlet.TestDispatcherServlet -- Completed initialization in 0 ms
21:36:49.098 [main] INFO org.springframework.mock.web.MockServletContext -- Initializing Spring TestDispatcherServlet ''
21:36:49.098 [main] INFO org.springframework.test.web.servlet.TestDispatcherServlet -- Initializing Servlet ''
21:36:49.098 [main] INFO org.springframework.test.web.servlet.TestDispatcherServlet -- Completed initialization in 0 ms
21:36:49.110 [main] INFO org.springframework.mock.web.MockServletContext -- Initializing Spring TestDispatcherServlet ''
21:36:49.110 [main] INFO org.springframework.test.web.servlet.TestDispatcherServlet -- Initializing Servlet ''
21:36:49.111 [main] INFO org.springframework.test.web.servlet.TestDispatcherServlet -- Completed initialization in 0 ms
21:36:49.123 [main] INFO org.springframework.mock.web.MockServletContext -- Initializing Spring TestDispatcherServlet ''
21:36:49.123 [main] INFO org.springframework.test.web.servlet.TestDispatcherServlet -- Initializing Servlet ''
21:36:49.123 [main] INFO org.springframework.test.web.servlet.TestDispatcherServlet -- Completed initialization in 0 ms
21:36:49.135 [main] INFO org.springframework.mock.web.MockServletContext -- Initializing Spring TestDispatcherServlet ''
21:36:49.135 [main] INFO org.springframework.test.web.servlet.TestDispatcherServlet -- Initializing Servlet ''
21:36:49.135 [main] INFO org.springframework.test.web.servlet.TestDispatcherServlet -- Completed initialization in 0 ms
21:36:49.146 [main] INFO org.springframework.mock.web.MockServletContext -- Initializing Spring TestDispatcherServlet ''
21:36:49.146 [main] INFO org.springframework.test.web.servlet.TestDispatcherServlet -- Initializing Servlet ''
21:36:49.146 [main] INFO org.springframework.test.web.servlet.TestDispatcherServlet -- Completed initialization in 0 ms
21:36:49.154 [main] INFO org.springframework.mock.web.MockServletContext -- Initializing Spring TestDispatcherServlet ''
21:36:49.154 [main] INFO org.springframework.test.web.servlet.TestDispatcherServlet -- Initializing Servlet ''
21:36:49.154 [main] INFO org.springframework.test.web.servlet.TestDispatcherServlet -- Completed initialization in 0 ms
21:36:49.166 [main] INFO org.springframework.mock.web.MockServletContext -- Initializing Spring TestDispatcherServlet ''
21:36:49.166 [main] INFO org.springframework.test.web.servlet.TestDispatcherServlet -- Initializing Servlet ''
21:36:49.166 [main] INFO org.springframework.test.web.servlet.TestDispatcherServlet -- Completed initialization in 0 ms
abr 07, 2026 9:36:49 P.?M. edu.dosw.project.SFC_TechUp_Futbol.core.service.TorneoService crear
INFO: Torneo creado
abr 07, 2026 9:36:49 P.?M. edu.dosw.project.SFC_TechUp_Futbol.core.service.TorneoService configurar
INFO: Torneo configurado
21:36:49.184 [main] INFO org.springframework.mock.web.MockServletContext -- Initializing Spring TestDispatcherServlet ''
21:36:49.185 [main] INFO org.springframework.test.web.servlet.TestDispatcherServlet -- Initializing Servlet ''
21:36:49.185 [main] INFO org.springframework.test.web.servlet.TestDispatcherServlet -- Completed initialization in 0 ms
21:36:49.193 [main] INFO org.springframework.mock.web.MockServletContext -- Initializing Spring TestDispatcherServlet ''
21:36:49.193 [main] INFO org.springframework.test.web.servlet.TestDispatcherServlet -- Initializing Servlet ''
21:36:49.193 [main] INFO org.springframework.test.web.servlet.TestDispatcherServlet -- Completed initialization in 0 ms
21:36:49.204 [main] INFO org.springframework.mock.web.MockServletContext -- Initializing Spring TestDispatcherServlet ''
21:36:49.205 [main] INFO org.springframework.test.web.servlet.TestDispatcherServlet -- Initializing Servlet ''
21:36:49.205 [main] INFO org.springframework.test.web.servlet.TestDispatcherServlet -- Completed initialization in 0 ms
21:36:49.212 [main] INFO org.springframework.mock.web.MockServletContext -- Initializing Spring TestDispatcherServlet ''
21:36:49.212 [main] INFO org.springframework.test.web.servlet.TestDispatcherServlet -- Initializing Servlet ''
21:36:49.212 [main] INFO org.springframework.test.web.servlet.TestDispatcherServlet -- Completed initialization in 0 ms
21:36:49.220 [main] INFO org.springframework.mock.web.MockServletContext -- Initializing Spring TestDispatcherServlet ''
21:36:49.220 [main] INFO org.springframework.test.web.servlet.TestDispatcherServlet -- Initializing Servlet ''
21:36:49.220 [main] INFO org.springframework.test.web.servlet.TestDispatcherServlet -- Completed initialization in 0 ms
[INFO] Tests run: 22, Failures: 0, Errors: 0, Skipped: 0, Time elapsed: 0.248 s -- in edu.dosw.project.SFC_TechUp_Futbol.controller.UsuarioControllerTest
[INFO] Running edu.dosw.project.SFC_TechUp_Futbol.core.model.ModelStateTest
[INFO] Tests run: 27, Failures: 0, Errors: 0, Skipped: 0, Time elapsed: 0.022 s -- in edu.dosw.project.SFC_TechUp_Futbol.core.model.ModelStateTest
[INFO] Running edu.dosw.project.SFC_TechUp_Futbol.core.model.SancionTest
[INFO] Tests run: 17, Failures: 0, Errors: 0, Skipped: 0, Time elapsed: 0.022 s -- in edu.dosw.project.SFC_TechUp_Futbol.core.model.SancionTest
[INFO] Running edu.dosw.project.SFC_TechUp_Futbol.core.model.TorneoTest
[INFO] Tests run: 5, Failures: 0, Errors: 0, Skipped: 0, Time elapsed: 0.004 s -- in edu.dosw.project.SFC_TechUp_Futbol.core.model.TorneoTest
[INFO] Running edu.dosw.project.SFC_TechUp_Futbol.core.service.AccesoServiceTest
abr 07, 2026 9:36:49 P.?M. edu.dosw.project.SFC_TechUp_Futbol.core.service.AccesoServiceImpl registrar
INFO: Usuario registrado exitosamente
abr 07, 2026 9:36:49 P.?M. edu.dosw.project.SFC_TechUp_Futbol.core.service.AccesoServiceImpl registrar
INFO: Usuario registrado exitosamente
abr 07, 2026 9:36:49 P.?M. edu.dosw.project.SFC_TechUp_Futbol.core.service.AccesoServiceImpl login
INFO: Login jugador exitoso
abr 07, 2026 9:36:49 P.?M. edu.dosw.project.SFC_TechUp_Futbol.core.service.AccesoServiceImpl registrar
INFO: Usuario registrado exitosamente
abr 07, 2026 9:36:49 P.?M. edu.dosw.project.SFC_TechUp_Futbol.core.service.AccesoServiceImpl registrar
INFO: Usuario registrado exitosamente
[INFO] Tests run: 5, Failures: 0, Errors: 0, Skipped: 0, Time elapsed: 0.352 s -- in edu.dosw.project.SFC_TechUp_Futbol.core.service.AccesoServiceTest
[INFO] Running edu.dosw.project.SFC_TechUp_Futbol.core.service.AdministradorServiceTest
[INFO] Tests run: 5, Failures: 0, Errors: 0, Skipped: 0, Time elapsed: 0.495 s -- in edu.dosw.project.SFC_TechUp_Futbol.core.service.AdministradorServiceTest
[INFO] Running edu.dosw.project.SFC_TechUp_Futbol.core.service.AlineacionServiceTest
abr 07, 2026 9:36:50 P.?M. edu.dosw.project.SFC_TechUp_Futbol.core.service.AlineacionService registrar
INFO: Alineacion registrada para equipo: e14bff7a-37a6-4aec-9245-2d321e2f5349 partido: 9419a07a-ccec-4f19-9b13-e7d0e7f36ad9
abr 07, 2026 9:36:50 P.?M. edu.dosw.project.SFC_TechUp_Futbol.core.service.AlineacionService registrar
INFO: Alineacion registrada para equipo: d433d380-2425-4671-8975-33a7049538ad partido: 5c0004fd-595c-4ad5-956a-c19741123c20
abr 07, 2026 9:36:50 P.?M. edu.dosw.project.SFC_TechUp_Futbol.core.service.AlineacionService registrar
INFO: Alineacion registrada para equipo: 10e5e8d2-e80a-4291-bc87-e19ea6bfb4a4 partido: 37446c57-6e14-43ee-98d2-027d3282fc0a
abr 07, 2026 9:36:50 P.?M. edu.dosw.project.SFC_TechUp_Futbol.core.service.AlineacionService registrar
INFO: Alineacion registrada para equipo: 3309f163-dc31-4b0d-91e4-7235b71324f3 partido: 37446c57-6e14-43ee-98d2-027d3282fc0a
abr 07, 2026 9:36:50 P.?M. edu.dosw.project.SFC_TechUp_Futbol.core.service.AlineacionService registrar
INFO: Alineacion registrada para equipo: 3fa4472e-7d0e-45bc-a624-1fb7d5522fbd partido: 0dce12ef-21bc-4cd5-a997-2c35dff90459
abr 07, 2026 9:36:50 P.?M. edu.dosw.project.SFC_TechUp_Futbol.core.service.AlineacionService registrar
INFO: Alineacion registrada para equipo: d7e88c4a-f61d-4053-9159-d311e13043cd partido: 88cd1b9d-5fc3-4dc6-af28-ee11b1cee1d8
abr 07, 2026 9:36:50 P.?M. edu.dosw.project.SFC_TechUp_Futbol.core.service.AlineacionService registrar
INFO: Alineacion registrada para equipo: a20d3ffa-78bf-4388-acc2-ed745897836d partido: 7373803f-3b5c-4de0-ba07-8bb2e35cc14b
abr 07, 2026 9:36:50 P.?M. edu.dosw.project.SFC_TechUp_Futbol.core.service.AlineacionService registrar
INFO: Alineacion registrada para equipo: f465a56a-a80f-4fdb-8987-413edd397150 partido: 505874b3-f492-4e76-b394-2d194cbbeaa1
[INFO] Tests run: 14, Failures: 0, Errors: 0, Skipped: 0, Time elapsed: 0.023 s -- in edu.dosw.project.SFC_TechUp_Futbol.core.service.AlineacionServiceTest
[INFO] Running edu.dosw.project.SFC_TechUp_Futbol.core.service.AuditoriaServiceTest
[INFO] Tests run: 2, Failures: 0, Errors: 0, Skipped: 0, Time elapsed: 0.009 s -- in edu.dosw.project.SFC_TechUp_Futbol.core.service.AuditoriaServiceTest
[INFO] Running edu.dosw.project.SFC_TechUp_Futbol.core.service.EquipoJugadorServiceTest
abr 07, 2026 9:36:50 P.?M. edu.dosw.project.SFC_TechUp_Futbol.core.service.EquipoService crear
INFO: Equipo creado con id: 710a447e-20df-4817-94ad-c4e786175758
abr 07, 2026 9:36:50 P.?M. edu.dosw.project.SFC_TechUp_Futbol.core.service.EquipoService crear
INFO: Equipo creado con id: 343812a3-cefd-4bd2-8972-ec293dc74648
abr 07, 2026 9:36:50 P.?M. edu.dosw.project.SFC_TechUp_Futbol.core.service.EquipoService crear
INFO: Equipo creado con id: ae54828b-18c4-425d-9efb-983632fc7284
abr 07, 2026 9:36:50 P.?M. edu.dosw.project.SFC_TechUp_Futbol.core.service.EquipoService crear
INFO: Equipo creado con id: ab3e3840-cfe8-416c-a52f-559c762c9fe8
abr 07, 2026 9:36:50 P.?M. edu.dosw.project.SFC_TechUp_Futbol.core.service.EquipoService agregarJugador
INFO: Jugador agregado al equipo
abr 07, 2026 9:36:50 P.?M. edu.dosw.project.SFC_TechUp_Futbol.core.service.EquipoService agregarJugador
INFO: Jugador agregado al equipo
abr 07, 2026 9:36:50 P.?M. edu.dosw.project.SFC_TechUp_Futbol.core.service.EquipoService agregarJugador
INFO: Jugador agregado al equipo
abr 07, 2026 9:36:50 P.?M. edu.dosw.project.SFC_TechUp_Futbol.core.service.EquipoService agregarJugador
INFO: Jugador agregado al equipo
abr 07, 2026 9:36:50 P.?M. edu.dosw.project.SFC_TechUp_Futbol.core.service.EquipoService agregarJugador
INFO: Jugador agregado al equipo
abr 07, 2026 9:36:50 P.?M. edu.dosw.project.SFC_TechUp_Futbol.core.service.EquipoService crear
INFO: Equipo creado con id: 5c590cf5-9e78-4b46-824f-0ba6575fa6be
abr 07, 2026 9:36:50 P.?M. edu.dosw.project.SFC_TechUp_Futbol.core.service.EquipoService agregarJugador
INFO: Jugador agregado al equipo
[INFO] Tests run: 8, Failures: 0, Errors: 0, Skipped: 0, Time elapsed: 0.010 s -- in edu.dosw.project.SFC_TechUp_Futbol.core.service.EquipoJugadorServiceTest
[INFO] Running edu.dosw.project.SFC_TechUp_Futbol.core.service.EventosDeportivosTest
abr 07, 2026 9:36:50 P.?M. edu.dosw.project.SFC_TechUp_Futbol.core.service.PartidoServiceImpl crearPartido
INFO: Partido creado exitosamente
abr 07, 2026 9:36:50 P.?M. edu.dosw.project.SFC_TechUp_Futbol.core.service.PartidoServiceImpl iniciarPartido
INFO: Partido iniciado
abr 07, 2026 9:36:50 P.?M. edu.dosw.project.SFC_TechUp_Futbol.core.service.PartidoServiceImpl crearPartido
INFO: Partido creado exitosamente
abr 07, 2026 9:36:50 P.?M. edu.dosw.project.SFC_TechUp_Futbol.core.service.PartidoServiceImpl iniciarPartido
INFO: Partido iniciado
abr 07, 2026 9:36:50 P.?M. edu.dosw.project.SFC_TechUp_Futbol.core.service.PartidoServiceImpl crearPartido
INFO: Partido creado exitosamente
abr 07, 2026 9:36:50 P.?M. edu.dosw.project.SFC_TechUp_Futbol.core.service.PartidoServiceImpl crearPartido
INFO: Partido creado exitosamente
abr 07, 2026 9:36:50 P.?M. edu.dosw.project.SFC_TechUp_Futbol.core.service.PartidoServiceImpl iniciarPartido
INFO: Partido iniciado
abr 07, 2026 9:36:50 P.?M. edu.dosw.project.SFC_TechUp_Futbol.core.service.PartidoServiceImpl crearPartido
INFO: Partido creado exitosamente
abr 07, 2026 9:36:50 P.?M. edu.dosw.project.SFC_TechUp_Futbol.core.service.PartidoServiceImpl iniciarPartido
INFO: Partido iniciado
abr 07, 2026 9:36:50 P.?M. edu.dosw.project.SFC_TechUp_Futbol.core.service.PartidoServiceImpl registrarTarjeta
INFO: Tarjeta registrada
abr 07, 2026 9:36:50 P.?M. edu.dosw.project.SFC_TechUp_Futbol.core.service.PartidoServiceImpl crearPartido
INFO: Partido creado exitosamente
abr 07, 2026 9:36:50 P.?M. edu.dosw.project.SFC_TechUp_Futbol.core.service.PartidoServiceImpl iniciarPartido
INFO: Partido iniciado
abr 07, 2026 9:36:50 P.?M. edu.dosw.project.SFC_TechUp_Futbol.core.service.PartidoServiceImpl crearPartido
INFO: Partido creado exitosamente
abr 07, 2026 9:36:50 P.?M. edu.dosw.project.SFC_TechUp_Futbol.core.service.PartidoServiceImpl iniciarPartido
INFO: Partido iniciado
abr 07, 2026 9:36:50 P.?M. edu.dosw.project.SFC_TechUp_Futbol.core.service.PartidoServiceImpl registrarGoleador
INFO: Gol registrado
abr 07, 2026 9:36:50 P.?M. edu.dosw.project.SFC_TechUp_Futbol.core.service.PartidoServiceImpl registrarGoleador
INFO: Gol registrado
abr 07, 2026 9:36:50 P.?M. edu.dosw.project.SFC_TechUp_Futbol.core.service.PartidoServiceImpl registrarTarjeta
INFO: Tarjeta registrada
abr 07, 2026 9:36:50 P.?M. edu.dosw.project.SFC_TechUp_Futbol.core.service.PartidoServiceImpl registrarSancion
INFO: Sanción registrada
abr 07, 2026 9:36:50 P.?M. edu.dosw.project.SFC_TechUp_Futbol.core.service.PartidoServiceImpl finalizarPartido
INFO: Partido finalizado
abr 07, 2026 9:36:50 P.?M. edu.dosw.project.SFC_TechUp_Futbol.core.service.PartidoServiceImpl crearPartido
INFO: Partido creado exitosamente
abr 07, 2026 9:36:50 P.?M. edu.dosw.project.SFC_TechUp_Futbol.core.service.PartidoServiceImpl crearPartido
INFO: Partido creado exitosamente
abr 07, 2026 9:36:50 P.?M. edu.dosw.project.SFC_TechUp_Futbol.core.service.PartidoServiceImpl iniciarPartido
INFO: Partido iniciado
abr 07, 2026 9:36:50 P.?M. edu.dosw.project.SFC_TechUp_Futbol.core.service.PartidoServiceImpl registrarResultado
INFO: Resultado registrado
abr 07, 2026 9:36:50 P.?M. edu.dosw.project.SFC_TechUp_Futbol.core.service.PartidoServiceImpl finalizarPartido
INFO: Partido finalizado
abr 07, 2026 9:36:50 P.?M. edu.dosw.project.SFC_TechUp_Futbol.core.service.PartidoServiceImpl crearPartido
INFO: Partido creado exitosamente
abr 07, 2026 9:36:50 P.?M. edu.dosw.project.SFC_TechUp_Futbol.core.service.PartidoServiceImpl iniciarPartido
INFO: Partido iniciado
abr 07, 2026 9:36:50 P.?M. edu.dosw.project.SFC_TechUp_Futbol.core.service.PartidoServiceImpl registrarGoleador
INFO: Gol registrado
abr 07, 2026 9:36:50 P.?M. edu.dosw.project.SFC_TechUp_Futbol.core.service.PartidoServiceImpl crearPartido
INFO: Partido creado exitosamente
abr 07, 2026 9:36:50 P.?M. edu.dosw.project.SFC_TechUp_Futbol.core.service.PartidoServiceImpl iniciarPartido
INFO: Partido iniciado
abr 07, 2026 9:36:50 P.?M. edu.dosw.project.SFC_TechUp_Futbol.core.service.PartidoServiceImpl registrarTarjeta
INFO: Tarjeta registrada
abr 07, 2026 9:36:50 P.?M. edu.dosw.project.SFC_TechUp_Futbol.core.service.PartidoServiceImpl crearPartido
INFO: Partido creado exitosamente
abr 07, 2026 9:36:50 P.?M. edu.dosw.project.SFC_TechUp_Futbol.core.service.PartidoServiceImpl iniciarPartido
INFO: Partido iniciado
abr 07, 2026 9:36:50 P.?M. edu.dosw.project.SFC_TechUp_Futbol.core.service.PartidoServiceImpl crearPartido
INFO: Partido creado exitosamente
abr 07, 2026 9:36:50 P.?M. edu.dosw.project.SFC_TechUp_Futbol.core.service.PartidoServiceImpl iniciarPartido
INFO: Partido iniciado
abr 07, 2026 9:36:50 P.?M. edu.dosw.project.SFC_TechUp_Futbol.core.service.PartidoServiceImpl crearPartido
INFO: Partido creado exitosamente
abr 07, 2026 9:36:50 P.?M. edu.dosw.project.SFC_TechUp_Futbol.core.service.PartidoServiceImpl iniciarPartido
INFO: Partido iniciado
abr 07, 2026 9:36:50 P.?M. edu.dosw.project.SFC_TechUp_Futbol.core.service.PartidoServiceImpl crearPartido
INFO: Partido creado exitosamente
abr 07, 2026 9:36:50 P.?M. edu.dosw.project.SFC_TechUp_Futbol.core.service.PartidoServiceImpl crearPartido
INFO: Partido creado exitosamente
abr 07, 2026 9:36:50 P.?M. edu.dosw.project.SFC_TechUp_Futbol.core.service.PartidoServiceImpl iniciarPartido
INFO: Partido iniciado
abr 07, 2026 9:36:50 P.?M. edu.dosw.project.SFC_TechUp_Futbol.core.service.PartidoServiceImpl registrarGoleador
INFO: Gol registrado
abr 07, 2026 9:36:50 P.?M. edu.dosw.project.SFC_TechUp_Futbol.core.service.PartidoServiceImpl crearPartido
INFO: Partido creado exitosamente
abr 07, 2026 9:36:50 P.?M. edu.dosw.project.SFC_TechUp_Futbol.core.service.PartidoServiceImpl iniciarPartido
INFO: Partido iniciado
abr 07, 2026 9:36:50 P.?M. edu.dosw.project.SFC_TechUp_Futbol.core.service.PartidoServiceImpl registrarResultado
INFO: Resultado registrado
abr 07, 2026 9:36:50 P.?M. edu.dosw.project.SFC_TechUp_Futbol.core.service.PartidoServiceImpl crearPartido
INFO: Partido creado exitosamente
abr 07, 2026 9:36:50 P.?M. edu.dosw.project.SFC_TechUp_Futbol.core.service.PartidoServiceImpl iniciarPartido
INFO: Partido iniciado
abr 07, 2026 9:36:50 P.?M. edu.dosw.project.SFC_TechUp_Futbol.core.service.PartidoServiceImpl registrarSancion
INFO: Sanción registrada
abr 07, 2026 9:36:50 P.?M. edu.dosw.project.SFC_TechUp_Futbol.core.service.PartidoServiceImpl crearPartido
INFO: Partido creado exitosamente
abr 07, 2026 9:36:50 P.?M. edu.dosw.project.SFC_TechUp_Futbol.core.service.PartidoServiceImpl iniciarPartido
INFO: Partido iniciado
abr 07, 2026 9:36:50 P.?M. edu.dosw.project.SFC_TechUp_Futbol.core.service.PartidoServiceImpl registrarGoleador
INFO: Gol registrado
abr 07, 2026 9:36:50 P.?M. edu.dosw.project.SFC_TechUp_Futbol.core.service.PartidoServiceImpl registrarTarjeta
INFO: Tarjeta registrada
abr 07, 2026 9:36:50 P.?M. edu.dosw.project.SFC_TechUp_Futbol.core.service.PartidoServiceImpl registrarSancion
INFO: Sanción registrada
abr 07, 2026 9:36:50 P.?M. edu.dosw.project.SFC_TechUp_Futbol.core.service.PartidoServiceImpl crearPartido
INFO: Partido creado exitosamente
abr 07, 2026 9:36:50 P.?M. edu.dosw.project.SFC_TechUp_Futbol.core.service.PartidoServiceImpl iniciarPartido
INFO: Partido iniciado
abr 07, 2026 9:36:50 P.?M. edu.dosw.project.SFC_TechUp_Futbol.core.service.PartidoServiceImpl registrarGoleador
INFO: Gol registrado
abr 07, 2026 9:36:50 P.?M. edu.dosw.project.SFC_TechUp_Futbol.core.service.PartidoServiceImpl finalizarPartido
INFO: Partido finalizado
abr 07, 2026 9:36:50 P.?M. edu.dosw.project.SFC_TechUp_Futbol.core.service.PartidoServiceImpl crearPartido
INFO: Partido creado exitosamente
abr 07, 2026 9:36:50 P.?M. edu.dosw.project.SFC_TechUp_Futbol.core.service.PartidoServiceImpl iniciarPartido
INFO: Partido iniciado
abr 07, 2026 9:36:50 P.?M. edu.dosw.project.SFC_TechUp_Futbol.core.service.PartidoServiceImpl registrarTarjeta
INFO: Tarjeta registrada
abr 07, 2026 9:36:50 P.?M. edu.dosw.project.SFC_TechUp_Futbol.core.service.PartidoServiceImpl crearPartido
INFO: Partido creado exitosamente
abr 07, 2026 9:36:50 P.?M. edu.dosw.project.SFC_TechUp_Futbol.core.service.PartidoServiceImpl iniciarPartido
INFO: Partido iniciado
abr 07, 2026 9:36:50 P.?M. edu.dosw.project.SFC_TechUp_Futbol.core.service.PartidoServiceImpl crearPartido
INFO: Partido creado exitosamente
abr 07, 2026 9:36:50 P.?M. edu.dosw.project.SFC_TechUp_Futbol.core.service.PartidoServiceImpl iniciarPartido
INFO: Partido iniciado
abr 07, 2026 9:36:50 P.?M. edu.dosw.project.SFC_TechUp_Futbol.core.service.PartidoServiceImpl crearPartido
INFO: Partido creado exitosamente
abr 07, 2026 9:36:50 P.?M. edu.dosw.project.SFC_TechUp_Futbol.core.service.PartidoServiceImpl iniciarPartido
INFO: Partido iniciado
abr 07, 2026 9:36:50 P.?M. edu.dosw.project.SFC_TechUp_Futbol.core.service.PartidoServiceImpl crearPartido
INFO: Partido creado exitosamente
abr 07, 2026 9:36:50 P.?M. edu.dosw.project.SFC_TechUp_Futbol.core.service.PartidoServiceImpl iniciarPartido
INFO: Partido iniciado
abr 07, 2026 9:36:50 P.?M. edu.dosw.project.SFC_TechUp_Futbol.core.service.PartidoServiceImpl crearPartido
INFO: Partido creado exitosamente
abr 07, 2026 9:36:50 P.?M. edu.dosw.project.SFC_TechUp_Futbol.core.service.PartidoServiceImpl iniciarPartido
INFO: Partido iniciado
abr 07, 2026 9:36:50 P.?M. edu.dosw.project.SFC_TechUp_Futbol.core.service.PartidoServiceImpl registrarGoleador
INFO: Gol registrado
[INFO] Tests run: 28, Failures: 0, Errors: 0, Skipped: 0, Time elapsed: 0.075 s -- in edu.dosw.project.SFC_TechUp_Futbol.core.service.EventosDeportivosTest
[INFO] Running edu.dosw.project.SFC_TechUp_Futbol.core.service.GestionAdministrativaTest
[INFO] Tests run: 25, Failures: 0, Errors: 0, Skipped: 0, Time elapsed: 2.030 s -- in edu.dosw.project.SFC_TechUp_Futbol.core.service.GestionAdministrativaTest
[INFO] Running edu.dosw.project.SFC_TechUp_Futbol.core.service.ObserverTest
abr 07, 2026 9:36:52 P.?M. edu.dosw.project.SFC_TechUp_Futbol.core.service.NotificadorTorneo actualizar
INFO: [notificacion] PARTIDO_INICIADO: {id=5}
[INFO] Tests run: 3, Failures: 0, Errors: 0, Skipped: 0, Time elapsed: 0.005 s -- in edu.dosw.project.SFC_TechUp_Futbol.core.service.ObserverTest
[INFO] Running edu.dosw.project.SFC_TechUp_Futbol.core.service.PagoInscripcionServiceTest
abr 07, 2026 9:36:52 P.?M. edu.dosw.project.SFC_TechUp_Futbol.core.service.PagoServiceImpl subirComprobante
INFO: Comprobante subido para equipo: da4288a5-e2a7-481c-ab7d-ab9fbb8266d6
abr 07, 2026 9:36:52 P.?M. edu.dosw.project.SFC_TechUp_Futbol.core.service.PagoServiceImpl enviarARevision
INFO: Pago enviado a revision: a1b3be5e-9871-4c64-9f39-7854021145e2
abr 07, 2026 9:36:52 P.?M. edu.dosw.project.SFC_TechUp_Futbol.core.service.PagoServiceImpl aprobarPago
INFO: Pago aprobado: a1b3be5e-9871-4c64-9f39-7854021145e2
abr 07, 2026 9:36:52 P.?M. edu.dosw.project.SFC_TechUp_Futbol.core.service.PagoServiceImpl subirComprobante
INFO: Comprobante subido para equipo: f610c2a1-3b88-49ee-b40e-756bb48dec46
abr 07, 2026 9:36:52 P.?M. edu.dosw.project.SFC_TechUp_Futbol.core.service.PagoServiceImpl subirComprobante
INFO: Comprobante subido para equipo: e66da05e-7f4f-4608-927d-aa4f4a7e7671
abr 07, 2026 9:36:52 P.?M. edu.dosw.project.SFC_TechUp_Futbol.core.service.PagoServiceImpl subirComprobante
INFO: Comprobante subido para equipo: 9931f699-3414-4785-b1e3-0b8307cf78c4
abr 07, 2026 9:36:52 P.?M. edu.dosw.project.SFC_TechUp_Futbol.core.service.PagoServiceImpl subirComprobante
INFO: Comprobante subido para equipo: dbe0534c-9e1b-413e-b5ef-6a20914a456a
abr 07, 2026 9:36:52 P.?M. edu.dosw.project.SFC_TechUp_Futbol.core.service.PagoServiceImpl enviarARevision
INFO: Pago enviado a revision: af2c1fec-2050-479c-93ad-8e51c9851118
abr 07, 2026 9:36:52 P.?M. edu.dosw.project.SFC_TechUp_Futbol.core.service.PagoServiceImpl rechazarPago
INFO: Pago rechazado: af2c1fec-2050-479c-93ad-8e51c9851118
abr 07, 2026 9:36:52 P.?M. edu.dosw.project.SFC_TechUp_Futbol.core.service.PagoServiceImpl subirComprobante
INFO: Comprobante subido para equipo: 8698219a-dc84-4479-96ba-b7b3202c6b9e
abr 07, 2026 9:36:52 P.?M. edu.dosw.project.SFC_TechUp_Futbol.core.service.PagoServiceImpl aprobarPago
INFO: Pago aprobado: b6ba7b57-9455-4005-9461-3c0d50b500bc
abr 07, 2026 9:36:52 P.?M. edu.dosw.project.SFC_TechUp_Futbol.core.service.PagoServiceImpl subirComprobante
INFO: Comprobante subido para equipo: 4f081ae9-d9ac-46ed-9bc4-848d21c612ac
abr 07, 2026 9:36:52 P.?M. edu.dosw.project.SFC_TechUp_Futbol.core.service.PagoServiceImpl aprobarPago
INFO: Pago aprobado: 27075a94-8282-4338-99c0-cbdce4e2a128
abr 07, 2026 9:36:52 P.?M. edu.dosw.project.SFC_TechUp_Futbol.core.service.PagoServiceImpl subirComprobante
INFO: Comprobante subido para equipo: ad8efab9-5a09-4d8b-a7a3-3a04d4615db8
abr 07, 2026 9:36:52 P.?M. edu.dosw.project.SFC_TechUp_Futbol.core.service.PagoServiceImpl subirComprobante
INFO: Comprobante subido para equipo: dec3c1ac-bdcf-4f8f-a6cb-25a871953cd2
abr 07, 2026 9:36:52 P.?M. edu.dosw.project.SFC_TechUp_Futbol.core.service.PagoServiceImpl enviarARevision
INFO: Pago enviado a revision: 4ceab681-7605-41cc-8a8d-6a1cb65a0102
abr 07, 2026 9:36:52 P.?M. edu.dosw.project.SFC_TechUp_Futbol.core.service.PagoServiceImpl subirComprobante
INFO: Comprobante subido para equipo: 72324872-b15d-4095-8d66-05f2ace90538
abr 07, 2026 9:36:52 P.?M. edu.dosw.project.SFC_TechUp_Futbol.core.service.PagoServiceImpl enviarARevision
INFO: Pago enviado a revision: 22c1fe99-7ade-4e80-a397-df3e96fe7ad2
abr 07, 2026 9:36:52 P.?M. edu.dosw.project.SFC_TechUp_Futbol.core.service.PagoServiceImpl rechazarPago
INFO: Pago rechazado: 22c1fe99-7ade-4e80-a397-df3e96fe7ad2
abr 07, 2026 9:36:52 P.?M. edu.dosw.project.SFC_TechUp_Futbol.core.service.PagoServiceImpl subirComprobante
INFO: Comprobante subido para equipo: 2c51a380-4867-469f-8ab3-43dcf2e14dfa
abr 07, 2026 9:36:52 P.?M. edu.dosw.project.SFC_TechUp_Futbol.core.service.PagoServiceImpl subirComprobante
INFO: Comprobante subido para equipo: 75ca6159-1c90-4431-a536-748717b42211
abr 07, 2026 9:36:52 P.?M. edu.dosw.project.SFC_TechUp_Futbol.core.service.PagoServiceImpl subirComprobante
INFO: Comprobante subido para equipo: 70f5a8f1-9e34-4645-8de1-57ae4f9a1a4f
abr 07, 2026 9:36:52 P.?M. edu.dosw.project.SFC_TechUp_Futbol.core.service.PagoServiceImpl aprobarPago
INFO: Pago aprobado: bf0d02b1-2d4d-418b-9f42-66d31de1b847
abr 07, 2026 9:36:52 P.?M. edu.dosw.project.SFC_TechUp_Futbol.core.service.PagoServiceImpl subirComprobante
INFO: Comprobante subido para equipo: 43556df1-11c7-4766-94be-691bd5ea5a98
abr 07, 2026 9:36:52 P.?M. edu.dosw.project.SFC_TechUp_Futbol.core.service.PagoServiceImpl aprobarPago
INFO: Pago aprobado: afcd66fa-0176-425a-8941-e15b16688d7a
abr 07, 2026 9:36:52 P.?M. edu.dosw.project.SFC_TechUp_Futbol.core.service.PagoServiceImpl subirComprobante
INFO: Comprobante subido para equipo: dc4a18e5-ab62-4d15-a03a-4c66f59f1b96
abr 07, 2026 9:36:52 P.?M. edu.dosw.project.SFC_TechUp_Futbol.core.service.PagoServiceImpl enviarARevision
INFO: Pago enviado a revision: 22107511-0866-4b56-b239-0d09ff039bb4
[INFO] Tests run: 22, Failures: 0, Errors: 0, Skipped: 0, Time elapsed: 0.034 s -- in edu.dosw.project.SFC_TechUp_Futbol.core.service.PagoInscripcionServiceTest
[INFO] Running edu.dosw.project.SFC_TechUp_Futbol.core.service.PagoServiceTest
abr 07, 2026 9:36:52 P.?M. edu.dosw.project.SFC_TechUp_Futbol.core.service.PagoServiceImpl subirComprobante
INFO: Comprobante subido para equipo: ddd05a0b-72d4-45d6-8a31-614274320afc
abr 07, 2026 9:36:52 P.?M. edu.dosw.project.SFC_TechUp_Futbol.core.service.PagoServiceImpl subirComprobante
INFO: Comprobante subido para equipo: edb5cd0e-3490-47b7-960b-c76ea8bcc9f1
abr 07, 2026 9:36:52 P.?M. edu.dosw.project.SFC_TechUp_Futbol.core.service.PagoServiceImpl aprobarPago
INFO: Pago aprobado: 84c38453-2532-4c25-bb12-a7e1cf9f4c05
abr 07, 2026 9:36:52 P.?M. edu.dosw.project.SFC_TechUp_Futbol.core.service.PagoServiceImpl subirComprobante
INFO: Comprobante subido para equipo: d4f3d2dc-ef85-4207-95ae-3f0619333051
abr 07, 2026 9:36:52 P.?M. edu.dosw.project.SFC_TechUp_Futbol.core.service.PagoServiceImpl subirComprobante
INFO: Comprobante subido para equipo: 4889ba43-0802-40d4-b56d-068755e68643
abr 07, 2026 9:36:52 P.?M. edu.dosw.project.SFC_TechUp_Futbol.core.service.PagoServiceImpl subirComprobante
INFO: Comprobante subido para equipo: b08220be-6382-4304-aece-a3fe0d1509ff
abr 07, 2026 9:36:52 P.?M. edu.dosw.project.SFC_TechUp_Futbol.core.service.PagoServiceImpl subirComprobante
INFO: Comprobante subido para equipo: 2e415cf7-dd17-4252-96e3-50e3ba4abb30
abr 07, 2026 9:36:52 P.?M. edu.dosw.project.SFC_TechUp_Futbol.core.service.PagoServiceImpl subirComprobante
INFO: Comprobante subido para equipo: c7dfb72e-e145-41d4-ab62-a42844f3a780
abr 07, 2026 9:36:52 P.?M. edu.dosw.project.SFC_TechUp_Futbol.core.service.PagoServiceImpl aprobarPago
INFO: Pago aprobado: 1083ce01-1a1c-46c0-bbfe-8587f997bd46
[INFO] Tests run: 11, Failures: 0, Errors: 0, Skipped: 0, Time elapsed: 0.020 s -- in edu.dosw.project.SFC_TechUp_Futbol.core.service.PagoServiceTest
[INFO] Running edu.dosw.project.SFC_TechUp_Futbol.core.service.PartidoGestionTest
abr 07, 2026 9:36:52 P.?M. edu.dosw.project.SFC_TechUp_Futbol.core.service.PartidoServiceImpl crearPartido
INFO: Partido creado exitosamente
abr 07, 2026 9:36:52 P.?M. edu.dosw.project.SFC_TechUp_Futbol.core.service.PartidoServiceImpl crearPartido
INFO: Partido creado exitosamente
abr 07, 2026 9:36:52 P.?M. edu.dosw.project.SFC_TechUp_Futbol.core.service.PartidoServiceImpl iniciarPartido
INFO: Partido iniciado
abr 07, 2026 9:36:52 P.?M. edu.dosw.project.SFC_TechUp_Futbol.core.service.PartidoServiceImpl crearPartido
INFO: Partido creado exitosamente
abr 07, 2026 9:36:52 P.?M. edu.dosw.project.SFC_TechUp_Futbol.core.service.PartidoServiceImpl crearPartido
INFO: Partido creado exitosamente
abr 07, 2026 9:36:52 P.?M. edu.dosw.project.SFC_TechUp_Futbol.core.service.PartidoServiceImpl iniciarPartido
INFO: Partido iniciado
abr 07, 2026 9:36:52 P.?M. edu.dosw.project.SFC_TechUp_Futbol.core.service.PartidoServiceImpl crearPartido
INFO: Partido creado exitosamente
abr 07, 2026 9:36:52 P.?M. edu.dosw.project.SFC_TechUp_Futbol.core.service.PartidoServiceImpl crearPartido
INFO: Partido creado exitosamente
abr 07, 2026 9:36:52 P.?M. edu.dosw.project.SFC_TechUp_Futbol.core.service.PartidoServiceImpl crearPartido
INFO: Partido creado exitosamente
abr 07, 2026 9:36:52 P.?M. edu.dosw.project.SFC_TechUp_Futbol.core.service.PartidoServiceImpl crearPartido
INFO: Partido creado exitosamente
abr 07, 2026 9:36:52 P.?M. edu.dosw.project.SFC_TechUp_Futbol.core.service.PartidoServiceImpl crearPartido
INFO: Partido creado exitosamente
abr 07, 2026 9:36:52 P.?M. edu.dosw.project.SFC_TechUp_Futbol.core.service.PartidoServiceImpl iniciarPartido
INFO: Partido iniciado
abr 07, 2026 9:36:52 P.?M. edu.dosw.project.SFC_TechUp_Futbol.core.service.PartidoServiceImpl crearPartido
INFO: Partido creado exitosamente
abr 07, 2026 9:36:52 P.?M. edu.dosw.project.SFC_TechUp_Futbol.core.service.PartidoServiceImpl iniciarPartido
INFO: Partido iniciado
abr 07, 2026 9:36:52 P.?M. edu.dosw.project.SFC_TechUp_Futbol.core.service.PartidoServiceImpl crearPartido
INFO: Partido creado exitosamente
abr 07, 2026 9:36:52 P.?M. edu.dosw.project.SFC_TechUp_Futbol.core.service.PartidoServiceImpl iniciarPartido
INFO: Partido iniciado
abr 07, 2026 9:36:52 P.?M. edu.dosw.project.SFC_TechUp_Futbol.core.service.PartidoServiceImpl registrarResultado
INFO: Resultado registrado
abr 07, 2026 9:36:52 P.?M. edu.dosw.project.SFC_TechUp_Futbol.core.service.PartidoServiceImpl finalizarPartido
INFO: Partido finalizado
abr 07, 2026 9:36:52 P.?M. edu.dosw.project.SFC_TechUp_Futbol.core.service.PartidoServiceImpl crearPartido
INFO: Partido creado exitosamente
abr 07, 2026 9:36:52 P.?M. edu.dosw.project.SFC_TechUp_Futbol.core.service.PartidoServiceImpl iniciarPartido
INFO: Partido iniciado
abr 07, 2026 9:36:52 P.?M. edu.dosw.project.SFC_TechUp_Futbol.core.service.PartidoServiceImpl finalizarPartido
INFO: Partido finalizado
abr 07, 2026 9:36:52 P.?M. edu.dosw.project.SFC_TechUp_Futbol.core.service.PartidoServiceImpl crearPartido
INFO: Partido creado exitosamente
abr 07, 2026 9:36:52 P.?M. edu.dosw.project.SFC_TechUp_Futbol.core.service.PartidoServiceImpl iniciarPartido
INFO: Partido iniciado
abr 07, 2026 9:36:52 P.?M. edu.dosw.project.SFC_TechUp_Futbol.core.service.PartidoServiceImpl crearPartido
INFO: Partido creado exitosamente
abr 07, 2026 9:36:52 P.?M. edu.dosw.project.SFC_TechUp_Futbol.core.service.PartidoServiceImpl crearPartido
INFO: Partido creado exitosamente
abr 07, 2026 9:36:52 P.?M. edu.dosw.project.SFC_TechUp_Futbol.core.service.PartidoServiceImpl crearPartido
INFO: Partido creado exitosamente
abr 07, 2026 9:36:52 P.?M. edu.dosw.project.SFC_TechUp_Futbol.core.service.PartidoServiceImpl iniciarPartido
INFO: Partido iniciado
abr 07, 2026 9:36:52 P.?M. edu.dosw.project.SFC_TechUp_Futbol.core.service.PartidoServiceImpl registrarGoleador
INFO: Gol registrado
abr 07, 2026 9:36:52 P.?M. edu.dosw.project.SFC_TechUp_Futbol.core.service.PartidoServiceImpl crearPartido
INFO: Partido creado exitosamente
abr 07, 2026 9:36:52 P.?M. edu.dosw.project.SFC_TechUp_Futbol.core.service.PartidoServiceImpl iniciarPartido
INFO: Partido iniciado
abr 07, 2026 9:36:52 P.?M. edu.dosw.project.SFC_TechUp_Futbol.core.service.PartidoServiceImpl finalizarPartido
INFO: Partido finalizado
abr 07, 2026 9:36:52 P.?M. edu.dosw.project.SFC_TechUp_Futbol.core.service.PartidoServiceImpl crearPartido
INFO: Partido creado exitosamente
abr 07, 2026 9:36:52 P.?M. edu.dosw.project.SFC_TechUp_Futbol.core.service.PartidoServiceImpl crearPartido
INFO: Partido creado exitosamente
abr 07, 2026 9:36:52 P.?M. edu.dosw.project.SFC_TechUp_Futbol.core.service.PartidoServiceImpl crearPartido
INFO: Partido creado exitosamente
abr 07, 2026 9:36:52 P.?M. edu.dosw.project.SFC_TechUp_Futbol.core.service.PartidoServiceImpl crearPartido
INFO: Partido creado exitosamente
[INFO] Tests run: 31, Failures: 0, Errors: 0, Skipped: 0, Time elapsed: 0.067 s -- in edu.dosw.project.SFC_TechUp_Futbol.core.service.PartidoGestionTest
[INFO] Running edu.dosw.project.SFC_TechUp_Futbol.core.service.PartidoServiceTest
abr 07, 2026 9:36:52 P.?M. edu.dosw.project.SFC_TechUp_Futbol.core.service.PartidoServiceImpl crearPartido
INFO: Partido creado exitosamente
abr 07, 2026 9:36:52 P.?M. edu.dosw.project.SFC_TechUp_Futbol.core.service.PartidoServiceImpl crearPartido
INFO: Partido creado exitosamente
abr 07, 2026 9:36:52 P.?M. edu.dosw.project.SFC_TechUp_Futbol.core.service.PartidoServiceImpl crearPartido
INFO: Partido creado exitosamente
abr 07, 2026 9:36:52 P.?M. edu.dosw.project.SFC_TechUp_Futbol.core.service.PartidoServiceImpl crearPartido
INFO: Partido creado exitosamente
abr 07, 2026 9:36:52 P.?M. edu.dosw.project.SFC_TechUp_Futbol.core.service.PartidoServiceImpl iniciarPartido
INFO: Partido iniciado
abr 07, 2026 9:36:52 P.?M. edu.dosw.project.SFC_TechUp_Futbol.core.service.PartidoServiceImpl registrarSancion
INFO: Sanción registrada
abr 07, 2026 9:36:52 P.?M. edu.dosw.project.SFC_TechUp_Futbol.core.service.PartidoServiceImpl registrarSancion
INFO: Sanción registrada
abr 07, 2026 9:36:52 P.?M. edu.dosw.project.SFC_TechUp_Futbol.core.service.PartidoServiceImpl crearPartido
INFO: Partido creado exitosamente
abr 07, 2026 9:36:52 P.?M. edu.dosw.project.SFC_TechUp_Futbol.core.service.PartidoServiceImpl iniciarPartido
INFO: Partido iniciado
abr 07, 2026 9:36:52 P.?M. edu.dosw.project.SFC_TechUp_Futbol.core.service.PartidoServiceImpl registrarResultado
INFO: Resultado registrado
abr 07, 2026 9:36:52 P.?M. edu.dosw.project.SFC_TechUp_Futbol.core.service.PartidoServiceImpl crearPartido
INFO: Partido creado exitosamente
abr 07, 2026 9:36:52 P.?M. edu.dosw.project.SFC_TechUp_Futbol.core.service.PartidoServiceImpl iniciarPartido
INFO: Partido iniciado
abr 07, 2026 9:36:52 P.?M. edu.dosw.project.SFC_TechUp_Futbol.core.service.PartidoServiceImpl registrarSancion
INFO: Sanción registrada
abr 07, 2026 9:36:52 P.?M. edu.dosw.project.SFC_TechUp_Futbol.core.service.PartidoServiceImpl crearPartido
INFO: Partido creado exitosamente
abr 07, 2026 9:36:52 P.?M. edu.dosw.project.SFC_TechUp_Futbol.core.service.PartidoServiceImpl iniciarPartido
INFO: Partido iniciado
abr 07, 2026 9:36:52 P.?M. edu.dosw.project.SFC_TechUp_Futbol.core.service.PartidoServiceImpl registrarGoleador
INFO: Gol registrado
abr 07, 2026 9:36:52 P.?M. edu.dosw.project.SFC_TechUp_Futbol.core.service.PartidoServiceImpl crearPartido
INFO: Partido creado exitosamente
abr 07, 2026 9:36:52 P.?M. edu.dosw.project.SFC_TechUp_Futbol.core.service.PartidoServiceImpl crearPartido
INFO: Partido creado exitosamente
abr 07, 2026 9:36:52 P.?M. edu.dosw.project.SFC_TechUp_Futbol.core.service.PartidoServiceImpl iniciarPartido
INFO: Partido iniciado
abr 07, 2026 9:36:52 P.?M. edu.dosw.project.SFC_TechUp_Futbol.core.service.PartidoServiceImpl finalizarPartido
INFO: Partido finalizado
abr 07, 2026 9:36:52 P.?M. edu.dosw.project.SFC_TechUp_Futbol.core.service.PartidoServiceImpl crearPartido
INFO: Partido creado exitosamente
abr 07, 2026 9:36:52 P.?M. edu.dosw.project.SFC_TechUp_Futbol.core.service.PartidoServiceImpl iniciarPartido
INFO: Partido iniciado
abr 07, 2026 9:36:52 P.?M. edu.dosw.project.SFC_TechUp_Futbol.core.service.PartidoServiceImpl crearPartido
INFO: Partido creado exitosamente
abr 07, 2026 9:36:52 P.?M. edu.dosw.project.SFC_TechUp_Futbol.core.service.PartidoServiceImpl crearPartido
INFO: Partido creado exitosamente
abr 07, 2026 9:36:52 P.?M. edu.dosw.project.SFC_TechUp_Futbol.core.service.PartidoServiceImpl crearPartido
INFO: Partido creado exitosamente
abr 07, 2026 9:36:52 P.?M. edu.dosw.project.SFC_TechUp_Futbol.core.service.PartidoServiceImpl iniciarPartido
INFO: Partido iniciado
abr 07, 2026 9:36:52 P.?M. edu.dosw.project.SFC_TechUp_Futbol.core.service.PartidoServiceImpl registrarSancion
INFO: Sanción registrada
[INFO] Tests run: 16, Failures: 0, Errors: 0, Skipped: 0, Time elapsed: 0.029 s -- in edu.dosw.project.SFC_TechUp_Futbol.core.service.PartidoServiceTest
[INFO] Running PerfilDeportivo - pruebas unitarias
[INFO] Running Validacion de edad
[INFO] Tests run: 4, Failures: 0, Errors: 0, Skipped: 0, Time elapsed: 0.078 s -- in Validacion de edad
[INFO] Running Validacion de semestre
[INFO] Tests run: 3, Failures: 0, Errors: 0, Skipped: 0, Time elapsed: 0.004 s -- in Validacion de semestre
[INFO] Running Validacion de posiciones
[INFO] Tests run: 3, Failures: 0, Errors: 0, Skipped: 0, Time elapsed: 0.005 s -- in Validacion de posiciones
[INFO] Running Creacion de perfil valido
[INFO] Tests run: 3, Failures: 0, Errors: 0, Skipped: 0, Time elapsed: 0.020 s -- in Creacion de perfil valido
[INFO] Running Validacion de dorsal
[INFO] Tests run: 3, Failures: 0, Errors: 0, Skipped: 0, Time elapsed: 0.006 s -- in Validacion de dorsal
[INFO] Running Validacion de genero
[INFO] Tests run: 4, Failures: 0, Errors: 0, Skipped: 0, Time elapsed: 0.007 s -- in Validacion de genero
[INFO] Running Flujo alterno: datos invalidos
[INFO] Tests run: 2, Failures: 0, Errors: 0, Skipped: 0, Time elapsed: 0.004 s -- in Flujo alterno: datos invalidos
[INFO] Tests run: 0, Failures: 0, Errors: 0, Skipped: 0, Time elapsed: 0.130 s -- in PerfilDeportivo - pruebas unitarias
[INFO] Running edu.dosw.project.SFC_TechUp_Futbol.core.service.ServiceTest
abr 07, 2026 9:36:52 P.?M. edu.dosw.project.SFC_TechUp_Futbol.core.service.EquipoService crear
INFO: Equipo creado con id: 0814bc76-156c-4396-b69a-fd5ee029485c
abr 07, 2026 9:36:52 P.?M. edu.dosw.project.SFC_TechUp_Futbol.core.service.EquipoService agregarJugador
INFO: Jugador agregado al equipo
abr 07, 2026 9:36:52 P.?M. edu.dosw.project.SFC_TechUp_Futbol.core.service.EquipoService agregarJugador
INFO: Jugador agregado al equipo
abr 07, 2026 9:36:52 P.?M. edu.dosw.project.SFC_TechUp_Futbol.core.service.EquipoService agregarJugador
INFO: Jugador agregado al equipo
abr 07, 2026 9:36:52 P.?M. edu.dosw.project.SFC_TechUp_Futbol.core.service.EquipoService agregarJugador
INFO: Jugador agregado al equipo
abr 07, 2026 9:36:52 P.?M. edu.dosw.project.SFC_TechUp_Futbol.core.service.EquipoService agregarJugador
INFO: Jugador agregado al equipo
abr 07, 2026 9:36:52 P.?M. edu.dosw.project.SFC_TechUp_Futbol.core.service.EquipoService agregarJugador
INFO: Jugador agregado al equipo
abr 07, 2026 9:36:52 P.?M. edu.dosw.project.SFC_TechUp_Futbol.core.service.EquipoService agregarJugador
INFO: Jugador agregado al equipo
abr 07, 2026 9:36:52 P.?M. edu.dosw.project.SFC_TechUp_Futbol.core.service.TorneoService crear
INFO: Torneo creado
abr 07, 2026 9:36:52 P.?M. edu.dosw.project.SFC_TechUp_Futbol.core.service.EquipoService crear
INFO: Equipo creado con id: 7050d3e6-8121-42e5-bf33-b70f0b4b0a07
abr 07, 2026 9:36:52 P.?M. edu.dosw.project.SFC_TechUp_Futbol.core.service.TorneoService crear
INFO: Torneo creado
abr 07, 2026 9:36:52 P.?M. edu.dosw.project.SFC_TechUp_Futbol.core.service.EquipoService crear
INFO: Equipo creado con id: f90c205c-c829-436e-bf8f-022e1d4c5e4e
abr 07, 2026 9:36:52 P.?M. edu.dosw.project.SFC_TechUp_Futbol.core.service.EquipoService agregarJugador
INFO: Jugador agregado al equipo
abr 07, 2026 9:36:52 P.?M. edu.dosw.project.SFC_TechUp_Futbol.core.service.EquipoService agregarJugador
INFO: Jugador agregado al equipo
abr 07, 2026 9:36:52 P.?M. edu.dosw.project.SFC_TechUp_Futbol.core.service.TorneoService crear
INFO: Torneo creado
abr 07, 2026 9:36:52 P.?M. edu.dosw.project.SFC_TechUp_Futbol.core.service.EquipoService crear
INFO: Equipo creado con id: ff8e8b83-edd1-455a-b79d-17d7b4d3b938
abr 07, 2026 9:36:52 P.?M. edu.dosw.project.SFC_TechUp_Futbol.core.service.EquipoService agregarJugador
INFO: Jugador agregado al equipo
abr 07, 2026 9:36:52 P.?M. edu.dosw.project.SFC_TechUp_Futbol.core.service.EquipoService crear
INFO: Equipo creado con id: cd3c63b4-a0a6-4e24-baf3-a8267f1f67d3
abr 07, 2026 9:36:52 P.?M. edu.dosw.project.SFC_TechUp_Futbol.core.service.TorneoService crear
INFO: Torneo creado
abr 07, 2026 9:36:52 P.?M. edu.dosw.project.SFC_TechUp_Futbol.core.service.TorneoService configurar
INFO: Torneo configurado
abr 07, 2026 9:36:52 P.?M. edu.dosw.project.SFC_TechUp_Futbol.core.service.TorneoService crear
INFO: Torneo creado
[INFO] Tests run: 12, Failures: 0, Errors: 0, Skipped: 0, Time elapsed: 0.031 s -- in edu.dosw.project.SFC_TechUp_Futbol.core.service.ServiceTest
[INFO] Running edu.dosw.project.SFC_TechUp_Futbol.core.service.ServiciosExtrasTest
abr 07, 2026 9:36:52 P.?M. edu.dosw.project.SFC_TechUp_Futbol.core.service.AlineacionService crear
INFO: Alineacion creada para equipo: uuid-equipo-1
[INFO] Tests run: 17, Failures: 0, Errors: 0, Skipped: 0, Time elapsed: 0.260 s -- in edu.dosw.project.SFC_TechUp_Futbol.core.service.ServiciosExtrasTest
[INFO] Running edu.dosw.project.SFC_TechUp_Futbol.core.service.TorneoServiceTest
abr 07, 2026 9:36:52 P.?M. edu.dosw.project.SFC_TechUp_Futbol.core.service.TorneoService crear
INFO: Torneo creado
abr 07, 2026 9:36:52 P.?M. edu.dosw.project.SFC_TechUp_Futbol.core.service.TorneoService iniciar
INFO: Torneo iniciado
abr 07, 2026 9:36:52 P.?M. edu.dosw.project.SFC_TechUp_Futbol.core.service.TorneoService finalizar
INFO: Torneo finalizado
abr 07, 2026 9:36:52 P.?M. edu.dosw.project.SFC_TechUp_Futbol.core.service.TorneoService crear
INFO: Torneo creado
abr 07, 2026 9:36:52 P.?M. edu.dosw.project.SFC_TechUp_Futbol.core.service.TorneoService configurar
INFO: Torneo configurado
abr 07, 2026 9:36:52 P.?M. edu.dosw.project.SFC_TechUp_Futbol.core.service.TorneoService iniciar
INFO: Torneo iniciado
abr 07, 2026 9:36:52 P.?M. edu.dosw.project.SFC_TechUp_Futbol.core.service.TorneoService finalizar
INFO: Torneo finalizado
abr 07, 2026 9:36:52 P.?M. edu.dosw.project.SFC_TechUp_Futbol.core.service.TorneoService crear
INFO: Torneo creado
abr 07, 2026 9:36:52 P.?M. edu.dosw.project.SFC_TechUp_Futbol.core.service.TorneoService crear
INFO: Torneo creado
abr 07, 2026 9:36:52 P.?M. edu.dosw.project.SFC_TechUp_Futbol.core.service.TorneoService iniciar
INFO: Torneo iniciado
abr 07, 2026 9:36:52 P.?M. edu.dosw.project.SFC_TechUp_Futbol.core.service.TorneoService crear
INFO: Torneo creado
abr 07, 2026 9:36:52 P.?M. edu.dosw.project.SFC_TechUp_Futbol.core.service.TorneoService configurar
INFO: Torneo configurado
abr 07, 2026 9:36:52 P.?M. edu.dosw.project.SFC_TechUp_Futbol.core.service.TorneoService crear
INFO: Torneo creado
abr 07, 2026 9:36:52 P.?M. edu.dosw.project.SFC_TechUp_Futbol.core.service.TorneoService iniciar
INFO: Torneo iniciado
abr 07, 2026 9:36:52 P.?M. edu.dosw.project.SFC_TechUp_Futbol.core.service.TorneoService crear
INFO: Torneo creado
abr 07, 2026 9:36:52 P.?M. edu.dosw.project.SFC_TechUp_Futbol.core.service.TorneoService iniciar
INFO: Torneo iniciado
abr 07, 2026 9:36:52 P.?M. edu.dosw.project.SFC_TechUp_Futbol.core.service.TorneoService finalizar
INFO: Torneo finalizado
abr 07, 2026 9:36:52 P.?M. edu.dosw.project.SFC_TechUp_Futbol.core.service.TorneoService crear
INFO: Torneo creado
abr 07, 2026 9:36:52 P.?M. edu.dosw.project.SFC_TechUp_Futbol.core.service.TorneoService iniciar
INFO: Torneo iniciado
abr 07, 2026 9:36:52 P.?M. edu.dosw.project.SFC_TechUp_Futbol.core.service.TorneoService finalizar
INFO: Torneo finalizado
abr 07, 2026 9:36:52 P.?M. edu.dosw.project.SFC_TechUp_Futbol.core.service.TorneoService crear
INFO: Torneo creado
abr 07, 2026 9:36:52 P.?M. edu.dosw.project.SFC_TechUp_Futbol.core.service.TorneoService crear
INFO: Torneo creado
abr 07, 2026 9:36:52 P.?M. edu.dosw.project.SFC_TechUp_Futbol.core.service.TorneoService iniciar
INFO: Torneo iniciado
abr 07, 2026 9:36:52 P.?M. edu.dosw.project.SFC_TechUp_Futbol.core.service.TorneoService crear
INFO: Torneo creado
abr 07, 2026 9:36:52 P.?M. edu.dosw.project.SFC_TechUp_Futbol.core.service.TorneoService iniciar
INFO: Torneo iniciado
abr 07, 2026 9:36:52 P.?M. edu.dosw.project.SFC_TechUp_Futbol.core.service.TorneoService crear
INFO: Torneo creado
abr 07, 2026 9:36:52 P.?M. edu.dosw.project.SFC_TechUp_Futbol.core.service.TorneoService crear
INFO: Torneo creado
abr 07, 2026 9:36:52 P.?M. edu.dosw.project.SFC_TechUp_Futbol.core.service.TorneoService iniciar
INFO: Torneo iniciado
abr 07, 2026 9:36:52 P.?M. edu.dosw.project.SFC_TechUp_Futbol.core.service.TorneoService finalizar
INFO: Torneo finalizado
abr 07, 2026 9:36:52 P.?M. edu.dosw.project.SFC_TechUp_Futbol.core.service.TorneoService crear
INFO: Torneo creado
abr 07, 2026 9:36:52 P.?M. edu.dosw.project.SFC_TechUp_Futbol.core.service.TorneoService iniciar
INFO: Torneo iniciado
abr 07, 2026 9:36:52 P.?M. edu.dosw.project.SFC_TechUp_Futbol.core.service.TorneoService finalizar
INFO: Torneo finalizado
abr 07, 2026 9:36:52 P.?M. edu.dosw.project.SFC_TechUp_Futbol.core.service.TorneoService crear
INFO: Torneo creado
[INFO] Tests run: 20, Failures: 0, Errors: 0, Skipped: 0, Time elapsed: 0.032 s -- in edu.dosw.project.SFC_TechUp_Futbol.core.service.TorneoServiceTest
[INFO] Running edu.dosw.project.SFC_TechUp_Futbol.core.util.AccesoMapperTest
[INFO] Tests run: 4, Failures: 0, Errors: 0, Skipped: 0, Time elapsed: 0.121 s -- in edu.dosw.project.SFC_TechUp_Futbol.core.util.AccesoMapperTest
[INFO] Running edu.dosw.project.SFC_TechUp_Futbol.core.util.OAuth2AuthTest
abr 07, 2026 9:36:53 P.?M. edu.dosw.project.SFC_TechUp_Futbol.core.service.OAuth2Service procesarCallback
INFO: Login OAuth2 exitoso: existente@gmail.com
abr 07, 2026 9:36:53 P.?M. edu.dosw.project.SFC_TechUp_Futbol.core.service.OAuth2Service procesarCallback
SEVERE: ERROR OAuth2: java.lang.IllegalArgumentException - El correo de Google debe ser un Gmail válido.
abr 07, 2026 9:36:53 P.?M. edu.dosw.project.SFC_TechUp_Futbol.core.service.OAuth2Service lambda$procesarCallback$0
INFO: Usuario OAuth2 nuevo, registrando: valido@gmail.com
abr 07, 2026 9:36:53 P.?M. edu.dosw.project.SFC_TechUp_Futbol.core.service.OAuth2Service procesarCallback
INFO: Login OAuth2 exitoso: valido@gmail.com
abr 07, 2026 9:36:53 P.?M. edu.dosw.project.SFC_TechUp_Futbol.core.service.OAuth2Service lambda$procesarCallback$0
INFO: Usuario OAuth2 nuevo, registrando: nuevo@gmail.com
abr 07, 2026 9:36:53 P.?M. edu.dosw.project.SFC_TechUp_Futbol.core.service.OAuth2Service procesarCallback
INFO: Login OAuth2 exitoso: nuevo@gmail.com
[INFO] Tests run: 8, Failures: 0, Errors: 0, Skipped: 0, Time elapsed: 0.232 s -- in edu.dosw.project.SFC_TechUp_Futbol.core.util.OAuth2AuthTest
[INFO] Running edu.dosw.project.SFC_TechUp_Futbol.core.util.PasswordUtilTest
[INFO] Tests run: 4, Failures: 0, Errors: 0, Skipped: 0, Time elapsed: 0.432 s -- in edu.dosw.project.SFC_TechUp_Futbol.core.util.PasswordUtilTest
[INFO] Running edu.dosw.project.SFC_TechUp_Futbol.core.validator.AccesoValidatorTest
[INFO] Tests run: 9, Failures: 0, Errors: 0, Skipped: 0, Time elapsed: 0.006 s -- in edu.dosw.project.SFC_TechUp_Futbol.core.validator.AccesoValidatorTest
[INFO] Running edu.dosw.project.SFC_TechUp_Futbol.core.validator.AdministradorValidatorTest
[INFO] Tests run: 6, Failures: 0, Errors: 0, Skipped: 0, Time elapsed: 0.087 s -- in edu.dosw.project.SFC_TechUp_Futbol.core.validator.AdministradorValidatorTest
[INFO] Running edu.dosw.project.SFC_TechUp_Futbol.core.validator.AuditoriaValidatorTest
[INFO] Tests run: 3, Failures: 0, Errors: 0, Skipped: 0, Time elapsed: 0.003 s -- in edu.dosw.project.SFC_TechUp_Futbol.core.validator.AuditoriaValidatorTest
[INFO] Running edu.dosw.project.SFC_TechUp_Futbol.core.validator.JugadorValidatorTest
[INFO] Tests run: 7, Failures: 0, Errors: 0, Skipped: 0, Time elapsed: 0.002 s -- in edu.dosw.project.SFC_TechUp_Futbol.core.validator.JugadorValidatorTest
[INFO] Running edu.dosw.project.SFC_TechUp_Futbol.core.validator.PagoValidatorTest
[INFO] Tests run: 5, Failures: 0, Errors: 0, Skipped: 0, Time elapsed: 0.004 s -- in edu.dosw.project.SFC_TechUp_Futbol.core.validator.PagoValidatorTest
[INFO] Running edu.dosw.project.SFC_TechUp_Futbol.core.validator.PartidoValidatorTest
[INFO] Tests run: 18, Failures: 0, Errors: 0, Skipped: 0, Time elapsed: 0.016 s -- in edu.dosw.project.SFC_TechUp_Futbol.core.validator.PartidoValidatorTest
[INFO] Running edu.dosw.project.SFC_TechUp_Futbol.core.validator.RegistroValidatorTest
[INFO] Tests run: 7, Failures: 0, Errors: 0, Skipped: 0, Time elapsed: 0.002 s -- in edu.dosw.project.SFC_TechUp_Futbol.core.validator.RegistroValidatorTest
[INFO] Running edu.dosw.project.SFC_TechUp_Futbol.core.validator.UsuarioValidatorTest
[INFO] Tests run: 10, Failures: 0, Errors: 0, Skipped: 0, Time elapsed: 0.003 s -- in edu.dosw.project.SFC_TechUp_Futbol.core.validator.UsuarioValidatorTest
[INFO] Running edu.dosw.project.SFC_TechUp_Futbol.core.validator.ValidacionAlineacionTest
[INFO] Tests run: 5, Failures: 0, Errors: 0, Skipped: 0, Time elapsed: 0.004 s -- in edu.dosw.project.SFC_TechUp_Futbol.core.validator.ValidacionAlineacionTest
[INFO] Running edu.dosw.project.SFC_TechUp_Futbol.core.validator.ValidacionEquipoTest
[INFO] Tests run: 7, Failures: 0, Errors: 0, Skipped: 0, Time elapsed: 0.005 s -- in edu.dosw.project.SFC_TechUp_Futbol.core.validator.ValidacionEquipoTest
[INFO] Running edu.dosw.project.SFC_TechUp_Futbol.core.validator.ValidacionTorneoTest
[INFO] Tests run: 5, Failures: 0, Errors: 0, Skipped: 0, Time elapsed: 0.005 s -- in edu.dosw.project.SFC_TechUp_Futbol.core.validator.ValidacionTorneoTest
[INFO] Running edu.dosw.project.SFC_TechUp_Futbol.persistence.repository.EquipoRepositoryTest
21:36:53.871 [main] INFO org.springframework.test.context.support.AnnotationConfigContextLoaderUtils -- Could not detect default configuration classes for test class [edu.dosw.project.SFC_TechUp_Futbol.persistence.repository.EquipoRepositoryTest]: EquipoRepositoryTest does not declare any static, non-private, non-final, nested classes annotated with @Configuration.
21:36:54.012 [main] INFO org.springframework.boot.test.context.SpringBootTestContextBootstrapper -- Found @SpringBootConfiguration edu.dosw.project.SFC_TechUp_Futbol.SFCTechCupFutbolApiApplication for test class edu.dosw.project.SFC_TechUp_Futbol.persistence.repository.EquipoRepositoryTest

  .   ____          _            __ _ _
 /\\ / ___'_ __ _ _(_)_ __  __ _ \ \ \ \
( ( )\___ | '_ | '_| | '_ \/ _` | \ \ \ \
 \\/  ___)| |_)| | | | | || (_| |  ) ) ) )
  '  |____| .__|_| |_|_| |_\__, | / / / /
 =========|_|==============|___/=/_/_/_/

 :: Spring Boot ::                (v4.0.3)

2026-04-07T21:36:54.557-05:00  INFO 9164 --- [           main] e.d.p.S.p.r.EquipoRepositoryTest         : Starting EquipoRepositoryTest using Java 21.0.10 with PID 9164 (started by ADMIN in c:\OLA PROYECTO ENTERO\SFC_techcup-futbol)
2026-04-07T21:36:54.558-05:00  INFO 9164 --- [           main] e.d.p.S.p.r.EquipoRepositoryTest         : No active profile set, falling back to 1 default profile: "default"
2026-04-07T21:36:55.636-05:00  INFO 9164 --- [           main] .s.d.r.c.RepositoryConfigurationDelegate : Bootstrapping Spring Data JPA repositories in DEFAULT mode.
2026-04-07T21:36:55.736-05:00  INFO 9164 --- [           main] .s.d.r.c.RepositoryConfigurationDelegate : Finished Spring Data repository scanning in 87 ms. Found 14 JPA repository interfaces.
2026-04-07T21:36:56.362-05:00  INFO 9164 --- [           main] org.hibernate.orm.jpa                    : HHH008540: Processing PersistenceUnitInfo [name: default]
2026-04-07T21:36:56.436-05:00  INFO 9164 --- [           main] org.hibernate.orm.core                   : HHH000001: Hibernate ORM core version 7.2.4.Final
2026-04-07T21:36:56.918-05:00  INFO 9164 --- [           main] o.s.o.j.p.SpringPersistenceUnitInfo      : No LoadTimeWeaver setup: ignoring JPA class transformer
2026-04-07T21:36:56.963-05:00  INFO 9164 --- [           main] com.zaxxer.hikari.HikariDataSource       : HikariPool-1 - Starting...
2026-04-07T21:36:57.285-05:00  INFO 9164 --- [           main] com.zaxxer.hikari.pool.HikariPool        : HikariPool-1 - Added connection conn0: url=jdbc:h2:mem:testdb user=SA
2026-04-07T21:36:57.287-05:00  INFO 9164 --- [           main] com.zaxxer.hikari.HikariDataSource       : HikariPool-1 - Start completed.
2026-04-07T21:36:57.324-05:00  WARN 9164 --- [           main] org.hibernate.orm.deprecation            : HHH90000025: H2Dialect does not need to be specified explicitly using 'hibernate.dialect' (remove the property setting and it will be selected by default)
2026-04-07T21:36:57.358-05:00  INFO 9164 --- [           main] org.hibernate.orm.connections.pooling    : HHH10001005: Database info:
	Database JDBC URL [jdbc:h2:mem:testdb]
	Database driver: H2 JDBC Driver
	Database dialect: H2Dialect
	Database version: 2.4.240
	Default catalog/schema: TESTDB/PUBLIC
	Autocommit mode: undefined/unknown
	Isolation level: READ_COMMITTED [default READ_COMMITTED]
	JDBC fetch size: 100
	Pool: DataSourceConnectionProvider
	Minimum pool size: undefined/unknown
	Maximum pool size: undefined/unknown
Hibernate: create global temporary table HT_usuario(id varchar(255) not null, primary key (id)) transactional
Hibernate: create global temporary table HTE_usuario(rn_ integer not null, class varchar(31) not null, email varchar(255), id varchar(255), name varchar(255), password varchar(255), userType enum ('ESTUDIANTE','FAMILIAR','GRADUADO','PERSONAL_ADMIN','PROFESOR'), primary key (rn_)) transactional
Hibernate: create global temporary table HTE_organizador(rn_ integer not null, class varchar(31) not null, email varchar(255), id varchar(255), name varchar(255), password varchar(255), torneoId varchar(255), userType enum ('ESTUDIANTE','FAMILIAR','GRADUADO','PERSONAL_ADMIN','PROFESOR'), primary key (rn_)) transactional
Hibernate: create global temporary table HTE_usuario_registrado(rn_ integer not null, class varchar(31) not null, email varchar(255), id varchar(255), name varchar(255), password varchar(255), userType enum ('ESTUDIANTE','FAMILIAR','GRADUADO','PERSONAL_ADMIN','PROFESOR'), primary key (rn_)) transactional
Hibernate: create global temporary table HTE_jugador(available boolean, jerseyNumber integer, rn_ integer not null, class varchar(31) not null, email varchar(255), equipoId varchar(255), id varchar(255), name varchar(255), password varchar(255), photo varchar(255), position enum ('DEFENSA','DELANTERO','PORTERO','VOLANTE'), userType enum ('ESTUDIANTE','FAMILIAR','GRADUADO','PERSONAL_ADMIN','PROFESOR'), primary key (rn_)) transactional
Hibernate: create global temporary table HTE_arbitro(rn_ integer not null, class varchar(31) not null, email varchar(255), id varchar(255), name varchar(255), password varchar(255), userType enum ('ESTUDIANTE','FAMILIAR','GRADUADO','PERSONAL_ADMIN','PROFESOR'), primary key (rn_)) transactional
Hibernate: create global temporary table HTE_capitan(available boolean, jerseyNumber integer, rn_ integer not null, class varchar(31) not null, email varchar(255), equipoId varchar(255), id varchar(255), name varchar(255), password varchar(255), photo varchar(255), teamId varchar(255), position enum ('DEFENSA','DELANTERO','PORTERO','VOLANTE'), userType enum ('ESTUDIANTE','FAMILIAR','GRADUADO','PERSONAL_ADMIN','PROFESOR'), primary key (rn_)) transactional
Hibernate: create global temporary table HTE_administrador(activo boolean, rn_ integer not null, class varchar(31) not null, email varchar(255), id varchar(255), name varchar(255), password varchar(255), userType enum ('ESTUDIANTE','FAMILIAR','GRADUADO','PERSONAL_ADMIN','PROFESOR'), primary key (rn_)) transactional
2026-04-07T21:36:58.914-05:00  INFO 9164 --- [           main] org.hibernate.orm.core                   : HHH000489: No JTA platform available (set 'hibernate.transaction.jta.platform' to enable JTA platform integration)
Hibernate: drop table if exists administrador cascade 
Hibernate: drop table if exists alineacion cascade 
Hibernate: drop table if exists alineacion_reservas cascade 
Hibernate: drop table if exists alineacion_titulares cascade 
Hibernate: drop table if exists arbitro cascade 
Hibernate: drop table if exists arbitro_partido cascade 
Hibernate: drop table if exists capitan cascade 
Hibernate: drop table if exists equipo cascade 
Hibernate: drop table if exists equipo_jugadores cascade 
Hibernate: drop table if exists gol cascade 
Hibernate: drop table if exists jugador cascade 
Hibernate: drop table if exists organizador cascade 
Hibernate: drop table if exists pago cascade 
Hibernate: drop table if exists partido cascade 
Hibernate: drop table if exists perfil_deportivo cascade 
Hibernate: drop table if exists perfil_posiciones cascade 
Hibernate: drop table if exists registro_auditoria cascade 
Hibernate: drop table if exists sancion cascade 
Hibernate: drop table if exists tarjeta cascade 
Hibernate: drop table if exists torneo cascade 
Hibernate: drop table if exists usuario cascade 
Hibernate: drop table if exists usuario_registrado cascade 
Hibernate: create table administrador (activo boolean not null, id varchar(255) not null, primary key (id))
Hibernate: create table alineacion (equipo_id varchar(255) not null, id varchar(255) not null, partido_id varchar(255) not null, formacion enum ('F_3_5_2','F_4_3_3','F_4_4_2','F_4_5_1','F_5_3_2') not null, primary key (id))
Hibernate: create table alineacion_reservas (alineacion_id varchar(255) not null, jugador_id varchar(255))
Hibernate: create table alineacion_titulares (alineacion_id varchar(255) not null, jugador_id varchar(255))
Hibernate: create table arbitro (id varchar(255) not null, primary key (id))
Hibernate: create table arbitro_partido (arbitro_id varchar(255) not null, partido_id varchar(255) not null)
Hibernate: create table capitan (id varchar(255) not null, team_id varchar(255), primary key (id))
Hibernate: create table equipo (capitan_id varchar(255), color_principal varchar(255), color_secundario varchar(255), escudo varchar(255), id varchar(255) not null, nombre varchar(255) not null unique, primary key (id))
Hibernate: create table equipo_jugadores (equipo_id varchar(255) not null, jugador_id varchar(255))
Hibernate: create table gol (minuto integer not null, id varchar(255) not null, jugador_id varchar(255), partido_id varchar(255) not null, primary key (id))
Hibernate: create table jugador (available boolean, jersey_number integer, equipo_id varchar(255), id varchar(255) not null, photo varchar(255), position enum ('DEFENSA','DELANTERO','PORTERO','VOLANTE'), primary key (id))
Hibernate: create table organizador (id varchar(255) not null, torneo_id varchar(255), primary key (id))
Hibernate: create table pago (fecha_subida date, comprobante varchar(255) not null, equipo_id varchar(255) not null, id varchar(255) not null, estado enum ('APROBADO','EN_REVISION','PENDIENTE','RECHAZADO') not null, primary key (id))
Hibernate: create table partido (marcador_local integer, marcador_visitante integer, fecha timestamp(6), cancha varchar(255), equipo_local_id varchar(255) not null, equipo_visitante_id varchar(255) not null, id varchar(255) not null, torneo_id varchar(255), estado enum ('EN_CURSO','FINALIZADO','PROGRAMADO') not null, primary key (id))
Hibernate: create table perfil_deportivo (dorsal integer, edad integer, semestre integer, foto varchar(255), id varchar(255) not null, identificacion varchar(255), jugador_id varchar(255) not null unique, genero enum ('FEMENINO','MASCULINO','OTRO'), primary key (id))
Hibernate: create table perfil_posiciones (perfil_id varchar(255) not null, posicion enum ('DEFENSA','DELANTERO','PORTERO','VOLANTE'))
Hibernate: create table registro_auditoria (fecha timestamp(6) not null, administrador_id varchar(255) not null, descripcion TEXT, id varchar(255) not null, usuario varchar(255) not null, tipo_accion enum ('LOGIN_ADMIN','REGISTRO_ARBITRO','REGISTRO_ORGANIZADOR') not null, primary key (id))
Hibernate: create table sancion (descripcion varchar(255) not null, id varchar(255) not null, jugador_id varchar(255), partido_id varchar(255), tipo_sancion enum ('AGRESION_FISICA','AGRESION_VERBAL','TARJETA_AMARILLA','TARJETA_ROJA') not null, primary key (id))
Hibernate: create table tarjeta (minuto integer not null, id varchar(255) not null, jugador_id varchar(255), partido_id varchar(255) not null, tipo enum ('AMARILLA','ROJA') not null, primary key (id))
Hibernate: create table torneo (cantidad_equipos integer, costo float(53), cierre_inscripciones timestamp(6), fecha_fin timestamp(6) not null, fecha_inicio timestamp(6) not null, canchas varchar(255), horarios varchar(255), id varchar(255) not null, nombre varchar(255) not null, reglamento TEXT, sanciones varchar(255), estado enum ('CREADO','EN_CURSO','FINALIZADO') not null, primary key (id))
Hibernate: create table usuario (tipo_rol varchar(31) not null check ((tipo_rol in ('CAPITAN','ADMINISTRADOR','ARBITRO','JUGADOR','ORGANIZADOR','USUARIO_REGISTRADO'))), email varchar(255) not null unique, id varchar(255) not null, name varchar(255) not null, password varchar(255) not null, user_type enum ('ESTUDIANTE','FAMILIAR','GRADUADO','PERSONAL_ADMIN','PROFESOR') not null, primary key (id))
Hibernate: create table usuario_registrado (id varchar(255) not null, primary key (id))
Hibernate: alter table if exists administrador add constraint FK2pojw9weqmkc0476cs86vyyrb foreign key (id) references usuario
Hibernate: alter table if exists alineacion_reservas add constraint FKk6jjcxnw8xkpxsgmxbomdfc9a foreign key (alineacion_id) references alineacion
Hibernate: alter table if exists alineacion_titulares add constraint FKpxw7u77krekcxdtpk686x3ipl foreign key (alineacion_id) references alineacion
Hibernate: alter table if exists arbitro add constraint FKdx1v8o0cd8f215me08ykr9h1c foreign key (id) references usuario
Hibernate: alter table if exists arbitro_partido add constraint FKg6s1x8ve5qa1cddj3hc3fe20e foreign key (partido_id) references partido
Hibernate: alter table if exists arbitro_partido add constraint FKg1lipa6qpek5v3icd7gsspu foreign key (arbitro_id) references arbitro
Hibernate: alter table if exists capitan add constraint FKkiqb5b4mbyk0oo506g71exg6s foreign key (id) references jugador
Hibernate: alter table if exists equipo_jugadores add constraint FKgwbd9ryupjqpf9j91i0v39r9i foreign key (equipo_id) references equipo
Hibernate: alter table if exists gol add constraint FKmrl2nco4jnlnw1gtlp9n6ey30 foreign key (jugador_id) references jugador
Hibernate: alter table if exists gol add constraint FK9yk1lesn5ybk58l10ub5ac0pu foreign key (partido_id) references partido
Hibernate: alter table if exists jugador add constraint FKeiohon4od250pwdk1v66n14v5 foreign key (id) references usuario
Hibernate: alter table if exists organizador add constraint FKnaxciuuf3j6fc5y779rsdb3s7 foreign key (id) references usuario
Hibernate: alter table if exists pago add constraint FK2u9yd2x0jqcjdmrgvlneyyydk foreign key (equipo_id) references equipo
Hibernate: alter table if exists partido add constraint FK7d0ff294y8ul2ego1km5r0tmq foreign key (equipo_local_id) references equipo
Hibernate: alter table if exists partido add constraint FKksi4gq2o9almp8a1gfnadjfu1 foreign key (equipo_visitante_id) references equipo
Hibernate: alter table if exists partido add constraint FK1akyk92mjh1v27nu8fhufpal3 foreign key (torneo_id) references torneo
Hibernate: alter table if exists perfil_posiciones add constraint FK8xkja60sgijyyq6jswyhjm4gt foreign key (perfil_id) references perfil_deportivo
Hibernate: alter table if exists sancion add constraint FKlaepbco0gq56p14x0kl6h1gke foreign key (jugador_id) references jugador
Hibernate: alter table if exists sancion add constraint FK2gg461ejs1s9kd7ce0sodicyl foreign key (partido_id) references partido
Hibernate: alter table if exists tarjeta add constraint FK4uxa0qo68n0ny598lffxwbe9x foreign key (jugador_id) references jugador
Hibernate: alter table if exists tarjeta add constraint FK93al75xeqaux80ifd6kiau3ww foreign key (partido_id) references partido
Hibernate: alter table if exists usuario_registrado add constraint FKdtqmlbp78ohd7jlnokvijs0bx foreign key (id) references usuario
2026-04-07T21:36:59.035-05:00  INFO 9164 --- [           main] j.LocalContainerEntityManagerFactoryBean : Initialized JPA EntityManagerFactory for persistence unit 'default'
2026-04-07T21:36:59.141-05:00  INFO 9164 --- [           main] o.s.d.j.r.query.QueryEnhancerFactories   : Hibernate is in classpath; If applicable, HQL parser will be used.
2026-04-07T21:36:59.991-05:00  WARN 9164 --- [           main] JpaBaseConfiguration$JpaWebConfiguration : spring.jpa.open-in-view is enabled by default. Therefore, database queries may be performed during view rendering. Explicitly configure spring.jpa.open-in-view to disable this warning
2026-04-07T21:37:00.777-05:00  INFO 9164 --- [           main] e.d.p.S.p.r.EquipoRepositoryTest         : Started EquipoRepositoryTest in 6.655 seconds (process running for 21.62)
Hibernate: select ee1_0.id,ee1_0.capitan_id,ee1_0.color_principal,ee1_0.color_secundario,ee1_0.escudo,ee1_0.nombre from equipo ee1_0 where ee1_0.id=?
Hibernate: select ee1_0.id,ee1_0.capitan_id,ee1_0.color_principal,ee1_0.color_secundario,ee1_0.escudo,ee1_0.nombre from equipo ee1_0 where ee1_0.id=?
Hibernate: select ee1_0.id,ee1_0.capitan_id,ee1_0.color_principal,ee1_0.color_secundario,ee1_0.escudo,ee1_0.nombre from equipo ee1_0 where ee1_0.id=?
Hibernate: insert into equipo (capitan_id,color_principal,color_secundario,escudo,nombre,id) values (?,?,?,?,?,?)
Hibernate: select ee1_0.id,ee1_0.capitan_id,ee1_0.color_principal,ee1_0.color_secundario,ee1_0.escudo,ee1_0.nombre from equipo ee1_0 where ee1_0.id=?
Hibernate: insert into equipo (capitan_id,color_principal,color_secundario,escudo,nombre,id) values (?,?,?,?,?,?)
Hibernate: insert into equipo (capitan_id,color_principal,color_secundario,escudo,nombre,id) values (?,?,?,?,?,?)
Hibernate: select ee1_0.id,ee1_0.capitan_id,ee1_0.color_principal,ee1_0.color_secundario,ee1_0.escudo,ee1_0.nombre from equipo ee1_0 where ee1_0.capitan_id=?
Hibernate: select ee1_0.id,ee1_0.capitan_id,ee1_0.color_principal,ee1_0.color_secundario,ee1_0.escudo,ee1_0.nombre from equipo ee1_0 where ee1_0.id=?
Hibernate: insert into equipo (capitan_id,color_principal,color_secundario,escudo,nombre,id) values (?,?,?,?,?,?)
Hibernate: select ee1_0.id,ee1_0.capitan_id,ee1_0.color_principal,ee1_0.color_secundario,ee1_0.escudo,ee1_0.nombre from equipo ee1_0 where ee1_0.id=?
Hibernate: insert into equipo (capitan_id,color_principal,color_secundario,escudo,nombre,id) values (?,?,?,?,?,?)
2026-04-07T21:37:01.463-05:00  WARN 9164 --- [           main] org.hibernate.orm.jdbc.error             : HHH000247: ErrorCode: 23505, SQLState: 23505
2026-04-07T21:37:01.464-05:00  WARN 9164 --- [           main] org.hibernate.orm.jdbc.error             : Violación de indice de Unicidad ó Clave primaria: "PUBLIC.CONSTRAINT_7 INDEX PUBLIC.CONSTRAINT_INDEX_7 ON PUBLIC.EQUIPO(NOMBRE NULLS FIRST) VALUES ( /* 4 */ 'Los Bravos' )"
Unique index or primary key violation: "PUBLIC.CONSTRAINT_7 INDEX PUBLIC.CONSTRAINT_INDEX_7 ON PUBLIC.EQUIPO(NOMBRE NULLS FIRST) VALUES ( /* 4 */ 'Los Bravos' )"; SQL statement:
insert into equipo (capitan_id,color_principal,color_secundario,escudo,nombre,id) values (?,?,?,?,?,?) [23505-240]
[INFO] Tests run: 5, Failures: 0, Errors: 0, Skipped: 0, Time elapsed: 7.660 s -- in edu.dosw.project.SFC_TechUp_Futbol.persistence.repository.EquipoRepositoryTest
[INFO] Running edu.dosw.project.SFC_TechUp_Futbol.persistence.repository.JugadorRepositoryTest
2026-04-07T21:37:01.488-05:00  INFO 9164 --- [           main] t.c.s.AnnotationConfigContextLoaderUtils : Could not detect default configuration classes for test class [edu.dosw.project.SFC_TechUp_Futbol.persistence.repository.JugadorRepositoryTest]: JugadorRepositoryTest does not declare any static, non-private, non-final, nested classes annotated with @Configuration.
2026-04-07T21:37:01.491-05:00  INFO 9164 --- [           main] .b.t.c.SpringBootTestContextBootstrapper : Found @SpringBootConfiguration edu.dosw.project.SFC_TechUp_Futbol.SFCTechCupFutbolApiApplication for test class edu.dosw.project.SFC_TechUp_Futbol.persistence.repository.JugadorRepositoryTest
Hibernate: select je1_0.id,je1_1.tipo_rol,je1_1.email,je1_1.name,je1_1.password,je1_1.user_type,je1_0.available,je1_0.equipo_id,je1_0.jersey_number,je1_0.photo,je1_0.position,je1_2.team_id from jugador je1_0 join usuario je1_1 on je1_0.id=je1_1.id left join capitan je1_2 on je1_0.id=je1_2.id where je1_0.id=?
Hibernate: select je1_0.id,je1_1.tipo_rol,je1_1.email,je1_1.name,je1_1.password,je1_1.user_type,je1_0.available,je1_0.equipo_id,je1_0.jersey_number,je1_0.photo,je1_0.position,je1_2.team_id from jugador je1_0 join usuario je1_1 on je1_0.id=je1_1.id left join capitan je1_2 on je1_0.id=je1_2.id where je1_0.id=?
Hibernate: insert into usuario (email,name,password,user_type,tipo_rol,id) values (?,?,?,?,'JUGADOR',?)
Hibernate: insert into jugador (available,equipo_id,jersey_number,photo,position,id) values (?,?,?,?,?,?)
Hibernate: select je1_0.id,je1_1.tipo_rol,je1_1.email,je1_1.name,je1_1.password,je1_1.user_type,je1_0.available,je1_0.equipo_id,je1_0.jersey_number,je1_0.photo,je1_0.position,je1_2.team_id from jugador je1_0 join usuario je1_1 on je1_0.id=je1_1.id left join capitan je1_2 on je1_0.id=je1_2.id where je1_0.id=?
Hibernate: select je1_0.id,je1_1.tipo_rol,je1_1.email,je1_1.name,je1_1.password,je1_1.user_type,je1_0.available,je1_0.equipo_id,je1_0.jersey_number,je1_0.photo,je1_0.position,je1_2.team_id from jugador je1_0 join usuario je1_1 on je1_0.id=je1_1.id left join capitan je1_2 on je1_0.id=je1_2.id where je1_0.id=?
Hibernate: insert into usuario (email,name,password,user_type,tipo_rol,id) values (?,?,?,?,'JUGADOR',?)
Hibernate: insert into jugador (available,equipo_id,jersey_number,photo,position,id) values (?,?,?,?,?,?)
Hibernate: select je1_0.id,je1_1.tipo_rol,je1_1.email,je1_1.name,je1_1.password,je1_1.user_type,je1_0.available,je1_0.equipo_id,je1_0.jersey_number,je1_0.photo,je1_0.position,je1_2.team_id from jugador je1_0 join usuario je1_1 on je1_0.id=je1_1.id left join capitan je1_2 on je1_0.id=je1_2.id where je1_0.id=?
Hibernate: insert into usuario (email,name,password,user_type,tipo_rol,id) values (?,?,?,?,'JUGADOR',?)
2026-04-07T21:37:01.536-05:00  WARN 9164 --- [           main] org.hibernate.orm.jdbc.error             : HHH000247: ErrorCode: 23505, SQLState: 23505
2026-04-07T21:37:01.536-05:00  WARN 9164 --- [           main] org.hibernate.orm.jdbc.error             : Violación de indice de Unicidad ó Clave primaria: "PUBLIC.CONSTRAINT_22E INDEX PUBLIC.CONSTRAINT_INDEX_2 ON PUBLIC.USUARIO(EMAIL NULLS FIRST) VALUES ( /* 2 */ 'dup@escuelaing.edu.co' )"
Unique index or primary key violation: "PUBLIC.CONSTRAINT_22E INDEX PUBLIC.CONSTRAINT_INDEX_2 ON PUBLIC.USUARIO(EMAIL NULLS FIRST) VALUES ( /* 2 */ 'dup@escuelaing.edu.co' )"; SQL statement:
insert into usuario (email,name,password,user_type,tipo_rol,id) values (?,?,?,?,'JUGADOR',?) [23505-240]
Hibernate: insert into usuario (email,name,password,user_type,tipo_rol,id) values (?,?,?,?,'JUGADOR',?)
Hibernate: insert into jugador (available,equipo_id,jersey_number,photo,position,id) values (?,?,?,?,?,?)
Hibernate: select je1_0.id,je1_1.tipo_rol,je1_1.email,je1_1.name,je1_1.password,je1_1.user_type,je1_0.available,je1_0.equipo_id,je1_0.jersey_number,je1_0.photo,je1_0.position,je1_2.team_id from jugador je1_0 join usuario je1_1 on je1_0.id=je1_1.id left join capitan je1_2 on je1_0.id=je1_2.id where je1_1.email=?
Hibernate: select je1_0.id,je1_1.tipo_rol,je1_1.email,je1_1.name,je1_1.password,je1_1.user_type,je1_0.available,je1_0.equipo_id,je1_0.jersey_number,je1_0.photo,je1_0.position,je1_2.team_id from jugador je1_0 join usuario je1_1 on je1_0.id=je1_1.id left join capitan je1_2 on je1_0.id=je1_2.id where je1_0.id=?
[INFO] Tests run: 5, Failures: 0, Errors: 0, Skipped: 0, Time elapsed: 0.073 s -- in edu.dosw.project.SFC_TechUp_Futbol.persistence.repository.JugadorRepositoryTest
[INFO] Running edu.dosw.project.SFC_TechUp_Futbol.persistence.repository.OrganizadorArbitroRepositoryTest
2026-04-07T21:37:01.561-05:00  INFO 9164 --- [           main] t.c.s.AnnotationConfigContextLoaderUtils : Could not detect default configuration classes for test class [edu.dosw.project.SFC_TechUp_Futbol.persistence.repository.OrganizadorArbitroRepositoryTest]: OrganizadorArbitroRepositoryTest does not declare any static, non-private, non-final, nested classes annotated with @Configuration.
2026-04-07T21:37:01.562-05:00  INFO 9164 --- [           main] .b.t.c.SpringBootTestContextBootstrapper : Found @SpringBootConfiguration edu.dosw.project.SFC_TechUp_Futbol.SFCTechCupFutbolApiApplication for test class edu.dosw.project.SFC_TechUp_Futbol.persistence.repository.OrganizadorArbitroRepositoryTest
Hibernate: select oe1_0.id,oe1_1.email,oe1_1.name,oe1_1.password,oe1_1.user_type,oe1_0.torneo_id from organizador oe1_0 join usuario oe1_1 on oe1_0.id=oe1_1.id where oe1_0.id=?
Hibernate: insert into usuario (email,name,password,user_type,tipo_rol,id) values (?,?,?,?,'ORGANIZADOR',?)
Hibernate: insert into organizador (torneo_id,id) values (?,?)
Hibernate: select oe1_0.id,oe1_1.email,oe1_1.name,oe1_1.password,oe1_1.user_type,oe1_0.torneo_id from organizador oe1_0 join usuario oe1_1 on oe1_0.id=oe1_1.id where oe1_0.id=?
Hibernate: select oe1_0.id,oe1_1.email,oe1_1.name,oe1_1.password,oe1_1.user_type,oe1_0.torneo_id from organizador oe1_0 join usuario oe1_1 on oe1_0.id=oe1_1.id where oe1_0.id=?
Hibernate: insert into usuario (email,name,password,user_type,tipo_rol,id) values (?,?,?,?,'ORGANIZADOR',?)
Hibernate: insert into organizador (torneo_id,id) values (?,?)
Hibernate: select oe1_0.id,oe1_1.email,oe1_1.name,oe1_1.password,oe1_1.user_type,oe1_0.torneo_id from organizador oe1_0 join usuario oe1_1 on oe1_0.id=oe1_1.id where oe1_0.id=?
Hibernate: insert into usuario (email,name,password,user_type,tipo_rol,id) values (?,?,?,?,'ORGANIZADOR',?)
2026-04-07T21:37:01.584-05:00  WARN 9164 --- [           main] org.hibernate.orm.jdbc.error             : HHH000247: ErrorCode: 23505, SQLState: 23505
2026-04-07T21:37:01.584-05:00  WARN 9164 --- [           main] org.hibernate.orm.jdbc.error             : Violación de indice de Unicidad ó Clave primaria: "PUBLIC.CONSTRAINT_22E INDEX PUBLIC.CONSTRAINT_INDEX_2 ON PUBLIC.USUARIO(EMAIL NULLS FIRST) VALUES ( /* 6 */ 'duplicado.rf22c@test.com' )"
Unique index or primary key violation: "PUBLIC.CONSTRAINT_22E INDEX PUBLIC.CONSTRAINT_INDEX_2 ON PUBLIC.USUARIO(EMAIL NULLS FIRST) VALUES ( /* 6 */ 'duplicado.rf22c@test.com' )"; SQL statement:
insert into usuario (email,name,password,user_type,tipo_rol,id) values (?,?,?,?,'ORGANIZADOR',?) [23505-240]
Hibernate: select oe1_0.id,oe1_1.email,oe1_1.name,oe1_1.password,oe1_1.user_type,oe1_0.torneo_id from organizador oe1_0 join usuario oe1_1 on oe1_0.id=oe1_1.id where oe1_0.id=?
Hibernate: insert into usuario (email,name,password,user_type,tipo_rol,id) values (?,?,?,?,'ORGANIZADOR',?)
Hibernate: insert into organizador (torneo_id,id) values (?,?)
Hibernate: select oe1_0.id,oe1_1.email,oe1_1.name,oe1_1.password,oe1_1.user_type,oe1_0.torneo_id from organizador oe1_0 join usuario oe1_1 on oe1_0.id=oe1_1.id where oe1_1.email=?
Hibernate: select ae1_0.id,ae1_1.email,ae1_1.name,ae1_1.password,ae1_1.user_type from arbitro ae1_0 join usuario ae1_1 on ae1_0.id=ae1_1.id where ae1_1.email=?
Hibernate: select oe1_0.id,oe1_1.email,oe1_1.name,oe1_1.password,oe1_1.user_type,oe1_0.torneo_id from organizador oe1_0 join usuario oe1_1 on oe1_0.id=oe1_1.id where oe1_0.id=?
Hibernate: select ae1_0.id,ae1_1.email,ae1_1.name,ae1_1.password,ae1_1.user_type from arbitro ae1_0 join usuario ae1_1 on ae1_0.id=ae1_1.id where ae1_0.id=?
Hibernate: insert into usuario (email,name,password,user_type,tipo_rol,id) values (?,?,?,?,'ARBITRO',?)
Hibernate: insert into arbitro (id) values (?)
Hibernate: select ae1_0.id,ae1_1.email,ae1_1.name,ae1_1.password,ae1_1.user_type from arbitro ae1_0 join usuario ae1_1 on ae1_0.id=ae1_1.id where ae1_0.id=?
[INFO] Tests run: 6, Failures: 0, Errors: 0, Skipped: 0, Time elapsed: 0.058 s -- in edu.dosw.project.SFC_TechUp_Futbol.persistence.repository.OrganizadorArbitroRepositoryTest
[INFO] Running edu.dosw.project.SFC_TechUp_Futbol.persistence.repository.PagoRepositoryTest
2026-04-07T21:37:01.620-05:00  INFO 9164 --- [           main] t.c.s.AnnotationConfigContextLoaderUtils : Could not detect default configuration classes for test class [edu.dosw.project.SFC_TechUp_Futbol.persistence.repository.PagoRepositoryTest]: PagoRepositoryTest does not declare any static, non-private, non-final, nested classes annotated with @Configuration.
2026-04-07T21:37:01.621-05:00  INFO 9164 --- [           main] .b.t.c.SpringBootTestContextBootstrapper : Found @SpringBootConfiguration edu.dosw.project.SFC_TechUp_Futbol.SFCTechCupFutbolApiApplication for test class edu.dosw.project.SFC_TechUp_Futbol.persistence.repository.PagoRepositoryTest
Hibernate: insert into equipo (capitan_id,color_principal,color_secundario,escudo,nombre,id) values (?,?,?,?,?,?)
Hibernate: insert into equipo (capitan_id,color_principal,color_secundario,escudo,nombre,id) values (?,?,?,?,?,?)
Hibernate: select pe1_0.id,pe1_0.comprobante,pe1_0.equipo_id,pe1_0.estado,pe1_0.fecha_subida from pago pe1_0 where pe1_0.id=?
Hibernate: select pe1_0.id,pe1_0.comprobante,pe1_0.equipo_id,pe1_0.estado,pe1_0.fecha_subida from pago pe1_0 where pe1_0.id=?
Hibernate: select pe1_0.id,pe1_0.comprobante,pe1_0.equipo_id,pe1_0.estado,pe1_0.fecha_subida from pago pe1_0 where pe1_0.id=?
Hibernate: insert into pago (comprobante,equipo_id,estado,fecha_subida,id) values (?,?,?,?,?)
Hibernate: insert into pago (comprobante,equipo_id,estado,fecha_subida,id) values (?,?,?,?,?)
Hibernate: insert into pago (comprobante,equipo_id,estado,fecha_subida,id) values (?,?,?,?,?)
Hibernate: select pe1_0.id,pe1_0.comprobante,pe1_0.equipo_id,pe1_0.estado,pe1_0.fecha_subida from pago pe1_0 where pe1_0.equipo_id=?
Hibernate: insert into equipo (capitan_id,color_principal,color_secundario,escudo,nombre,id) values (?,?,?,?,?,?)
Hibernate: select pe1_0.id,pe1_0.comprobante,pe1_0.equipo_id,pe1_0.estado,pe1_0.fecha_subida from pago pe1_0 where pe1_0.id=?
Hibernate: insert into pago (comprobante,equipo_id,estado,fecha_subida,id) values (?,?,?,?,?)
Hibernate: select pe1_0.id,pe1_0.comprobante,pe1_0.equipo_id,pe1_0.estado,pe1_0.fecha_subida from pago pe1_0 where pe1_0.id=?
Hibernate: select pe1_0.id,pe1_0.comprobante,pe1_0.equipo_id,pe1_0.estado,pe1_0.fecha_subida from pago pe1_0 where pe1_0.id=?
Hibernate: insert into equipo (capitan_id,color_principal,color_secundario,escudo,nombre,id) values (?,?,?,?,?,?)
Hibernate: select pe1_0.id,pe1_0.comprobante,pe1_0.equipo_id,pe1_0.estado,pe1_0.fecha_subida from pago pe1_0 where pe1_0.id=?
Hibernate: insert into equipo (capitan_id,color_principal,color_secundario,escudo,nombre,id) values (?,?,?,?,?,?)
Hibernate: select pe1_0.id,pe1_0.comprobante,pe1_0.equipo_id,pe1_0.estado,pe1_0.fecha_subida from pago pe1_0 where pe1_0.id=?
Hibernate: select pe1_0.id,pe1_0.comprobante,pe1_0.equipo_id,pe1_0.estado,pe1_0.fecha_subida from pago pe1_0 where pe1_0.id=?
Hibernate: insert into pago (comprobante,equipo_id,estado,fecha_subida,id) values (?,?,?,?,?)
Hibernate: insert into pago (comprobante,equipo_id,estado,fecha_subida,id) values (?,?,?,?,?)
Hibernate: select pe1_0.id,pe1_0.comprobante,pe1_0.equipo_id,pe1_0.estado,pe1_0.fecha_subida from pago pe1_0 where pe1_0.estado=?
[INFO] Tests run: 5, Failures: 0, Errors: 0, Skipped: 0, Time elapsed: 0.068 s -- in edu.dosw.project.SFC_TechUp_Futbol.persistence.repository.PagoRepositoryTest
[INFO] Running edu.dosw.project.SFC_TechUp_Futbol.persistence.repository.PartidoRepositoryTest
2026-04-07T21:37:01.689-05:00  INFO 9164 --- [           main] t.c.s.AnnotationConfigContextLoaderUtils : Could not detect default configuration classes for test class [edu.dosw.project.SFC_TechUp_Futbol.persistence.repository.PartidoRepositoryTest]: PartidoRepositoryTest does not declare any static, non-private, non-final, nested classes annotated with @Configuration.
2026-04-07T21:37:01.690-05:00  INFO 9164 --- [           main] .b.t.c.SpringBootTestContextBootstrapper : Found @SpringBootConfiguration edu.dosw.project.SFC_TechUp_Futbol.SFCTechCupFutbolApiApplication for test class edu.dosw.project.SFC_TechUp_Futbol.persistence.repository.PartidoRepositoryTest
Hibernate: insert into torneo (canchas,cantidad_equipos,cierre_inscripciones,costo,estado,fecha_fin,fecha_inicio,horarios,nombre,reglamento,sanciones,id) values (?,?,?,?,?,?,?,?,?,?,?,?)
Hibernate: insert into torneo (canchas,cantidad_equipos,cierre_inscripciones,costo,estado,fecha_fin,fecha_inicio,horarios,nombre,reglamento,sanciones,id) values (?,?,?,?,?,?,?,?,?,?,?,?)
Hibernate: insert into equipo (capitan_id,color_principal,color_secundario,escudo,nombre,id) values (?,?,?,?,?,?)
Hibernate: insert into equipo (capitan_id,color_principal,color_secundario,escudo,nombre,id) values (?,?,?,?,?,?)
Hibernate: insert into equipo (capitan_id,color_principal,color_secundario,escudo,nombre,id) values (?,?,?,?,?,?)
Hibernate: select pe1_0.id,pe1_0.cancha,pe1_0.equipo_local_id,pe1_0.equipo_visitante_id,pe1_0.estado,pe1_0.fecha,pe1_0.marcador_local,pe1_0.marcador_visitante,pe1_0.torneo_id,g1_0.partido_id,g1_0.id,g1_0.jugador_id,g1_0.minuto from partido pe1_0 left join gol g1_0 on pe1_0.id=g1_0.partido_id where pe1_0.id=?
Hibernate: select pe1_0.id,pe1_0.cancha,pe1_0.equipo_local_id,pe1_0.equipo_visitante_id,pe1_0.estado,pe1_0.fecha,pe1_0.marcador_local,pe1_0.marcador_visitante,pe1_0.torneo_id,g1_0.partido_id,g1_0.id,g1_0.jugador_id,g1_0.minuto from partido pe1_0 left join gol g1_0 on pe1_0.id=g1_0.partido_id where pe1_0.id=?
Hibernate: select pe1_0.id,pe1_0.cancha,pe1_0.equipo_local_id,pe1_0.equipo_visitante_id,pe1_0.estado,pe1_0.fecha,pe1_0.marcador_local,pe1_0.marcador_visitante,pe1_0.torneo_id,g1_0.partido_id,g1_0.id,g1_0.jugador_id,g1_0.minuto from partido pe1_0 left join gol g1_0 on pe1_0.id=g1_0.partido_id where pe1_0.id=?
Hibernate: insert into partido (cancha,equipo_local_id,equipo_visitante_id,estado,fecha,marcador_local,marcador_visitante,torneo_id,id) values (?,?,?,?,?,?,?,?,?)
Hibernate: insert into partido (cancha,equipo_local_id,equipo_visitante_id,estado,fecha,marcador_local,marcador_visitante,torneo_id,id) values (?,?,?,?,?,?,?,?,?)
Hibernate: insert into partido (cancha,equipo_local_id,equipo_visitante_id,estado,fecha,marcador_local,marcador_visitante,torneo_id,id) values (?,?,?,?,?,?,?,?,?)
Hibernate: select pe1_0.id,pe1_0.cancha,pe1_0.equipo_local_id,pe1_0.equipo_visitante_id,pe1_0.estado,pe1_0.fecha,pe1_0.marcador_local,pe1_0.marcador_visitante,pe1_0.torneo_id from partido pe1_0 where pe1_0.torneo_id=?
Hibernate: insert into torneo (canchas,cantidad_equipos,cierre_inscripciones,costo,estado,fecha_fin,fecha_inicio,horarios,nombre,reglamento,sanciones,id) values (?,?,?,?,?,?,?,?,?,?,?,?)
Hibernate: insert into equipo (capitan_id,color_principal,color_secundario,escudo,nombre,id) values (?,?,?,?,?,?)
Hibernate: insert into equipo (capitan_id,color_principal,color_secundario,escudo,nombre,id) values (?,?,?,?,?,?)
Hibernate: insert into equipo (capitan_id,color_principal,color_secundario,escudo,nombre,id) values (?,?,?,?,?,?)
Hibernate: select pe1_0.id,pe1_0.cancha,pe1_0.equipo_local_id,pe1_0.equipo_visitante_id,pe1_0.estado,pe1_0.fecha,pe1_0.marcador_local,pe1_0.marcador_visitante,pe1_0.torneo_id,g1_0.partido_id,g1_0.id,g1_0.jugador_id,g1_0.minuto from partido pe1_0 left join gol g1_0 on pe1_0.id=g1_0.partido_id where pe1_0.id=?
Hibernate: select pe1_0.id,pe1_0.cancha,pe1_0.equipo_local_id,pe1_0.equipo_visitante_id,pe1_0.estado,pe1_0.fecha,pe1_0.marcador_local,pe1_0.marcador_visitante,pe1_0.torneo_id,g1_0.partido_id,g1_0.id,g1_0.jugador_id,g1_0.minuto from partido pe1_0 left join gol g1_0 on pe1_0.id=g1_0.partido_id where pe1_0.id=?
Hibernate: select pe1_0.id,pe1_0.cancha,pe1_0.equipo_local_id,pe1_0.equipo_visitante_id,pe1_0.estado,pe1_0.fecha,pe1_0.marcador_local,pe1_0.marcador_visitante,pe1_0.torneo_id,g1_0.partido_id,g1_0.id,g1_0.jugador_id,g1_0.minuto from partido pe1_0 left join gol g1_0 on pe1_0.id=g1_0.partido_id where pe1_0.id=?
Hibernate: insert into partido (cancha,equipo_local_id,equipo_visitante_id,estado,fecha,marcador_local,marcador_visitante,torneo_id,id) values (?,?,?,?,?,?,?,?,?)
Hibernate: insert into partido (cancha,equipo_local_id,equipo_visitante_id,estado,fecha,marcador_local,marcador_visitante,torneo_id,id) values (?,?,?,?,?,?,?,?,?)
Hibernate: insert into partido (cancha,equipo_local_id,equipo_visitante_id,estado,fecha,marcador_local,marcador_visitante,torneo_id,id) values (?,?,?,?,?,?,?,?,?)
Hibernate: select pe1_0.id,pe1_0.cancha,pe1_0.equipo_local_id,pe1_0.equipo_visitante_id,pe1_0.estado,pe1_0.fecha,pe1_0.marcador_local,pe1_0.marcador_visitante,pe1_0.torneo_id from partido pe1_0 where pe1_0.equipo_local_id=? or pe1_0.equipo_visitante_id=?
Hibernate: insert into torneo (canchas,cantidad_equipos,cierre_inscripciones,costo,estado,fecha_fin,fecha_inicio,horarios,nombre,reglamento,sanciones,id) values (?,?,?,?,?,?,?,?,?,?,?,?)
Hibernate: insert into equipo (capitan_id,color_principal,color_secundario,escudo,nombre,id) values (?,?,?,?,?,?)
Hibernate: insert into equipo (capitan_id,color_principal,color_secundario,escudo,nombre,id) values (?,?,?,?,?,?)
Hibernate: select pe1_0.id,pe1_0.cancha,pe1_0.equipo_local_id,pe1_0.equipo_visitante_id,pe1_0.estado,pe1_0.fecha,pe1_0.marcador_local,pe1_0.marcador_visitante,pe1_0.torneo_id,g1_0.partido_id,g1_0.id,g1_0.jugador_id,g1_0.minuto from partido pe1_0 left join gol g1_0 on pe1_0.id=g1_0.partido_id where pe1_0.id=?
Hibernate: select ge1_0.id,ge1_0.jugador_id,ge1_0.minuto,ge1_0.partido_id from gol ge1_0 where ge1_0.id=?
Hibernate: select ge1_0.id,ge1_0.jugador_id,ge1_0.minuto,ge1_0.partido_id from gol ge1_0 where ge1_0.id=?
Hibernate: insert into partido (cancha,equipo_local_id,equipo_visitante_id,estado,fecha,marcador_local,marcador_visitante,torneo_id,id) values (?,?,?,?,?,?,?,?,?)
Hibernate: insert into gol (jugador_id,minuto,partido_id,id) values (?,?,?,?)
Hibernate: insert into gol (jugador_id,minuto,partido_id,id) values (?,?,?,?)
Hibernate: select pe1_0.id,pe1_0.cancha,pe1_0.equipo_local_id,pe1_0.equipo_visitante_id,pe1_0.estado,pe1_0.fecha,pe1_0.marcador_local,pe1_0.marcador_visitante,pe1_0.torneo_id from partido pe1_0 where pe1_0.id=?
Hibernate: select g1_0.partido_id,g1_0.id,g1_0.jugador_id,g1_0.minuto from gol g1_0 where g1_0.partido_id=?
Hibernate: insert into torneo (canchas,cantidad_equipos,cierre_inscripciones,costo,estado,fecha_fin,fecha_inicio,horarios,nombre,reglamento,sanciones,id) values (?,?,?,?,?,?,?,?,?,?,?,?)
Hibernate: insert into equipo (capitan_id,color_principal,color_secundario,escudo,nombre,id) values (?,?,?,?,?,?)
Hibernate: select pe1_0.id,pe1_0.cancha,pe1_0.equipo_local_id,pe1_0.equipo_visitante_id,pe1_0.estado,pe1_0.fecha,pe1_0.marcador_local,pe1_0.marcador_visitante,pe1_0.torneo_id,g1_0.partido_id,g1_0.id,g1_0.jugador_id,g1_0.minuto from partido pe1_0 left join gol g1_0 on pe1_0.id=g1_0.partido_id where pe1_0.id=?
Hibernate: insert into torneo (canchas,cantidad_equipos,cierre_inscripciones,costo,estado,fecha_fin,fecha_inicio,horarios,nombre,reglamento,sanciones,id) values (?,?,?,?,?,?,?,?,?,?,?,?)
Hibernate: insert into equipo (capitan_id,color_principal,color_secundario,escudo,nombre,id) values (?,?,?,?,?,?)
Hibernate: insert into equipo (capitan_id,color_principal,color_secundario,escudo,nombre,id) values (?,?,?,?,?,?)
Hibernate: select pe1_0.id,pe1_0.cancha,pe1_0.equipo_local_id,pe1_0.equipo_visitante_id,pe1_0.estado,pe1_0.fecha,pe1_0.marcador_local,pe1_0.marcador_visitante,pe1_0.torneo_id,g1_0.partido_id,g1_0.id,g1_0.jugador_id,g1_0.minuto from partido pe1_0 left join gol g1_0 on pe1_0.id=g1_0.partido_id where pe1_0.id=?
Hibernate: insert into partido (cancha,equipo_local_id,equipo_visitante_id,estado,fecha,marcador_local,marcador_visitante,torneo_id,id) values (?,?,?,?,?,?,?,?,?)
Hibernate: select pe1_0.id,pe1_0.cancha,pe1_0.equipo_local_id,pe1_0.equipo_visitante_id,pe1_0.estado,pe1_0.fecha,pe1_0.marcador_local,pe1_0.marcador_visitante,pe1_0.torneo_id from partido pe1_0 where pe1_0.id=?
[INFO] Tests run: 5, Failures: 0, Errors: 0, Skipped: 0, Time elapsed: 0.101 s -- in edu.dosw.project.SFC_TechUp_Futbol.persistence.repository.PartidoRepositoryTest
[INFO] Running edu.dosw.project.SFC_TechUp_Futbol.persistence.repository.TablaPosicionesRepositoryTest
2026-04-07T21:37:01.791-05:00  INFO 9164 --- [           main] t.c.s.AnnotationConfigContextLoaderUtils : Could not detect default configuration classes for test class [edu.dosw.project.SFC_TechUp_Futbol.persistence.repository.TablaPosicionesRepositoryTest]: TablaPosicionesRepositoryTest does not declare any static, non-private, non-final, nested classes annotated with @Configuration.
2026-04-07T21:37:01.792-05:00  INFO 9164 --- [           main] .b.t.c.SpringBootTestContextBootstrapper : Found @SpringBootConfiguration edu.dosw.project.SFC_TechUp_Futbol.SFCTechCupFutbolApiApplication for test class edu.dosw.project.SFC_TechUp_Futbol.persistence.repository.TablaPosicionesRepositoryTest
Hibernate: insert into torneo (canchas,cantidad_equipos,cierre_inscripciones,costo,estado,fecha_fin,fecha_inicio,horarios,nombre,reglamento,sanciones,id) values (?,?,?,?,?,?,?,?,?,?,?,?)
Hibernate: insert into torneo (canchas,cantidad_equipos,cierre_inscripciones,costo,estado,fecha_fin,fecha_inicio,horarios,nombre,reglamento,sanciones,id) values (?,?,?,?,?,?,?,?,?,?,?,?)
Hibernate: insert into equipo (capitan_id,color_principal,color_secundario,escudo,nombre,id) values (?,?,?,?,?,?)
Hibernate: insert into equipo (capitan_id,color_principal,color_secundario,escudo,nombre,id) values (?,?,?,?,?,?)
Hibernate: insert into partido (cancha,equipo_local_id,equipo_visitante_id,estado,fecha,marcador_local,marcador_visitante,torneo_id,id) values (?,?,?,?,?,?,?,?,?)
Hibernate: insert into partido (cancha,equipo_local_id,equipo_visitante_id,estado,fecha,marcador_local,marcador_visitante,torneo_id,id) values (?,?,?,?,?,?,?,?,?)
Hibernate: insert into partido (cancha,equipo_local_id,equipo_visitante_id,estado,fecha,marcador_local,marcador_visitante,torneo_id,id) values (?,?,?,?,?,?,?,?,?)
Hibernate: select pe1_0.id,pe1_0.cancha,pe1_0.equipo_local_id,pe1_0.equipo_visitante_id,pe1_0.estado,pe1_0.fecha,pe1_0.marcador_local,pe1_0.marcador_visitante,pe1_0.torneo_id from partido pe1_0 where pe1_0.torneo_id=?
Hibernate: insert into torneo (canchas,cantidad_equipos,cierre_inscripciones,costo,estado,fecha_fin,fecha_inicio,horarios,nombre,reglamento,sanciones,id) values (?,?,?,?,?,?,?,?,?,?,?,?)
Hibernate: insert into equipo (capitan_id,color_principal,color_secundario,escudo,nombre,id) values (?,?,?,?,?,?)
Hibernate: insert into equipo (capitan_id,color_principal,color_secundario,escudo,nombre,id) values (?,?,?,?,?,?)
Hibernate: insert into equipo (capitan_id,color_principal,color_secundario,escudo,nombre,id) values (?,?,?,?,?,?)
Hibernate: insert into partido (cancha,equipo_local_id,equipo_visitante_id,estado,fecha,marcador_local,marcador_visitante,torneo_id,id) values (?,?,?,?,?,?,?,?,?)
Hibernate: insert into partido (cancha,equipo_local_id,equipo_visitante_id,estado,fecha,marcador_local,marcador_visitante,torneo_id,id) values (?,?,?,?,?,?,?,?,?)
Hibernate: insert into partido (cancha,equipo_local_id,equipo_visitante_id,estado,fecha,marcador_local,marcador_visitante,torneo_id,id) values (?,?,?,?,?,?,?,?,?)
Hibernate: select pe1_0.id,pe1_0.cancha,pe1_0.equipo_local_id,pe1_0.equipo_visitante_id,pe1_0.estado,pe1_0.fecha,pe1_0.marcador_local,pe1_0.marcador_visitante,pe1_0.torneo_id from partido pe1_0 where pe1_0.torneo_id=?
Hibernate: insert into torneo (canchas,cantidad_equipos,cierre_inscripciones,costo,estado,fecha_fin,fecha_inicio,horarios,nombre,reglamento,sanciones,id) values (?,?,?,?,?,?,?,?,?,?,?,?)
Hibernate: insert into equipo (capitan_id,color_principal,color_secundario,escudo,nombre,id) values (?,?,?,?,?,?)
Hibernate: insert into equipo (capitan_id,color_principal,color_secundario,escudo,nombre,id) values (?,?,?,?,?,?)
Hibernate: insert into partido (cancha,equipo_local_id,equipo_visitante_id,estado,fecha,marcador_local,marcador_visitante,torneo_id,id) values (?,?,?,?,?,?,?,?,?)
Hibernate: select pe1_0.id,pe1_0.cancha,pe1_0.equipo_local_id,pe1_0.equipo_visitante_id,pe1_0.estado,pe1_0.fecha,pe1_0.marcador_local,pe1_0.marcador_visitante,pe1_0.torneo_id from partido pe1_0 where pe1_0.torneo_id=?
[INFO] Tests run: 3, Failures: 0, Errors: 0, Skipped: 0, Time elapsed: 0.041 s -- in edu.dosw.project.SFC_TechUp_Futbol.persistence.repository.TablaPosicionesRepositoryTest
[INFO] Running edu.dosw.project.SFC_TechUp_Futbol.persistence.repository.TorneoRepositoryTest
2026-04-07T21:37:01.833-05:00  INFO 9164 --- [           main] t.c.s.AnnotationConfigContextLoaderUtils : Could not detect default configuration classes for test class [edu.dosw.project.SFC_TechUp_Futbol.persistence.repository.TorneoRepositoryTest]: TorneoRepositoryTest does not declare any static, non-private, non-final, nested classes annotated with @Configuration.
2026-04-07T21:37:01.834-05:00  INFO 9164 --- [           main] .b.t.c.SpringBootTestContextBootstrapper : Found @SpringBootConfiguration edu.dosw.project.SFC_TechUp_Futbol.SFCTechCupFutbolApiApplication for test class edu.dosw.project.SFC_TechUp_Futbol.persistence.repository.TorneoRepositoryTest
Hibernate: insert into torneo (canchas,cantidad_equipos,cierre_inscripciones,costo,estado,fecha_fin,fecha_inicio,horarios,nombre,reglamento,sanciones,id) values (?,?,?,?,?,?,?,?,?,?,?,?)
Hibernate: update torneo set canchas=?,cantidad_equipos=?,cierre_inscripciones=?,costo=?,estado=?,fecha_fin=?,fecha_inicio=?,horarios=?,nombre=?,reglamento=?,sanciones=? where id=?
Hibernate: select te1_0.id,te1_0.canchas,te1_0.cantidad_equipos,te1_0.cierre_inscripciones,te1_0.costo,te1_0.estado,te1_0.fecha_fin,te1_0.fecha_inicio,te1_0.horarios,te1_0.nombre,te1_0.reglamento,te1_0.sanciones from torneo te1_0 where te1_0.id=?
Hibernate: insert into torneo (canchas,cantidad_equipos,cierre_inscripciones,costo,estado,fecha_fin,fecha_inicio,horarios,nombre,reglamento,sanciones,id) values (?,?,?,?,?,?,?,?,?,?,?,?)
Hibernate: insert into torneo (canchas,cantidad_equipos,cierre_inscripciones,costo,estado,fecha_fin,fecha_inicio,horarios,nombre,reglamento,sanciones,id) values (?,?,?,?,?,?,?,?,?,?,?,?)
Hibernate: insert into torneo (canchas,cantidad_equipos,cierre_inscripciones,costo,estado,fecha_fin,fecha_inicio,horarios,nombre,reglamento,sanciones,id) values (?,?,?,?,?,?,?,?,?,?,?,?)
Hibernate: select te1_0.id,te1_0.canchas,te1_0.cantidad_equipos,te1_0.cierre_inscripciones,te1_0.costo,te1_0.estado,te1_0.fecha_fin,te1_0.fecha_inicio,te1_0.horarios,te1_0.nombre,te1_0.reglamento,te1_0.sanciones from torneo te1_0 where te1_0.estado=?
Hibernate: select te1_0.id,te1_0.canchas,te1_0.cantidad_equipos,te1_0.cierre_inscripciones,te1_0.costo,te1_0.estado,te1_0.fecha_fin,te1_0.fecha_inicio,te1_0.horarios,te1_0.nombre,te1_0.reglamento,te1_0.sanciones from torneo te1_0 where te1_0.estado=?
Hibernate: select te1_0.id,te1_0.canchas,te1_0.cantidad_equipos,te1_0.cierre_inscripciones,te1_0.costo,te1_0.estado,te1_0.fecha_fin,te1_0.fecha_inicio,te1_0.horarios,te1_0.nombre,te1_0.reglamento,te1_0.sanciones from torneo te1_0 where te1_0.id=?
Hibernate: select te1_0.id,te1_0.canchas,te1_0.cantidad_equipos,te1_0.cierre_inscripciones,te1_0.costo,te1_0.estado,te1_0.fecha_fin,te1_0.fecha_inicio,te1_0.horarios,te1_0.nombre,te1_0.reglamento,te1_0.sanciones from torneo te1_0 where te1_0.id=?
Hibernate: select te1_0.id,te1_0.canchas,te1_0.cantidad_equipos,te1_0.cierre_inscripciones,te1_0.costo,te1_0.estado,te1_0.fecha_fin,te1_0.fecha_inicio,te1_0.horarios,te1_0.nombre,te1_0.reglamento,te1_0.sanciones from torneo te1_0 where te1_0.id=?
Hibernate: insert into torneo (canchas,cantidad_equipos,cierre_inscripciones,costo,estado,fecha_fin,fecha_inicio,horarios,nombre,reglamento,sanciones,id) values (?,?,?,?,?,?,?,?,?,?,?,?)
Hibernate: select te1_0.id,te1_0.canchas,te1_0.cantidad_equipos,te1_0.cierre_inscripciones,te1_0.costo,te1_0.estado,te1_0.fecha_fin,te1_0.fecha_inicio,te1_0.horarios,te1_0.nombre,te1_0.reglamento,te1_0.sanciones from torneo te1_0 where te1_0.id=?
Hibernate: select te1_0.id,te1_0.canchas,te1_0.cantidad_equipos,te1_0.cierre_inscripciones,te1_0.costo,te1_0.estado,te1_0.fecha_fin,te1_0.fecha_inicio,te1_0.horarios,te1_0.nombre,te1_0.reglamento,te1_0.sanciones from torneo te1_0 where te1_0.id=?
Hibernate: insert into torneo (canchas,cantidad_equipos,cierre_inscripciones,costo,estado,fecha_fin,fecha_inicio,horarios,nombre,reglamento,sanciones,id) values (?,?,?,?,?,?,?,?,?,?,?,?)
Hibernate: select te1_0.id,te1_0.canchas,te1_0.cantidad_equipos,te1_0.cierre_inscripciones,te1_0.costo,te1_0.estado,te1_0.fecha_fin,te1_0.fecha_inicio,te1_0.horarios,te1_0.nombre,te1_0.reglamento,te1_0.sanciones from torneo te1_0 where te1_0.id=?
[INFO] Tests run: 8, Failures: 0, Errors: 0, Skipped: 0, Time elapsed: 0.061 s -- in edu.dosw.project.SFC_TechUp_Futbol.persistence.repository.TorneoRepositoryTest
[INFO] Running edu.dosw.project.SFC_TechUp_Futbol.security.RoleAuthorizationTest
2026-04-07T21:37:01.895-05:00  INFO 9164 --- [           main] t.c.s.AnnotationConfigContextLoaderUtils : Could not detect default configuration classes for test class [edu.dosw.project.SFC_TechUp_Futbol.security.RoleAuthorizationTest]: RoleAuthorizationTest does not declare any static, non-private, non-final, nested classes annotated with @Configuration.
2026-04-07T21:37:01.907-05:00  INFO 9164 --- [           main] .b.t.c.SpringBootTestContextBootstrapper : Found @SpringBootConfiguration edu.dosw.project.SFC_TechUp_Futbol.SFCTechCupFutbolApiApplication for test class edu.dosw.project.SFC_TechUp_Futbol.security.RoleAuthorizationTest
2026-04-07T21:37:01.916-05:00  INFO 9164 --- [           main] o.s.b.t.m.w.SpringBootMockServletContext : Initializing Spring TestDispatcherServlet ''
2026-04-07T21:37:01.916-05:00  INFO 9164 --- [           main] o.s.t.web.servlet.TestDispatcherServlet  : Initializing Servlet ''
2026-04-07T21:37:01.917-05:00  INFO 9164 --- [           main] o.s.t.web.servlet.TestDispatcherServlet  : Completed initialization in 1 ms
2026-04-07T21:37:01.939-05:00  INFO 9164 --- [           main] o.s.b.t.m.w.SpringBootMockServletContext : Initializing Spring TestDispatcherServlet ''
2026-04-07T21:37:01.941-05:00  INFO 9164 --- [           main] o.s.t.web.servlet.TestDispatcherServlet  : Initializing Servlet ''
2026-04-07T21:37:01.941-05:00  INFO 9164 --- [           main] o.s.t.web.servlet.TestDispatcherServlet  : Completed initialization in 0 ms
2026-04-07T21:37:01.950-05:00  INFO 9164 --- [           main] o.s.b.t.m.w.SpringBootMockServletContext : Initializing Spring TestDispatcherServlet ''
2026-04-07T21:37:01.950-05:00  INFO 9164 --- [           main] o.s.t.web.servlet.TestDispatcherServlet  : Initializing Servlet ''
2026-04-07T21:37:01.951-05:00  INFO 9164 --- [           main] o.s.t.web.servlet.TestDispatcherServlet  : Completed initialization in 1 ms
2026-04-07T21:37:01.963-05:00  INFO 9164 --- [           main] o.s.b.t.m.w.SpringBootMockServletContext : Initializing Spring TestDispatcherServlet ''
2026-04-07T21:37:01.963-05:00  INFO 9164 --- [           main] o.s.t.web.servlet.TestDispatcherServlet  : Initializing Servlet ''
2026-04-07T21:37:01.964-05:00  INFO 9164 --- [           main] o.s.t.web.servlet.TestDispatcherServlet  : Completed initialization in 1 ms
2026-04-07T21:37:01.973-05:00  INFO 9164 --- [           main] o.s.b.t.m.w.SpringBootMockServletContext : Initializing Spring TestDispatcherServlet ''
2026-04-07T21:37:01.973-05:00  INFO 9164 --- [           main] o.s.t.web.servlet.TestDispatcherServlet  : Initializing Servlet ''
2026-04-07T21:37:01.974-05:00  INFO 9164 --- [           main] o.s.t.web.servlet.TestDispatcherServlet  : Completed initialization in 1 ms
2026-04-07T21:37:01.984-05:00  INFO 9164 --- [           main] o.s.b.t.m.w.SpringBootMockServletContext : Initializing Spring TestDispatcherServlet ''
2026-04-07T21:37:01.984-05:00  INFO 9164 --- [           main] o.s.t.web.servlet.TestDispatcherServlet  : Initializing Servlet ''
2026-04-07T21:37:01.985-05:00  INFO 9164 --- [           main] o.s.t.web.servlet.TestDispatcherServlet  : Completed initialization in 1 ms
2026-04-07T21:37:01.992-05:00  INFO 9164 --- [           main] o.s.b.t.m.w.SpringBootMockServletContext : Initializing Spring TestDispatcherServlet ''
2026-04-07T21:37:01.992-05:00  INFO 9164 --- [           main] o.s.t.web.servlet.TestDispatcherServlet  : Initializing Servlet ''
2026-04-07T21:37:01.993-05:00  INFO 9164 --- [           main] o.s.t.web.servlet.TestDispatcherServlet  : Completed initialization in 0 ms
2026-04-07T21:37:02.005-05:00  INFO 9164 --- [           main] o.s.b.t.m.w.SpringBootMockServletContext : Initializing Spring TestDispatcherServlet ''
2026-04-07T21:37:02.005-05:00  INFO 9164 --- [           main] o.s.t.web.servlet.TestDispatcherServlet  : Initializing Servlet ''
2026-04-07T21:37:02.006-05:00  INFO 9164 --- [           main] o.s.t.web.servlet.TestDispatcherServlet  : Completed initialization in 1 ms
2026-04-07T21:37:02.015-05:00  INFO 9164 --- [           main] o.s.b.t.m.w.SpringBootMockServletContext : Initializing Spring TestDispatcherServlet ''
2026-04-07T21:37:02.015-05:00  INFO 9164 --- [           main] o.s.t.web.servlet.TestDispatcherServlet  : Initializing Servlet ''
2026-04-07T21:37:02.016-05:00  INFO 9164 --- [           main] o.s.t.web.servlet.TestDispatcherServlet  : Completed initialization in 1 ms
2026-04-07T21:37:02.021-05:00  INFO 9164 --- [           main] o.s.b.t.m.w.SpringBootMockServletContext : Initializing Spring TestDispatcherServlet ''
2026-04-07T21:37:02.021-05:00  INFO 9164 --- [           main] o.s.t.web.servlet.TestDispatcherServlet  : Initializing Servlet ''
2026-04-07T21:37:02.022-05:00  INFO 9164 --- [           main] o.s.t.web.servlet.TestDispatcherServlet  : Completed initialization in 1 ms
2026-04-07T21:37:02.030-05:00  INFO 9164 --- [           main] o.s.b.t.m.w.SpringBootMockServletContext : Initializing Spring TestDispatcherServlet ''
2026-04-07T21:37:02.030-05:00  INFO 9164 --- [           main] o.s.t.web.servlet.TestDispatcherServlet  : Initializing Servlet ''
2026-04-07T21:37:02.030-05:00  INFO 9164 --- [           main] o.s.t.web.servlet.TestDispatcherServlet  : Completed initialization in 0 ms
2026-04-07T21:37:02.039-05:00  INFO 9164 --- [           main] o.s.b.t.m.w.SpringBootMockServletContext : Initializing Spring TestDispatcherServlet ''
2026-04-07T21:37:02.039-05:00  INFO 9164 --- [           main] o.s.t.web.servlet.TestDispatcherServlet  : Initializing Servlet ''
2026-04-07T21:37:02.040-05:00  INFO 9164 --- [           main] o.s.t.web.servlet.TestDispatcherServlet  : Completed initialization in 1 ms
Hibernate: select oe1_0.id,oe1_1.email,oe1_1.name,oe1_1.password,oe1_1.user_type,oe1_0.torneo_id from organizador oe1_0 join usuario oe1_1 on oe1_0.id=oe1_1.id where oe1_1.email=?
Hibernate: select ae1_0.id,ae1_1.email,ae1_1.name,ae1_1.password,ae1_1.user_type from arbitro ae1_0 join usuario ae1_1 on ae1_0.id=ae1_1.id where ae1_1.email=?
Hibernate: select ce1_0.id,ce1_2.email,ce1_2.name,ce1_2.password,ce1_2.user_type,ce1_1.available,ce1_1.equipo_id,ce1_1.jersey_number,ce1_1.photo,ce1_1.position,ce1_0.team_id from capitan ce1_0 join jugador ce1_1 on ce1_0.id=ce1_1.id join usuario ce1_2 on ce1_0.id=ce1_2.id where ce1_2.email=?
Hibernate: select ure1_0.id,ure1_1.email,ure1_1.name,ure1_1.password,ure1_1.user_type from usuario_registrado ure1_0 join usuario ure1_1 on ure1_0.id=ure1_1.id where ure1_1.email=?
2026-04-07T21:37:02.056-05:00  INFO 9164 --- [           main] o.s.b.t.m.w.SpringBootMockServletContext : Initializing Spring TestDispatcherServlet ''
2026-04-07T21:37:02.056-05:00  INFO 9164 --- [           main] o.s.t.web.servlet.TestDispatcherServlet  : Initializing Servlet ''
2026-04-07T21:37:02.057-05:00  INFO 9164 --- [           main] o.s.t.web.servlet.TestDispatcherServlet  : Completed initialization in 1 ms
2026-04-07T21:37:02.061-05:00  INFO 9164 --- [           main] o.s.b.t.m.w.SpringBootMockServletContext : Initializing Spring TestDispatcherServlet ''
2026-04-07T21:37:02.061-05:00  INFO 9164 --- [           main] o.s.t.web.servlet.TestDispatcherServlet  : Initializing Servlet ''
2026-04-07T21:37:02.062-05:00  INFO 9164 --- [           main] o.s.t.web.servlet.TestDispatcherServlet  : Completed initialization in 1 ms
2026-04-07T21:37:02.071-05:00  INFO 9164 --- [           main] o.s.b.t.m.w.SpringBootMockServletContext : Initializing Spring TestDispatcherServlet ''
2026-04-07T21:37:02.071-05:00  INFO 9164 --- [           main] o.s.t.web.servlet.TestDispatcherServlet  : Initializing Servlet ''
2026-04-07T21:37:02.072-05:00  INFO 9164 --- [           main] o.s.t.web.servlet.TestDispatcherServlet  : Completed initialization in 1 ms
2026-04-07T21:37:02.081-05:00  INFO 9164 --- [           main] o.s.b.t.m.w.SpringBootMockServletContext : Initializing Spring TestDispatcherServlet ''
2026-04-07T21:37:02.081-05:00  INFO 9164 --- [           main] o.s.t.web.servlet.TestDispatcherServlet  : Initializing Servlet ''
2026-04-07T21:37:02.081-05:00  INFO 9164 --- [           main] o.s.t.web.servlet.TestDispatcherServlet  : Completed initialization in 0 ms
Hibernate: select ae1_0.id,ae1_1.email,ae1_1.name,ae1_1.password,ae1_1.user_type,ae1_0.activo from administrador ae1_0 join usuario ae1_1 on ae1_0.id=ae1_1.id where ae1_1.email=?
[INFO] Tests run: 16, Failures: 0, Errors: 0, Skipped: 0, Time elapsed: 0.195 s -- in edu.dosw.project.SFC_TechUp_Futbol.security.RoleAuthorizationTest
[INFO] Running edu.dosw.project.SFC_TechUp_Futbol.SFCTechCupFutbolApiApplicationMainTest
[INFO] Tests run: 1, Failures: 0, Errors: 0, Skipped: 0, Time elapsed: 0 s -- in edu.dosw.project.SFC_TechUp_Futbol.SFCTechCupFutbolApiApplicationMainTest
[INFO] Running edu.dosw.project.SFC_TechUp_Futbol.SFCTechCupFutbolApiApplicationTest
[WARNING] Tests run: 1, Failures: 0, Errors: 0, Skipped: 1, Time elapsed: 0 s -- in edu.dosw.project.SFC_TechUp_Futbol.SFCTechCupFutbolApiApplicationTest
[INFO] 
[INFO] Results:
[INFO] 
[WARNING] Tests run: 570, Failures: 0, Errors: 0, Skipped: 1
[INFO] 
[INFO] 
[INFO] --- jacoco:0.8.12:report (report) @ SFC_TechUp_Futbol ---
[INFO] Loading execution data file c:\OLA PROYECTO ENTERO\SFC_techcup-futbol\target\jacoco.exec
[INFO] Analyzed bundle 'SFC_TechUp_Futbol' with 110 classes
[INFO] ------------------------------------------------------------------------
[INFO] BUILD SUCCESS
[INFO] ------------------------------------------------------------------------
[INFO] Total time:  32.577 s
[INFO] Finished at: 2026-04-07T21:37:03-05:00
[INFO] ------------------------------------------------------------------------
